Archive member included to satisfy reference by file (symbol)

/usr/lib/gcc/arm-none-eabi/14.2.0/../../../../arm-none-eabi/lib/thumb/v7e-m+fp/hard/libc_nano.a(libc_a-atexit.o)
                              /usr/lib/gcc/arm-none-eabi/14.2.0/../../../../arm-none-eabi/lib/thumb/v7e-m+fp/hard/crt0.o (atexit)
/usr/lib/gcc/arm-none-eabi/14.2.0/../../../../arm-none-eabi/lib/thumb/v7e-m+fp/hard/libc_nano.a(libc_a-exit.o)
                              /usr/lib/gcc/arm-none-eabi/14.2.0/../../../../arm-none-eabi/lib/thumb/v7e-m+fp/hard/crt0.o (exit)
/usr/lib/gcc/arm-none-eabi/14.2.0/../../../../arm-none-eabi/lib/thumb/v7e-m+fp/hard/libc_nano.a(libc_a-findfp.o)
                              /usr/lib/gcc/arm-none-eabi/14.2.0/../../../../arm-none-eabi/lib/thumb/v7e-m+fp/hard/libc_nano.a(libc_a-exit.o) (__stdio_exit_handler)
/usr/lib/gcc/arm-none-eabi/14.2.0/../../../../arm-none-eabi/lib/thumb/v7e-m+fp/hard/libc_nano.a(libc_a-fwalk.o)
                              /usr/lib/gcc/arm-none-eabi/14.2.0/../../../../arm-none-eabi/lib/thumb/v7e-m+fp/hard/libc_nano.a(libc_a-findfp.o) (_fwalk_sglue)
/usr/lib/gcc/arm-none-eabi/14.2.0/../../../../arm-none-eabi/lib/thumb/v7e-m+fp/hard/libc_nano.a(libc_a-stdio.o)
                              /usr/lib/gcc/arm-none-eabi/14.2.0/../../../../arm-none-eabi/lib/thumb/v7e-m+fp/hard/libc_nano.a(libc_a-findfp.o) (__sread)
/usr/lib/gcc/arm-none-eabi/14.2.0/../../../../arm-none-eabi/lib/thumb/v7e-m+fp/hard/libc_nano.a(libc_a-memset.o)
                              /usr/lib/gcc/arm-none-eabi/14.2.0/../../../../arm-none-eabi/lib/thumb/v7e-m+fp/hard/crt0.o (memset)
/usr/lib/gcc/arm-none-eabi/14.2.0/../../../../arm-none-eabi/lib/thumb/v7e-m+fp/hard/libc_nano.a(libc_a-closer.o)
                              /usr/lib/gcc/arm-none-eabi/14.2.0/../../../../arm-none-eabi/lib/thumb/v7e-m+fp/hard/libc_nano.a(libc_a-stdio.o) (_close_r)
/usr/lib/gcc/arm-none-eabi/14.2.0/../../../../arm-none-eabi/lib/thumb/v7e-m+fp/hard/libc_nano.a(libc_a-reent.o)
                              /usr/lib/gcc/arm-none-eabi/14.2.0/../../../../arm-none-eabi/lib/thumb/v7e-m+fp/hard/libc_nano.a(libc_a-closer.o) (errno)
/usr/lib/gcc/arm-none-eabi/14.2.0/../../../../arm-none-eabi/lib/thumb/v7e-m+fp/hard/libc_nano.a(libc_a-impure.o)
                              /usr/lib/gcc/arm-none-eabi/14.2.0/../../../../arm-none-eabi/lib/thumb/v7e-m+fp/hard/libc_nano.a(libc_a-reent.o) (_impure_ptr)
/usr/lib/gcc/arm-none-eabi/14.2.0/../../../../arm-none-eabi/lib/thumb/v7e-m+fp/hard/libc_nano.a(libc_a-lseekr.o)
                              /usr/lib/gcc/arm-none-eabi/14.2.0/../../../../arm-none-eabi/lib/thumb/v7e-m+fp/hard/libc_nano.a(libc_a-stdio.o) (_lseek_r)
/usr/lib/gcc/arm-none-eabi/14.2.0/../../../../arm-none-eabi/lib/thumb/v7e-m+fp/hard/libc_nano.a(libc_a-readr.o)
                              /usr/lib/gcc/arm-none-eabi/14.2.0/../../../../arm-none-eabi/lib/thumb/v7e-m+fp/hard/libc_nano.a(libc_a-stdio.o) (_read_r)
/usr/lib/gcc/arm-none-eabi/14.2.0/../../../../arm-none-eabi/lib/thumb/v7e-m+fp/hard/libc_nano.a(libc_a-writer.o)
                              /usr/lib/gcc/arm-none-eabi/14.2.0/../../../../arm-none-eabi/lib/thumb/v7e-m+fp/hard/libc_nano.a(libc_a-stdio.o) (_write_r)
/usr/lib/gcc/arm-none-eabi/14.2.0/../../../../arm-none-eabi/lib/thumb/v7e-m+fp/hard/libc_nano.a(libc_a-init.o)
                              /usr/lib/gcc/arm-none-eabi/14.2.0/../../../../arm-none-eabi/lib/thumb/v7e-m+fp/hard/crt0.o (__libc_init_array)
/usr/lib/gcc/arm-none-eabi/14.2.0/../../../../arm-none-eabi/lib/thumb/v7e-m+fp/hard/libc_nano.a(libc_a-fini.o)
                              /usr/lib/gcc/arm-none-eabi/14.2.0/../../../../arm-none-eabi/lib/thumb/v7e-m+fp/hard/crt0.o (__libc_fini_array)
/usr/lib/gcc/arm-none-eabi/14.2.0/../../../../arm-none-eabi/lib/thumb/v7e-m+fp/hard/libc_nano.a(libc_a-lock.o)
                              /usr/lib/gcc/arm-none-eabi/14.2.0/../../../../arm-none-eabi/lib/thumb/v7e-m+fp/hard/libc_nano.a(libc_a-findfp.o) (__retarget_lock_init_recursive)
/usr/lib/gcc/arm-none-eabi/14.2.0/../../../../arm-none-eabi/lib/thumb/v7e-m+fp/hard/libc_nano.a(libc_a-__atexit.o)
                              /usr/lib/gcc/arm-none-eabi/14.2.0/../../../../arm-none-eabi/lib/thumb/v7e-m+fp/hard/libc_nano.a(libc_a-atexit.o) (__register_exitproc)
/usr/lib/gcc/arm-none-eabi/14.2.0/../../../../arm-none-eabi/lib/thumb/v7e-m+fp/hard/libc_nano.a(libc_a-__call_atexit.o)
                              /usr/lib/gcc/arm-none-eabi/14.2.0/../../../../arm-none-eabi/lib/thumb/v7e-m+fp/hard/libc_nano.a(libc_a-__atexit.o) (__call_exitprocs)
/usr/lib/gcc/arm-none-eabi/14.2.0/../../../../arm-none-eabi/lib/thumb/v7e-m+fp/hard/libc_nano.a(libc_a-freer.o)
                              /usr/lib/gcc/arm-none-eabi/14.2.0/../../../../arm-none-eabi/lib/thumb/v7e-m+fp/hard/libc_nano.a(libc_a-reent.o) (_free_r)
/usr/lib/gcc/arm-none-eabi/14.2.0/../../../../arm-none-eabi/lib/thumb/v7e-m+fp/hard/libc_nano.a(libc_a-mallocr.o)
[...]
Memory Configuration

Name             Origin             Length             Attributes
RAM              0x20000000         0x00020000         xrw
FLASH            0x08000000         0x00080000         xr
*default*        0x00000000         0xffffffff

Linker script and memory map

LOAD /usr/lib/gcc/arm-none-eabi/14.2.0/thumb/v7e-m+fp/hard/crti.o
LOAD /usr/lib/gcc/arm-none-eabi/14.2.0/thumb/v7e-m+fp/hard/crtbegin.o
LOAD /usr/lib/gcc/arm-none-eabi/14.2.0/../../../../arm-none-eabi/lib/thumb/v7e-m+fp/hard/crt0.o
START GROUP
LOAD /usr/lib/gcc/arm-none-eabi/14.2.0/../../../../arm-none-eabi/lib/thumb/v7e-m+fp/hard/libc_nano.a
LOAD /usr/lib/gcc/arm-none-eabi/14.2.0/../../../../arm-none-eabi/lib/thumb/v7e-m+fp/hard/libm.a
END GROUP
LOAD CMakeFiles/P2_BlackPill.dir/Core/Src/main.c.obj
LOAD CMakeFiles/P2_BlackPill.dir/Core/Src/main_init.c.obj
LOAD CMakeFiles/P2_BlackPill.dir/Core/Src/stm32f4xx_it.c.obj
LOAD CMakeFiles/P2_BlackPill.dir/Core/Src/stm32f4xx_hal_msp.c.obj
LOAD CMakeFiles/P2_BlackPill.dir/USB_DEVICE/App/usb_device.c.obj
LOAD CMakeFiles/P2_BlackPill.dir/USB_DEVICE/App/usbd_desc.c.obj
LOAD CMakeFiles/P2_BlackPill.dir/USB_DEVICE/App/usbd_cdc_if.c.obj
LOAD CMakeFiles/P2_BlackPill.dir/USB_DEVICE/Target/usbd_conf.c.obj
LOAD CMakeFiles/P2_BlackPill.dir/Drivers/STM32F4xx_HAL_Driver/Src/stm32f4xx_hal_pcd.c.obj
LOAD CMakeFiles/P2_BlackPill.dir/Drivers/STM32F4xx_HAL_Driver/Src/stm32f4xx_hal_pcd_ex.c.obj
LOAD CMakeFiles/P2_BlackPill.dir/Drivers/STM32F4xx_HAL_Driver/Src/stm32f4xx_ll_usb.c.obj
LOAD CMakeFiles/P2_BlackPill.dir/Drivers/STM32F4xx_HAL_Driver/Src/stm32f4xx_hal_rcc.c.obj
LOAD CMakeFiles/P2_BlackPill.dir/Drivers/STM32F4xx_HAL_Driver/Src/stm32f4xx_hal_rcc_ex.c.obj
LOAD CMakeFiles/P2_BlackPill.dir/Drivers/STM32F4xx_HAL_Driver/Src/stm32f4xx_hal_flash.c.obj
LOAD CMakeFiles/P2_BlackPill.dir/Drivers/STM32F4xx_HAL_Driver/Src/stm32f4xx_hal_flash_ex.c.obj
LOAD CMakeFiles/P2_BlackPill.dir/Drivers/STM32F4xx_HAL_Driver/Src/stm32f4xx_hal_flash_ramfunc.c.obj
LOAD CMakeFiles/P2_BlackPill.dir/Drivers/STM32F4xx_HAL_Driver/Src/stm32f4xx_hal_gpio.c.obj
LOAD CMakeFiles/P2_BlackPill.dir/Drivers/STM32F4xx_HAL_Driver/Src/stm32f4xx_hal_dma_ex.c.obj
LOAD CMakeFiles/P2_BlackPill.dir/Drivers/STM32F4xx_HAL_Driver/Src/stm32f4xx_hal_dma.c.obj
LOAD CMakeFiles/P2_BlackPill.dir/Drivers/STM32F4xx_HAL_Driver/Src/stm32f4xx_hal_pwr.c.obj
LOAD CMakeFiles/P2_BlackPill.dir/Drivers/STM32F4xx_HAL_Driver/Src/stm32f4xx_hal_pwr_ex.c.obj
LOAD CMakeFiles/P2_BlackPill.dir/Drivers/STM32F4xx_HAL_Driver/Src/stm32f4xx_hal_cortex.c.obj
LOAD CMakeFiles/P2_BlackPill.dir/Drivers/STM32F4xx_HAL_Driver/Src/stm32f4xx_hal.c.obj
LOAD CMakeFiles/P2_BlackPill.dir/Drivers/STM32F4xx_HAL_Driver/Src/stm32f4xx_hal_exti.c.obj
LOAD CMakeFiles/P2_BlackPill.dir/Drivers/STM32F4xx_HAL_Driver/Src/stm32f4xx_hal_tim.c.obj
LOAD CMakeFiles/P2_BlackPill.dir/Drivers/STM32F4xx_HAL_Driver/Src/stm32f4xx_hal_tim_ex.c.obj
LOAD CMakeFiles/P2_BlackPill.dir/Drivers/STM32F4xx_HAL_Driver/Src/stm32f4xx_hal_uart.c.obj
LOAD CMakeFiles/P2_BlackPill.dir/Core/Src/system_stm32f4xx.c.obj
LOAD CMakeFiles/P2_BlackPill.dir/Middlewares/ST/STM32_USB_Device_Library/Core/Src/usbd_core.c.obj
LOAD CMakeFiles/P2_BlackPill.dir/Middlewares/ST/STM32_USB_Device_Library/Core/Src/usbd_ctlreq.c.obj
LOAD CMakeFiles/P2_BlackPill.dir/Middlewares/ST/STM32_USB_Device_Library/Core/Src/usbd_ioreq.c.obj
LOAD CMakeFiles/P2_BlackPill.dir/Middlewares/ST/STM32_USB_Device_Library/Class/CDC/Src/usbd_cdc.c.obj
LOAD CMakeFiles/P2_BlackPill.dir/Core/Src/sysmem.c.obj
LOAD CMakeFiles/P2_BlackPill.dir/Core/Src/syscalls.c.obj
LOAD CMakeFiles/P2_BlackPill.dir/startup_stm32f411xe.s.obj
LOAD libFreeRTOS-Kernel.a
START GROUP
LOAD /usr/lib/gcc/arm-none-eabi/14.2.0/thumb/v7e-m+fp/hard/libgcc.a
LOAD /usr/lib/gcc/arm-none-eabi/14.2.0/../../../../arm-none-eabi/lib/thumb/v7e-m+fp/hard/libg_nano.a
LOAD /usr/lib/gcc/arm-none-eabi/14.2.0/../../../../arm-none-eabi/lib/thumb/v7e-m+fp/hard/libc_nano.a
END GROUP
START GROUP
LOAD /usr/lib/gcc/arm-none-eabi/14.2.0/thumb/v7e-m+fp/hard/libgcc.a
LOAD /usr/lib/gcc/arm-none-eabi/14.2.0/../../../../arm-none-eabi/lib/thumb/v7e-m+fp/hard/libc_nano.a
END GROUP
LOAD /usr/lib/gcc/arm-none-eabi/14.2.0/thumb/v7e-m+fp/hard/crtend.o
LOAD /usr/lib/gcc/arm-none-eabi/14.2.0/thumb/v7e-m+fp/hard/crtn.o
                0x20020000                        _estack = (ORIGIN (RAM) + LENGTH (RAM))
                0x00000200                        _Min_Heap_Size = 0x200
                0x00000400                        _Min_Stack_Size = 0x400

.isr_vector     0x08000000      0x198
                0x08000000                        . = ALIGN (0x4)
 *(.isr_vector)
 .isr_vector    0x08000000      0x198 CMakeFiles/P2_BlackPill.dir/startup_stm32f411xe.s.obj
                0x08000000                g_pfnVectors
                0x08000198                        . = ALIGN (0x4)

.text           0x080001a0     0x8564
                0x080001a0                        . = ALIGN (0x4)
 *(.text)
 .text          0x080001a0       0x30 /usr/lib/gcc/arm-none-eabi/14.2.0/thumb/v7e-m+fp/hard/libgcc.a(_aeabi_uldivmod.o)
                0x080001a0                __aeabi_uldivmod
 .text          0x080001d0        0x4 /usr/lib/gcc/arm-none-eabi/14.2.0/thumb/v7e-m+fp/hard/libgcc.a(_dvmd_tls.o)
                0x080001d0                __aeabi_ldiv0
                0x080001d0                __aeabi_idiv0
 *fill*         0x080001d4        0xc 
 .text          0x080001e0       0xa0 /usr/lib/gcc/arm-none-eabi/14.2.0/../../../../arm-none-eabi/lib/thumb/v7e-m+fp/hard/libg_nano.a(libc_a-memchr.o)
                0x080001e0                memchr
 *(.text*)
 .text.__do_global_dtors_aux
                0x08000280       0x24 /usr/lib/gcc/arm-none-eabi/14.2.0/thumb/v7e-m+fp/hard/crtbegin.o
 .text.frame_dummy
                0x080002a4       0x1c /usr/lib/gcc/arm-none-eabi/14.2.0/thumb/v7e-m+fp/hard/crtbegin.o
 .text.std      0x080002c0       0x6c /usr/lib/gcc/arm-none-eabi/14.2.0/../../../../arm-none-eabi/lib/thumb/v7e-m+fp/hard/libc_nano.a(libc_a-findfp.o)
 .text.stdio_exit_handler
                0x0800032c       0x18 /usr/lib/gcc/arm-none-eabi/14.2.0/../../../../arm-none-eabi/lib/thumb/v7e-m+fp/hard/libc_nano.a(libc_a-findfp.o)
 .text.cleanup_stdio
                0x08000344       0x40 /usr/lib/gcc/arm-none-eabi/14.2.0/../../../../arm-none-eabi/lib/thumb/v7e-m+fp/hard/libc_nano.a(libc_a-findfp.o)
 .text.global_stdio_init.part.0
                0x08000384       0x40 /usr/lib/gcc/arm-none-eabi/14.2.0/../../../../arm-none-eabi/lib/thumb/v7e-m+fp/hard/libc_nano.a(libc_a-findfp.o)
 .text.__sfp_lock_acquire
                0x080003c4        0xc /usr/lib/gcc/arm-none-eabi/14.2.0/../../../../arm-none-eabi/lib/thumb/v7e-m+fp/hard/libc_nano.a(libc_a-findfp.o)
                0x080003c4                __sfp_lock_acquire
 .text.__sfp_lock_release
                0x080003d0        0xc /usr/lib/gcc/arm-none-eabi/14.2.0/../../../../arm-none-eabi/lib/thumb/v7e-m+fp/hard/libc_nano.a(libc_a-findfp.o)
                0x080003d0                __sfp_lock_release
 .text.__sinit  0x080003dc       0x30 /usr/lib/gcc/arm-none-eabi/14.2.0/../../../../arm-none-eabi/lib/thumb/v7e-m+fp/hard/libc_nano.a(libc_a-findfp.o)
                0x080003dc                __sinit
 .text._fwalk_sglue
                0x0800040c       0x3c /usr/lib/gcc/arm-none-eabi/14.2.0/../../../../arm-none-eabi/lib/thumb/v7e-m+fp/hard/libc_nano.a(libc_a-fwalk.o)
                0x0800040c                _fwalk_sglue
 .text.__sread  0x08000448       0x22 /usr/lib/gcc/arm-none-eabi/14.2.0/../../../../arm-none-eabi/lib/thumb/v7e-m+fp/hard/libc_nano.a(libc_a-stdio.o)
                0x08000448                __sread
 .text.__swrite
                0x0800046a       0x38 /usr/lib/gcc/arm-none-eabi/14.2.0/../../../../arm-none-eabi/lib/thumb/v7e-m+fp/hard/libc_nano.a(libc_a-stdio.o)
                0x0800046a                __swrite
 .text.__sseek  0x080004a2       0x26 /usr/lib/gcc/arm-none-eabi/14.2.0/../../../../arm-none-eabi/lib/thumb/v7e-m+fp/hard/libc_nano.a(libc_a-stdio.o)
                0x080004a2                __sseek
 .text.__sclose
                0x080004c8        0x8 /usr/lib/gcc/arm-none-eabi/14.2.0/../../../../arm-none-eabi/lib/thumb/v7e-m+fp/hard/libc_nano.a(libc_a-stdio.o)
                0x080004c8                __sclose
 .text.memset   0x080004d0       0x10 /usr/lib/gcc/arm-none-eabi/14.2.0/../../../../arm-none-eabi/lib/thumb/v7e-m+fp/hard/libc_nano.a(libc_a-memset.o)
                0x080004d0                memset
 .text._close_r
                0x080004e0       0x20 /usr/lib/gcc/arm-none-eabi/14.2.0/../../../../arm-none-eabi/lib/thumb/v7e-m+fp/hard/libc_nano.a(libc_a-closer.o)
                0x080004e0                _close_r
 .text._lseek_r
                0x08000500       0x24 /usr/lib/gcc/arm-none-eabi/14.2.0/../../../../arm-none-eabi/lib/thumb/v7e-m+fp/hard/libc_nano.a(libc_a-lseekr.o)
                0x08000500                _lseek_r
 .text._read_r  0x08000524       0x24 /usr/lib/gcc/arm-none-eabi/14.2.0/../../../../arm-none-eabi/lib/thumb/v7e-m+fp/hard/libc_nano.a(libc_a-readr.o)
                0x08000524                _read_r
 .text._write_r
                0x08000548       0x24 /usr/lib/gcc/arm-none-eabi/14.2.0/../../../../arm-none-eabi/lib/thumb/v7e-m+fp/hard/libc_nano.a(libc_a-writer.o)
                0x08000548                _write_r
 .text.__libc_init_array
                0x0800056c       0x48 /usr/lib/gcc/arm-none-eabi/14.2.0/../../../../arm-none-eabi/lib/thumb/v7e-m+fp/hard/libc_nano.a(libc_a-init.o)
                0x0800056c                __libc_init_array
 .text.__retarget_lock_init_recursive
                0x080005b4        0x2 /usr/lib/gcc/arm-none-eabi/14.2.0/../../../../arm-none-eabi/lib/thumb/v7e-m+fp/hard/libc_nano.a(libc_a-lock.o)
                0x080005b4                __retarget_lock_init_recursive
 .text.__retarget_lock_acquire_recursive
                0x080005b6        0x2 /usr/lib/gcc/arm-none-eabi/14.2.0/../../../../arm-none-eabi/lib/thumb/v7e-m+fp/hard/libc_nano.a(libc_a-lock.o)
                0x080005b6                __retarget_lock_acquire_recursive
 .text.__retarget_lock_release_recursive
                0x080005b8        0x2 /usr/lib/gcc/arm-none-eabi/14.2.0/../../../../arm-none-eabi/lib/thumb/v7e-m+fp/hard/libc_nano.a(libc_a-lock.o)
                0x080005b8                __retarget_lock_release_recursive
 *fill*         0x080005ba        0x2 
 .text._free_r  0x080005bc       0x94 /usr/lib/gcc/arm-none-eabi/14.2.0/../../../../arm-none-eabi/lib/thumb/v7e-m+fp/hard/libc_nano.a(libc_a-freer.o)
                0x080005bc                _free_r
 .text.sbrk_aligned
                0x08000650       0x44 /usr/lib/gcc/arm-none-eabi/14.2.0/../../../../arm-none-eabi/lib/thumb/v7e-m+fp/hard/libc_nano.a(libc_a-mallocr.o)
 .text._malloc_r
                0x08000694      0x100 /usr/lib/gcc/arm-none-eabi/14.2.0/../../../../arm-none-eabi/lib/thumb/v7e-m+fp/hard/libc_nano.a(libc_a-mallocr.o)
                0x08000694                _malloc_r
 .text.__malloc_lock
                0x08000794        0xc /usr/lib/gcc/arm-none-eabi/14.2.0/../../../../arm-none-eabi/lib/thumb/v7e-m+fp/hard/libc_nano.a(libc_a-mlock.o)
                0x08000794                __malloc_lock
 .text.__malloc_unlock
                0x080007a0        0xc /usr/lib/gcc/arm-none-eabi/14.2.0/../../../../arm-none-eabi/lib/thumb/v7e-m+fp/hard/libc_nano.a(libc_a-mlock.o)
                0x080007a0                __malloc_unlock
 .text.__sflush_r
                0x080007ac      0x104 /usr/lib/gcc/arm-none-eabi/14.2.0/../../../../arm-none-eabi/lib/thumb/v7e-m+fp/hard/libc_nano.a(libc_a-fflush.o)
                0x080007ac                __sflush_r
 .text._fflush_r
                0x080008b0       0x50 /usr/lib/gcc/arm-none-eabi/14.2.0/../../../../arm-none-eabi/lib/thumb/v7e-m+fp/hard/libc_nano.a(libc_a-fflush.o)
                0x080008b0                _fflush_r
 .text._sbrk_r  0x08000900       0x20 /usr/lib/gcc/arm-none-eabi/14.2.0/../../../../arm-none-eabi/lib/thumb/v7e-m+fp/hard/libc_nano.a(libc_a-sbrkr.o)
                0x08000900                _sbrk_r
 .text.main     0x08000920       0x50 CMakeFiles/P2_BlackPill.dir/Core/Src/main.c.obj
                0x08000920                main
 .text.DisplayTask
                0x08000970       0xa8 CMakeFiles/P2_BlackPill.dir/Core/Src/main.c.obj
                0x08000970                DisplayTask
 .text.KeyboardTask
                0x08000a18      0x250 CMakeFiles/P2_BlackPill.dir/Core/Src/main.c.obj
                0x08000a18                KeyboardTask
 .text.checkPassword
                0x08000c68       0xe8 CMakeFiles/P2_BlackPill.dir/Core/Src/main.c.obj
                0x08000c68                checkPassword
 .text.updateDigits
                0x08000d50       0xa4 CMakeFiles/P2_BlackPill.dir/Core/Src/main.c.obj
                0x08000d50                updateDigits
 .text.displayText
                0x08000df4       0x94 CMakeFiles/P2_BlackPill.dir/Core/Src/main.c.obj
                0x08000df4                displayText
 .text.displayDigit
                0x08000e88      0x128 CMakeFiles/P2_BlackPill.dir/Core/Src/main.c.obj
                0x08000e88                displayDigit
 .text.System_Init
                0x08000fb0       0x14 CMakeFiles/P2_BlackPill.dir/Core/Src/main_init.c.obj
                0x08000fb0                System_Init
 .text.Clock_Init
                0x08000fc4       0x88 CMakeFiles/P2_BlackPill.dir/Core/Src/main_init.c.obj
                0x08000fc4                Clock_Init
 .text.GPIO_Init
                0x0800104c      0x160 CMakeFiles/P2_BlackPill.dir/Core/Src/main_init.c.obj
                0x0800104c                GPIO_Init
 .text.Error_Handler
                0x080011ac       0x1c CMakeFiles/P2_BlackPill.dir/Core/Src/main_init.c.obj
                0x080011ac                Error_Handler
 .text.NMI_Handler
                0x080011c8        0x8 CMakeFiles/P2_BlackPill.dir/Core/Src/stm32f4xx_it.c.obj
                0x080011c8                NMI_Handler
 .text.HardFault_Handler
                0x080011d0        0x8 CMakeFiles/P2_BlackPill.dir/Core/Src/stm32f4xx_it.c.obj
                0x080011d0                HardFault_Handler
 .text.MemManage_Handler
                0x080011d8        0x8 CMakeFiles/P2_BlackPill.dir/Core/Src/stm32f4xx_it.c.obj
                0x080011d8                MemManage_Handler
 .text.BusFault_Handler
                0x080011e0        0x8 CMakeFiles/P2_BlackPill.dir/Core/Src/stm32f4xx_it.c.obj
                0x080011e0                BusFault_Handler
 .text.UsageFault_Handler
                0x080011e8        0x8 CMakeFiles/P2_BlackPill.dir/Core/Src/stm32f4xx_it.c.obj
                0x080011e8                UsageFault_Handler
 .text.DebugMon_Handler
                0x080011f0        0xe CMakeFiles/P2_BlackPill.dir/Core/Src/stm32f4xx_it.c.obj
                0x080011f0                DebugMon_Handler
 *fill*         0x080011fe        0x2 
 .text.OTG_FS_IRQHandler
                0x08001200       0x14 CMakeFiles/P2_BlackPill.dir/Core/Src/stm32f4xx_it.c.obj
                0x08001200                OTG_FS_IRQHandler
 .text.HAL_MspInit
                0x08001214       0x50 CMakeFiles/P2_BlackPill.dir/Core/Src/stm32f4xx_hal_msp.c.obj
                0x08001214                HAL_MspInit
 .text.HAL_PCD_SetupStageCallback
                0x08001264       0x24 CMakeFiles/P2_BlackPill.dir/USB_DEVICE/Target/usbd_conf.c.obj
                0x08001264                HAL_PCD_SetupStageCallback
 .text.HAL_PCD_DataOutStageCallback
                0x08001288       0x36 CMakeFiles/P2_BlackPill.dir/USB_DEVICE/Target/usbd_conf.c.obj
                0x08001288                HAL_PCD_DataOutStageCallback
 .text.HAL_PCD_DataInStageCallback
                0x080012be       0x34 CMakeFiles/P2_BlackPill.dir/USB_DEVICE/Target/usbd_conf.c.obj
                0x080012be                HAL_PCD_DataInStageCallback
 .text.HAL_PCD_SOFCallback
                0x080012f2       0x1c CMakeFiles/P2_BlackPill.dir/USB_DEVICE/Target/usbd_conf.c.obj
                0x080012f2                HAL_PCD_SOFCallback
 .text.HAL_PCD_ResetCallback
                0x0800130e       0x3c CMakeFiles/P2_BlackPill.dir/USB_DEVICE/Target/usbd_conf.c.obj
                0x0800130e                HAL_PCD_ResetCallback
 *fill*         0x0800134a        0x2 
 .text.HAL_PCD_SuspendCallback
                0x0800134c       0x4c CMakeFiles/P2_BlackPill.dir/USB_DEVICE/Target/usbd_conf.c.obj
                0x0800134c                HAL_PCD_SuspendCallback
 .text.HAL_PCD_ResumeCallback
                0x08001398       0x1c CMakeFiles/P2_BlackPill.dir/USB_DEVICE/Target/usbd_conf.c.obj
                0x08001398                HAL_PCD_ResumeCallback
 .text.HAL_PCD_ISOOUTIncompleteCallback
                0x080013b4       0x24 CMakeFiles/P2_BlackPill.dir/USB_DEVICE/Target/usbd_conf.c.obj
                0x080013b4                HAL_PCD_ISOOUTIncompleteCallback
 .text.HAL_PCD_ISOINIncompleteCallback
                0x080013d8       0x24 CMakeFiles/P2_BlackPill.dir/USB_DEVICE/Target/usbd_conf.c.obj
                0x080013d8                HAL_PCD_ISOINIncompleteCallback
 .text.HAL_PCD_ConnectCallback
                0x080013fc       0x1c CMakeFiles/P2_BlackPill.dir/USB_DEVICE/Target/usbd_conf.c.obj
                0x080013fc                HAL_PCD_ConnectCallback
 .text.HAL_PCD_DisconnectCallback
                0x08001418       0x1c CMakeFiles/P2_BlackPill.dir/USB_DEVICE/Target/usbd_conf.c.obj
                0x08001418                HAL_PCD_DisconnectCallback
 .text.USBD_LL_OpenEP
                0x08001434       0x4c CMakeFiles/P2_BlackPill.dir/USB_DEVICE/Target/usbd_conf.c.obj
                0x08001434                USBD_LL_OpenEP
 .text.USBD_LL_StallEP
                0x08001480       0x3e CMakeFiles/P2_BlackPill.dir/USB_DEVICE/Target/usbd_conf.c.obj
                0x08001480                USBD_LL_StallEP
 .text.USBD_LL_ClearStallEP
                0x080014be       0x3e CMakeFiles/P2_BlackPill.dir/USB_DEVICE/Target/usbd_conf.c.obj
                0x080014be                USBD_LL_ClearStallEP
 .text.USBD_LL_IsStallEP
                0x080014fc       0x58 CMakeFiles/P2_BlackPill.dir/USB_DEVICE/Target/usbd_conf.c.obj
                0x080014fc                USBD_LL_IsStallEP
 .text.USBD_LL_SetUSBAddress
                0x08001554       0x3e CMakeFiles/P2_BlackPill.dir/USB_DEVICE/Target/usbd_conf.c.obj
                0x08001554                USBD_LL_SetUSBAddress
 .text.USBD_LL_Transmit
                0x08001592       0x42 CMakeFiles/P2_BlackPill.dir/USB_DEVICE/Target/usbd_conf.c.obj
                0x08001592                USBD_LL_Transmit
 .text.USBD_LL_PrepareReceive
                0x080015d4       0x42 CMakeFiles/P2_BlackPill.dir/USB_DEVICE/Target/usbd_conf.c.obj
                0x080015d4                USBD_LL_PrepareReceive
 *fill*         0x08001616        0x2 
 .text.USBD_Get_USB_Status
                0x08001618       0x58 CMakeFiles/P2_BlackPill.dir/USB_DEVICE/Target/usbd_conf.c.obj
                0x08001618                USBD_Get_USB_Status
 .text.HAL_PCD_IRQHandler
                0x08001670      0x942 CMakeFiles/P2_BlackPill.dir/Drivers/STM32F4xx_HAL_Driver/Src/stm32f4xx_hal_pcd.c.obj
                0x08001670                HAL_PCD_IRQHandler
 .text.HAL_PCD_SetAddress
                0x08001fb2       0x48 CMakeFiles/P2_BlackPill.dir/Drivers/STM32F4xx_HAL_Driver/Src/stm32f4xx_hal_pcd.c.obj
                0x08001fb2                HAL_PCD_SetAddress
 .text.HAL_PCD_EP_Open
                0x08001ffa       0xd4 CMakeFiles/P2_BlackPill.dir/Drivers/STM32F4xx_HAL_Driver/Src/stm32f4xx_hal_pcd.c.obj
                0x08001ffa                HAL_PCD_EP_Open
 .text.HAL_PCD_EP_Receive
                0x080020ce       0x76 CMakeFiles/P2_BlackPill.dir/Drivers/STM32F4xx_HAL_Driver/Src/stm32f4xx_hal_pcd.c.obj
                0x080020ce                HAL_PCD_EP_Receive
 .text.HAL_PCD_EP_Transmit
                0x08002144       0x74 CMakeFiles/P2_BlackPill.dir/Drivers/STM32F4xx_HAL_Driver/Src/stm32f4xx_hal_pcd.c.obj
                0x08002144                HAL_PCD_EP_Transmit
 .text.HAL_PCD_EP_SetStall
                0x080021b8       0xc6 CMakeFiles/P2_BlackPill.dir/Drivers/STM32F4xx_HAL_Driver/Src/stm32f4xx_hal_pcd.c.obj
                0x080021b8                HAL_PCD_EP_SetStall
 .text.HAL_PCD_EP_ClrStall
                0x0800227e       0xac CMakeFiles/P2_BlackPill.dir/Drivers/STM32F4xx_HAL_Driver/Src/stm32f4xx_hal_pcd.c.obj
                0x0800227e                HAL_PCD_EP_ClrStall
 .text.HAL_PCD_EP_Abort
                0x0800232a       0x62 CMakeFiles/P2_BlackPill.dir/Drivers/STM32F4xx_HAL_Driver/Src/stm32f4xx_hal_pcd.c.obj
                0x0800232a                HAL_PCD_EP_Abort
 .text.PCD_WriteEmptyTxFifo
                0x0800238c      0x118 CMakeFiles/P2_BlackPill.dir/Drivers/STM32F4xx_HAL_Driver/Src/stm32f4xx_hal_pcd.c.obj
 .text.PCD_EP_OutXfrComplete_int
                0x080024a4      0x1d0 CMakeFiles/P2_BlackPill.dir/Drivers/STM32F4xx_HAL_Driver/Src/stm32f4xx_hal_pcd.c.obj
 .text.PCD_EP_OutSetupPacket_int
                0x08002674       0x8c CMakeFiles/P2_BlackPill.dir/Drivers/STM32F4xx_HAL_Driver/Src/stm32f4xx_hal_pcd.c.obj
 .text.HAL_PCDEx_LPM_Callback
                0x08002700       0x18 CMakeFiles/P2_BlackPill.dir/Drivers/STM32F4xx_HAL_Driver/Src/stm32f4xx_hal_pcd_ex.c.obj
                0x08002700                HAL_PCDEx_LPM_Callback
 .text.USB_SetTurnaroundTime
                0x08002718      0x144 CMakeFiles/P2_BlackPill.dir/Drivers/STM32F4xx_HAL_Driver/Src/stm32f4xx_ll_usb.c.obj
                0x08002718                USB_SetTurnaroundTime
 .text.USB_FlushTxFifo
                0x0800285c       0x64 CMakeFiles/P2_BlackPill.dir/Drivers/STM32F4xx_HAL_Driver/Src/stm32f4xx_ll_usb.c.obj
                0x0800285c                USB_FlushTxFifo
 .text.USB_GetDevSpeed
                0x080028c0       0x4a CMakeFiles/P2_BlackPill.dir/Drivers/STM32F4xx_HAL_Driver/Src/stm32f4xx_ll_usb.c.obj
                0x080028c0                USB_GetDevSpeed
 .text.USB_ActivateEndpoint
                0x0800290a      0x10e CMakeFiles/P2_BlackPill.dir/Drivers/STM32F4xx_HAL_Driver/Src/stm32f4xx_ll_usb.c.obj
                0x0800290a                USB_ActivateEndpoint
 .text.USB_EPStartXfer
                0x08002a18      0x53c CMakeFiles/P2_BlackPill.dir/Drivers/STM32F4xx_HAL_Driver/Src/stm32f4xx_ll_usb.c.obj
                0x08002a18                USB_EPStartXfer
 .text.USB_EPStopXfer
                0x08002f54      0x154 CMakeFiles/P2_BlackPill.dir/Drivers/STM32F4xx_HAL_Driver/Src/stm32f4xx_ll_usb.c.obj
                0x08002f54                USB_EPStopXfer
 .text.USB_WritePacket
                0x080030a8       0x7c CMakeFiles/P2_BlackPill.dir/Drivers/STM32F4xx_HAL_Driver/Src/stm32f4xx_ll_usb.c.obj
                0x080030a8                USB_WritePacket
 .text.USB_ReadPacket
                0x08003124       0xb0 CMakeFiles/P2_BlackPill.dir/Drivers/STM32F4xx_HAL_Driver/Src/stm32f4xx_ll_usb.c.obj
                0x08003124                USB_ReadPacket
 .text.USB_EPSetStall
                0x080031d4       0xdc CMakeFiles/P2_BlackPill.dir/Drivers/STM32F4xx_HAL_Driver/Src/stm32f4xx_ll_usb.c.obj
                0x080031d4                USB_EPSetStall
 .text.USB_EPClearStall
                0x080032b0       0xcc CMakeFiles/P2_BlackPill.dir/Drivers/STM32F4xx_HAL_Driver/Src/stm32f4xx_ll_usb.c.obj
                0x080032b0                USB_EPClearStall
 .text.USB_SetDevAddress
                0x0800337c       0x4c CMakeFiles/P2_BlackPill.dir/Drivers/STM32F4xx_HAL_Driver/Src/stm32f4xx_ll_usb.c.obj
                0x0800337c                USB_SetDevAddress
 .text.USB_ReadInterrupts
                0x080033c8       0x26 CMakeFiles/P2_BlackPill.dir/Drivers/STM32F4xx_HAL_Driver/Src/stm32f4xx_ll_usb.c.obj
                0x080033c8                USB_ReadInterrupts
 .text.USB_ReadDevAllOutEpInterrupt
                0x080033ee       0x34 CMakeFiles/P2_BlackPill.dir/Drivers/STM32F4xx_HAL_Driver/Src/stm32f4xx_ll_usb.c.obj
                0x080033ee                USB_ReadDevAllOutEpInterrupt
 .text.USB_ReadDevAllInEpInterrupt
                0x08003422       0x34 CMakeFiles/P2_BlackPill.dir/Drivers/STM32F4xx_HAL_Driver/Src/stm32f4xx_ll_usb.c.obj
                0x08003422                USB_ReadDevAllInEpInterrupt
 .text.USB_ReadDevOutEPInterrupt
                0x08003456       0x3c CMakeFiles/P2_BlackPill.dir/Drivers/STM32F4xx_HAL_Driver/Src/stm32f4xx_ll_usb.c.obj
                0x08003456                USB_ReadDevOutEPInterrupt
 .text.USB_ReadDevInEPInterrupt
                0x08003492       0x5c CMakeFiles/P2_BlackPill.dir/Drivers/STM32F4xx_HAL_Driver/Src/stm32f4xx_ll_usb.c.obj
                0x08003492                USB_ReadDevInEPInterrupt
 .text.USB_GetMode
                0x080034ee       0x1c CMakeFiles/P2_BlackPill.dir/Drivers/STM32F4xx_HAL_Driver/Src/stm32f4xx_ll_usb.c.obj
                0x080034ee                USB_GetMode
 .text.USB_ActivateSetup
                0x0800350a       0x46 CMakeFiles/P2_BlackPill.dir/Drivers/STM32F4xx_HAL_Driver/Src/stm32f4xx_ll_usb.c.obj
                0x0800350a                USB_ActivateSetup
 .text.USB_EP0_OutStart
                0x08003550       0xbc CMakeFiles/P2_BlackPill.dir/Drivers/STM32F4xx_HAL_Driver/Src/stm32f4xx_ll_usb.c.obj
                0x08003550                USB_EP0_OutStart
 .text.HAL_RCC_OscConfig
                0x0800360c      0x4f0 CMakeFiles/P2_BlackPill.dir/Drivers/STM32F4xx_HAL_Driver/Src/stm32f4xx_hal_rcc.c.obj
                0x0800360c                HAL_RCC_OscConfig
 .text.HAL_RCC_ClockConfig
                0x08003afc      0x1cc CMakeFiles/P2_BlackPill.dir/Drivers/STM32F4xx_HAL_Driver/Src/stm32f4xx_hal_rcc.c.obj
                0x08003afc                HAL_RCC_ClockConfig
 .text.HAL_RCC_GetSysClockFreq
                0x08003cc8      0x20c CMakeFiles/P2_BlackPill.dir/Drivers/STM32F4xx_HAL_Driver/Src/stm32f4xx_hal_rcc.c.obj
                0x08003cc8                HAL_RCC_GetSysClockFreq
 .text.HAL_RCC_GetHCLKFreq
                0x08003ed4       0x18 CMakeFiles/P2_BlackPill.dir/Drivers/STM32F4xx_HAL_Driver/Src/stm32f4xx_hal_rcc.c.obj
                0x08003ed4                HAL_RCC_GetHCLKFreq
 .text.HAL_GPIO_Init
                0x08003eec      0x308 CMakeFiles/P2_BlackPill.dir/Drivers/STM32F4xx_HAL_Driver/Src/stm32f4xx_hal_gpio.c.obj
                0x08003eec                HAL_GPIO_Init
 .text.HAL_GPIO_ReadPin
                0x080041f4       0x30 CMakeFiles/P2_BlackPill.dir/Drivers/STM32F4xx_HAL_Driver/Src/stm32f4xx_hal_gpio.c.obj
                0x080041f4                HAL_GPIO_ReadPin
 .text.HAL_GPIO_WritePin
                0x08004224       0x32 CMakeFiles/P2_BlackPill.dir/Drivers/STM32F4xx_HAL_Driver/Src/stm32f4xx_hal_gpio.c.obj
                0x08004224                HAL_GPIO_WritePin
 .text.HAL_GPIO_TogglePin
                0x08004256       0x34 CMakeFiles/P2_BlackPill.dir/Drivers/STM32F4xx_HAL_Driver/Src/stm32f4xx_hal_gpio.c.obj
                0x08004256                HAL_GPIO_TogglePin
 *fill*         0x0800428a        0x2 
 .text.__NVIC_SetPriorityGrouping
                0x0800428c       0x48 CMakeFiles/P2_BlackPill.dir/Drivers/STM32F4xx_HAL_Driver/Src/stm32f4xx_hal_cortex.c.obj
 .text.__NVIC_GetPriorityGrouping
                0x080042d4       0x1c CMakeFiles/P2_BlackPill.dir/Drivers/STM32F4xx_HAL_Driver/Src/stm32f4xx_hal_cortex.c.obj
 .text.__NVIC_SetPriority
                0x080042f0       0x54 CMakeFiles/P2_BlackPill.dir/Drivers/STM32F4xx_HAL_Driver/Src/stm32f4xx_hal_cortex.c.obj
 .text.NVIC_EncodePriority
                0x08004344       0x66 CMakeFiles/P2_BlackPill.dir/Drivers/STM32F4xx_HAL_Driver/Src/stm32f4xx_hal_cortex.c.obj
 *fill*         0x080043aa        0x2 
 .text.SysTick_Config
                0x080043ac       0x44 CMakeFiles/P2_BlackPill.dir/Drivers/STM32F4xx_HAL_Driver/Src/stm32f4xx_hal_cortex.c.obj
 .text.HAL_NVIC_SetPriorityGrouping
                0x080043f0       0x16 CMakeFiles/P2_BlackPill.dir/Drivers/STM32F4xx_HAL_Driver/Src/stm32f4xx_hal_cortex.c.obj
                0x080043f0                HAL_NVIC_SetPriorityGrouping
 .text.HAL_NVIC_SetPriority
                0x08004406       0x38 CMakeFiles/P2_BlackPill.dir/Drivers/STM32F4xx_HAL_Driver/Src/stm32f4xx_hal_cortex.c.obj
                0x08004406                HAL_NVIC_SetPriority
 .text.HAL_SYSTICK_Config
                0x0800443e       0x18 CMakeFiles/P2_BlackPill.dir/Drivers/STM32F4xx_HAL_Driver/Src/stm32f4xx_hal_cortex.c.obj
                0x0800443e                HAL_SYSTICK_Config
 *fill*         0x08004456        0x2 
 .text.HAL_Init
                0x08004458       0x44 CMakeFiles/P2_BlackPill.dir/Drivers/STM32F4xx_HAL_Driver/Src/stm32f4xx_hal.c.obj
                0x08004458                HAL_Init
 .text.HAL_InitTick
                0x0800449c       0x60 CMakeFiles/P2_BlackPill.dir/Drivers/STM32F4xx_HAL_Driver/Src/stm32f4xx_hal.c.obj
                0x0800449c                HAL_InitTick
 .text.HAL_GetTick
                0x080044fc       0x18 CMakeFiles/P2_BlackPill.dir/Drivers/STM32F4xx_HAL_Driver/Src/stm32f4xx_hal.c.obj
                0x080044fc                HAL_GetTick
 .text.HAL_Delay
                0x08004514       0x48 CMakeFiles/P2_BlackPill.dir/Drivers/STM32F4xx_HAL_Driver/Src/stm32f4xx_hal.c.obj
                0x08004514                HAL_Delay
 .text.SystemInit
                0x0800455c       0x24 CMakeFiles/P2_BlackPill.dir/Core/Src/system_stm32f4xx.c.obj
                0x0800455c                SystemInit
 .text.USBD_RunTestMode
                0x08004580       0x16 CMakeFiles/P2_BlackPill.dir/Middlewares/ST/STM32_USB_Device_Library/Core/Src/usbd_core.c.obj
                0x08004580                USBD_RunTestMode
 .text.USBD_SetClassConfig
                0x08004596       0x38 CMakeFiles/P2_BlackPill.dir/Middlewares/ST/STM32_USB_Device_Library/Core/Src/usbd_core.c.obj
                0x08004596                USBD_SetClassConfig
 .text.USBD_ClrClassConfig
                0x080045ce       0x34 CMakeFiles/P2_BlackPill.dir/Middlewares/ST/STM32_USB_Device_Library/Core/Src/usbd_core.c.obj
                0x080045ce                USBD_ClrClassConfig
 .text.USBD_LL_SetupStage
                0x08004602       0xaa CMakeFiles/P2_BlackPill.dir/Middlewares/ST/STM32_USB_Device_Library/Core/Src/usbd_core.c.obj
                0x08004602                USBD_LL_SetupStage
 .text.USBD_LL_DataOutStage
                0x080046ac      0x166 CMakeFiles/P2_BlackPill.dir/Middlewares/ST/STM32_USB_Device_Library/Core/Src/usbd_core.c.obj
                0x080046ac                USBD_LL_DataOutStage
 .text.USBD_LL_DataInStage
                0x08004812      0x164 CMakeFiles/P2_BlackPill.dir/Middlewares/ST/STM32_USB_Device_Library/Core/Src/usbd_core.c.obj
                0x08004812                USBD_LL_DataInStage
 .text.USBD_LL_Reset
                0x08004976       0xa4 CMakeFiles/P2_BlackPill.dir/Middlewares/ST/STM32_USB_Device_Library/Core/Src/usbd_core.c.obj
                0x08004976                USBD_LL_Reset
 .text.USBD_LL_SetSpeed
                0x08004a1a       0x20 CMakeFiles/P2_BlackPill.dir/Middlewares/ST/STM32_USB_Device_Library/Core/Src/usbd_core.c.obj
                0x08004a1a                USBD_LL_SetSpeed
 .text.USBD_LL_Suspend
                0x08004a3a       0x38 CMakeFiles/P2_BlackPill.dir/Middlewares/ST/STM32_USB_Device_Library/Core/Src/usbd_core.c.obj
                0x08004a3a                USBD_LL_Suspend
 .text.USBD_LL_Resume
                0x08004a72       0x30 CMakeFiles/P2_BlackPill.dir/Middlewares/ST/STM32_USB_Device_Library/Core/Src/usbd_core.c.obj
                0x08004a72                USBD_LL_Resume
 .text.USBD_LL_SOF
                0x08004aa2       0x40 CMakeFiles/P2_BlackPill.dir/Middlewares/ST/STM32_USB_Device_Library/Core/Src/usbd_core.c.obj
                0x08004aa2                USBD_LL_SOF
 .text.USBD_LL_IsoINIncomplete
                0x08004ae2       0x64 CMakeFiles/P2_BlackPill.dir/Middlewares/ST/STM32_USB_Device_Library/Core/Src/usbd_core.c.obj
                0x08004ae2                USBD_LL_IsoINIncomplete
 .text.USBD_LL_IsoOUTIncomplete
                0x08004b46       0x64 CMakeFiles/P2_BlackPill.dir/Middlewares/ST/STM32_USB_Device_Library/Core/Src/usbd_core.c.obj
                0x08004b46                USBD_LL_IsoOUTIncomplete
 .text.USBD_LL_DevConnected
                0x08004baa       0x16 CMakeFiles/P2_BlackPill.dir/Middlewares/ST/STM32_USB_Device_Library/Core/Src/usbd_core.c.obj
                0x08004baa                USBD_LL_DevConnected
 .text.USBD_LL_DevDisconnected
                0x08004bc0       0x46 CMakeFiles/P2_BlackPill.dir/Middlewares/ST/STM32_USB_Device_Library/Core/Src/usbd_core.c.obj
                0x08004bc0                USBD_LL_DevDisconnected
 .text.USBD_CoreFindIF
                0x08004c06       0x1a CMakeFiles/P2_BlackPill.dir/Middlewares/ST/STM32_USB_Device_Library/Core/Src/usbd_core.c.obj
                0x08004c06                USBD_CoreFindIF
 .text.USBD_CoreFindEP
                0x08004c20       0x1a CMakeFiles/P2_BlackPill.dir/Middlewares/ST/STM32_USB_Device_Library/Core/Src/usbd_core.c.obj
                0x08004c20                USBD_CoreFindEP
 .text.SWAPBYTE
                0x08004c3a       0x3e CMakeFiles/P2_BlackPill.dir/Middlewares/ST/STM32_USB_Device_Library/Core/Src/usbd_ctlreq.c.obj
 .text.USBD_StdDevReq
                0x08004c78       0xe4 CMakeFiles/P2_BlackPill.dir/Middlewares/ST/STM32_USB_Device_Library/Core/Src/usbd_ctlreq.c.obj
                0x08004c78                USBD_StdDevReq
 .text.USBD_StdItfReq
                0x08004d5c       0xd8 CMakeFiles/P2_BlackPill.dir/Middlewares/ST/STM32_USB_Device_Library/Core/Src/usbd_ctlreq.c.obj
                0x08004d5c                USBD_StdItfReq
 .text.USBD_StdEPReq
                0x08004e34      0x33a CMakeFiles/P2_BlackPill.dir/Middlewares/ST/STM32_USB_Device_Library/Core/Src/usbd_ctlreq.c.obj
                0x08004e34                USBD_StdEPReq
 *fill*         0x0800516e        0x2 
 .text.USBD_GetDescriptor
                0x08005170      0x2d4 CMakeFiles/P2_BlackPill.dir/Middlewares/ST/STM32_USB_Device_Library/Core/Src/usbd_ctlreq.c.obj
 .text.USBD_SetAddress
                0x08005444       0x88 CMakeFiles/P2_BlackPill.dir/Middlewares/ST/STM32_USB_Device_Library/Core/Src/usbd_ctlreq.c.obj
 .text.USBD_SetConfig
                0x080054cc      0x154 CMakeFiles/P2_BlackPill.dir/Middlewares/ST/STM32_USB_Device_Library/Core/Src/usbd_ctlreq.c.obj
 .text.USBD_GetConfig
                0x08005620       0x6c CMakeFiles/P2_BlackPill.dir/Middlewares/ST/STM32_USB_Device_Library/Core/Src/usbd_ctlreq.c.obj
 .text.USBD_GetStatus
                0x0800568c       0x68 CMakeFiles/P2_BlackPill.dir/Middlewares/ST/STM32_USB_Device_Library/Core/Src/usbd_ctlreq.c.obj
 .text.USBD_SetFeature
                0x080056f4       0x52 CMakeFiles/P2_BlackPill.dir/Middlewares/ST/STM32_USB_Device_Library/Core/Src/usbd_ctlreq.c.obj
 .text.USBD_ClrFeature
                0x08005746       0x44 CMakeFiles/P2_BlackPill.dir/Middlewares/ST/STM32_USB_Device_Library/Core/Src/usbd_ctlreq.c.obj
 .text.USBD_ParseSetupRequest
                0x0800578a       0x74 CMakeFiles/P2_BlackPill.dir/Middlewares/ST/STM32_USB_Device_Library/Core/Src/usbd_ctlreq.c.obj
                0x0800578a                USBD_ParseSetupRequest
 .text.USBD_CtlError
                0x080057fe       0x22 CMakeFiles/P2_BlackPill.dir/Middlewares/ST/STM32_USB_Device_Library/Core/Src/usbd_ctlreq.c.obj
                0x080057fe                USBD_CtlError
 .text.USBD_CtlSendData
                0x08005820       0x36 CMakeFiles/P2_BlackPill.dir/Middlewares/ST/STM32_USB_Device_Library/Core/Src/usbd_ioreq.c.obj
                0x08005820                USBD_CtlSendData
 .text.USBD_CtlContinueSendData
                0x08005856       0x22 CMakeFiles/P2_BlackPill.dir/Middlewares/ST/STM32_USB_Device_Library/Core/Src/usbd_ioreq.c.obj
                0x08005856                USBD_CtlContinueSendData
 .text.USBD_CtlContinueRx
                0x08005878       0x22 CMakeFiles/P2_BlackPill.dir/Middlewares/ST/STM32_USB_Device_Library/Core/Src/usbd_ioreq.c.obj
                0x08005878                USBD_CtlContinueRx
 .text.USBD_CtlSendStatus
                0x0800589a       0x26 CMakeFiles/P2_BlackPill.dir/Middlewares/ST/STM32_USB_Device_Library/Core/Src/usbd_ioreq.c.obj
                0x0800589a                USBD_CtlSendStatus
 .text.USBD_CtlReceiveStatus
                0x080058c0       0x26 CMakeFiles/P2_BlackPill.dir/Middlewares/ST/STM32_USB_Device_Library/Core/Src/usbd_ioreq.c.obj
                0x080058c0                USBD_CtlReceiveStatus
 *fill*         0x080058e6        0x2 
 .text._sbrk    0x080058e8       0x6c CMakeFiles/P2_BlackPill.dir/Core/Src/sysmem.c.obj
                0x080058e8                _sbrk
 .text._read    0x08005954       0x3a CMakeFiles/P2_BlackPill.dir/Core/Src/syscalls.c.obj
                0x08005954                _read
 .text._write   0x0800598e       0x38 CMakeFiles/P2_BlackPill.dir/Core/Src/syscalls.c.obj
                0x0800598e                _write
 .text._close   0x080059c6       0x18 CMakeFiles/P2_BlackPill.dir/Core/Src/syscalls.c.obj
                0x080059c6                _close
 .text._fstat   0x080059de       0x20 CMakeFiles/P2_BlackPill.dir/Core/Src/syscalls.c.obj
                0x080059de                _fstat
 .text._isatty  0x080059fe       0x16 CMakeFiles/P2_BlackPill.dir/Core/Src/syscalls.c.obj
                0x080059fe                _isatty
 .text._lseek   0x08005a14       0x1a CMakeFiles/P2_BlackPill.dir/Core/Src/syscalls.c.obj
                0x08005a14                _lseek
 *fill*         0x08005a2e        0x2 
 .text.Reset_Handler
                0x08005a30       0x50 CMakeFiles/P2_BlackPill.dir/startup_stm32f411xe.s.obj
                0x08005a30                Reset_Handler
 .text.Default_Handler
                0x08005a80        0x2 CMakeFiles/P2_BlackPill.dir/startup_stm32f411xe.s.obj
                0x08005a80                RTC_Alarm_IRQHandler
                0x08005a80                EXTI2_IRQHandler
                0x08005a80                SPI4_IRQHandler
                0x08005a80                TIM1_CC_IRQHandler
                0x08005a80                DMA2_Stream5_IRQHandler
                0x08005a80                DMA1_Stream5_IRQHandler
                0x08005a80                PVD_IRQHandler
                0x08005a80                SDIO_IRQHandler
                0x08005a80                TAMP_STAMP_IRQHandler
                0x08005a80                EXTI3_IRQHandler
                0x08005a80                TIM1_UP_TIM10_IRQHandler
                0x08005a80                I2C3_ER_IRQHandler
                0x08005a80                EXTI0_IRQHandler
                0x08005a80                I2C2_EV_IRQHandler
                0x08005a80                DMA1_Stream2_IRQHandler
                0x08005a80                FPU_IRQHandler
                0x08005a80                DMA2_Stream2_IRQHandler
                0x08005a80                SPI1_IRQHandler
                0x08005a80                TIM1_BRK_TIM9_IRQHandler
                0x08005a80                DMA2_Stream3_IRQHandler
                0x08005a80                USART6_IRQHandler
                0x08005a80                DMA2_Stream0_IRQHandler
                0x08005a80                TIM4_IRQHandler
                0x08005a80                I2C1_EV_IRQHandler
                0x08005a80                DMA1_Stream6_IRQHandler
                0x08005a80                DMA1_Stream1_IRQHandler
                0x08005a80                TIM3_IRQHandler
                0x08005a80                RCC_IRQHandler
                0x08005a80                Default_Handler
                0x08005a80                EXTI15_10_IRQHandler
                0x08005a80                ADC_IRQHandler
                0x08005a80                DMA1_Stream7_IRQHandler
                0x08005a80                SPI5_IRQHandler
                0x08005a80                TIM5_IRQHandler
                0x08005a80                DMA2_Stream7_IRQHandler
                0x08005a80                I2C3_EV_IRQHandler
                0x08005a80                EXTI9_5_IRQHandler
                0x08005a80                RTC_WKUP_IRQHandler
                0x08005a80                SPI2_IRQHandler
                0x08005a80                DMA1_Stream0_IRQHandler
                0x08005a80                EXTI4_IRQHandler
                0x08005a80                WWDG_IRQHandler
                0x08005a80                TIM2_IRQHandler
                0x08005a80                OTG_FS_WKUP_IRQHandler
                0x08005a80                TIM1_TRG_COM_TIM11_IRQHandler
                0x08005a80                EXTI1_IRQHandler
                0x08005a80                USART2_IRQHandler
                0x08005a80                I2C2_ER_IRQHandler
                0x08005a80                DMA2_Stream1_IRQHandler
                0x08005a80                FLASH_IRQHandler
                0x08005a80                DMA2_Stream4_IRQHandler
                0x08005a80                USART1_IRQHandler
                0x08005a80                SPI3_IRQHandler
                0x08005a80                DMA1_Stream4_IRQHandler
                0x08005a80                I2C1_ER_IRQHandler
                0x08005a80                DMA2_Stream6_IRQHandler
                0x08005a80                DMA1_Stream3_IRQHandler
 .text.prvCreateStaticTask
                0x08005a82       0x62 libFreeRTOS-Kernel.a(tasks.c.obj)
 .text.xTaskCreateStatic
                0x08005ae4       0x48 libFreeRTOS-Kernel.a(tasks.c.obj)
                0x08005ae4                xTaskCreateStatic
 .text.prvCreateTask
                0x08005b2c       0x80 libFreeRTOS-Kernel.a(tasks.c.obj)
 .text.xTaskCreate
                0x08005bac       0x46 libFreeRTOS-Kernel.a(tasks.c.obj)
                0x08005bac                xTaskCreate
 .text.prvInitialiseNewTask
                0x08005bf2       0xe6 libFreeRTOS-Kernel.a(tasks.c.obj)
 .text.prvAddNewTaskToReadyList
                0x08005cd8      0x134 libFreeRTOS-Kernel.a(tasks.c.obj)
 .text.vTaskDelay
                0x08005e0c       0x48 libFreeRTOS-Kernel.a(tasks.c.obj)
                0x08005e0c                vTaskDelay
 .text.prvCreateIdleTasks
                0x08005e54       0xec libFreeRTOS-Kernel.a(tasks.c.obj)
 .text.vTaskStartScheduler
                0x08005f40       0x68 libFreeRTOS-Kernel.a(tasks.c.obj)
                0x08005f40                vTaskStartScheduler
 .text.vTaskSuspendAll
                0x08005fa8       0x1c libFreeRTOS-Kernel.a(tasks.c.obj)
                0x08005fa8                vTaskSuspendAll
 .text.xTaskResumeAll
                0x08005fc4      0x1f4 libFreeRTOS-Kernel.a(tasks.c.obj)
                0x08005fc4                xTaskResumeAll
 .text.xTaskGetTickCount
                0x080061b8       0x20 libFreeRTOS-Kernel.a(tasks.c.obj)
                0x080061b8                xTaskGetTickCount
 .text.xTaskIncrementTick
                0x080061d8      0x1f8 libFreeRTOS-Kernel.a(tasks.c.obj)
                0x080061d8                xTaskIncrementTick
 .text.vTaskSwitchContext
                0x080063d0       0xfc libFreeRTOS-Kernel.a(tasks.c.obj)
                0x080063d0                vTaskSwitchContext
 .text.vTaskPlaceOnEventList
                0x080064cc       0x2c libFreeRTOS-Kernel.a(tasks.c.obj)
                0x080064cc                vTaskPlaceOnEventList
 .text.vTaskPlaceOnEventListRestricted
                0x080064f8       0x70 libFreeRTOS-Kernel.a(tasks.c.obj)
                0x080064f8                vTaskPlaceOnEventListRestricted
 .text.xTaskRemoveFromEventList
                0x08006568      0x198 libFreeRTOS-Kernel.a(tasks.c.obj)
                0x08006568                xTaskRemoveFromEventList
 .text.vTaskInternalSetTimeOutState
                0x08006700       0x2c libFreeRTOS-Kernel.a(tasks.c.obj)
                0x08006700                vTaskInternalSetTimeOutState
 .text.xTaskCheckForTimeOut
                0x0800672c       0x94 libFreeRTOS-Kernel.a(tasks.c.obj)
                0x0800672c                xTaskCheckForTimeOut
 .text.vTaskMissedYield
                0x080067c0       0x18 libFreeRTOS-Kernel.a(tasks.c.obj)
                0x080067c0                vTaskMissedYield
 .text.prvIdleTask
                0x080067d8       0x30 libFreeRTOS-Kernel.a(tasks.c.obj)
 .text.prvInitialiseTaskLists
                0x08006808       0x74 libFreeRTOS-Kernel.a(tasks.c.obj)
 .text.prvCheckTasksWaitingTermination
                0x0800687c        0xe libFreeRTOS-Kernel.a(tasks.c.obj)
 *fill*         0x0800688a        0x2 
 .text.prvResetNextTaskUnblockTime
                0x0800688c       0x38 libFreeRTOS-Kernel.a(tasks.c.obj)
 .text.prvAddCurrentTaskToDelayedList
                0x080068c4       0xe0 libFreeRTOS-Kernel.a(tasks.c.obj)
 .text.vListInitialise
                0x080069a4       0x40 libFreeRTOS-Kernel.a(list.c.obj)
                0x080069a4                vListInitialise
 .text.vListInitialiseItem
                0x080069e4       0x1a libFreeRTOS-Kernel.a(list.c.obj)
                0x080069e4                vListInitialiseItem
 .text.vListInsert
                0x080069fe       0x72 libFreeRTOS-Kernel.a(list.c.obj)
                0x080069fe                vListInsert
 .text.uxListRemove
                0x08006a70       0x54 libFreeRTOS-Kernel.a(list.c.obj)
                0x08006a70                uxListRemove
 .text.xTimerCreateTimerTask
                0x08006ac4       0x74 libFreeRTOS-Kernel.a(timers.c.obj)
                0x08006ac4                xTimerCreateTimerTask
 .text.prvReloadTimer
                0x08006b38       0x42 libFreeRTOS-Kernel.a(timers.c.obj)
 *fill*         0x08006b7a        0x2 
 .text.prvProcessExpiredTimer
                0x08006b7c       0x60 libFreeRTOS-Kernel.a(timers.c.obj)
 .text.prvTimerTask
                0x08006bdc       0x26 libFreeRTOS-Kernel.a(timers.c.obj)
 *fill*         0x08006c02        0x2 
 .text.prvProcessTimerOrBlockTask
                0x08006c04       0x9c libFreeRTOS-Kernel.a(timers.c.obj)
 .text.prvGetNextExpireTime
                0x08006ca0       0x48 libFreeRTOS-Kernel.a(timers.c.obj)
 .text.prvSampleTimeNow
                0x08006ce8       0x40 libFreeRTOS-Kernel.a(timers.c.obj)
 .text.prvInsertTimerInActiveList
                0x08006d28       0x84 libFreeRTOS-Kernel.a(timers.c.obj)
 .text.prvProcessReceivedCommands
                0x08006dac      0x170 libFreeRTOS-Kernel.a(timers.c.obj)
 .text.prvSwitchTimerLists
                0x08006f1c       0x4c libFreeRTOS-Kernel.a(timers.c.obj)
 .text.prvCheckForValidListAndQueue
                0x08006f68       0x80 libFreeRTOS-Kernel.a(timers.c.obj)
 .text.pvPortMalloc
                0x08006fe8      0x164 libFreeRTOS-Kernel.a(heap_4.c.obj)
                0x08006fe8                pvPortMalloc
 .text.vPortFree
                0x0800714c       0x74 libFreeRTOS-Kernel.a(heap_4.c.obj)
                0x0800714c                vPortFree
 .text.prvHeapInit
                0x080071c0       0xb4 libFreeRTOS-Kernel.a(heap_4.c.obj)
 .text.prvInsertBlockIntoFreeList
                0x08007274       0xb4 libFreeRTOS-Kernel.a(heap_4.c.obj)
 .text.pxPortInitialiseStack
                0x08007328       0x68 libFreeRTOS-Kernel.a(port.c.obj)
                0x08007328                pxPortInitialiseStack
 .text.prvTaskExitError
                0x08007390       0x34 libFreeRTOS-Kernel.a(port.c.obj)
 .text.SVC_Handler
                0x080073c4       0x24 libFreeRTOS-Kernel.a(port.c.obj)
                0x080073c4                SVC_Handler
 .text.prvPortStartFirstTask
                0x080073e8       0x2c libFreeRTOS-Kernel.a(port.c.obj)
 .text.xPortStartScheduler
                0x08007414       0x60 libFreeRTOS-Kernel.a(port.c.obj)
                0x08007414                xPortStartScheduler
 .text.vPortEnterCritical
                0x08007474       0x34 libFreeRTOS-Kernel.a(port.c.obj)
                0x08007474                vPortEnterCritical
 .text.vPortExitCritical
                0x080074a8       0x34 libFreeRTOS-Kernel.a(port.c.obj)
                0x080074a8                vPortExitCritical
 .text.PendSV_Handler
                0x080074dc       0x64 libFreeRTOS-Kernel.a(port.c.obj)
                0x080074dc                PendSV_Handler
 .text.SysTick_Handler
                0x08007540       0x44 libFreeRTOS-Kernel.a(port.c.obj)
                0x08007540                SysTick_Handler
 .text.vPortSetupTimerInterrupt
                0x08007584       0x48 libFreeRTOS-Kernel.a(port.c.obj)
                0x08007584                vPortSetupTimerInterrupt
 .text.vPortEnableVFP
                0x080075cc       0x18 libFreeRTOS-Kernel.a(port.c.obj)
 .text.vApplicationGetIdleTaskMemory
                0x080075e4       0x34 libFreeRTOS-Kernel.a(IdleMemory.c.obj)
                0x080075e4                vApplicationGetIdleTaskMemory
 .text.vApplicationGetTimerTaskMemory
                0x08007618       0x34 libFreeRTOS-Kernel.a(IdleMemory.c.obj)
                0x08007618                vApplicationGetTimerTaskMemory
 .text.vApplicationStackOverflowHook
                0x0800764c       0x40 libFreeRTOS-Kernel.a(IdleMemory.c.obj)
                0x0800764c                vApplicationStackOverflowHook
 .text.xQueueGenericReset
                0x0800768c       0xe8 libFreeRTOS-Kernel.a(queue.c.obj)
                0x0800768c                xQueueGenericReset
 .text.xQueueGenericCreateStatic
                0x08007774       0x60 libFreeRTOS-Kernel.a(queue.c.obj)
                0x08007774                xQueueGenericCreateStatic
 .text.prvInitialiseNewQueue
                0x080077d4       0x46 libFreeRTOS-Kernel.a(queue.c.obj)
 *fill*         0x0800781a        0x2 
 .text.xQueueReceive
                0x0800781c      0x144 libFreeRTOS-Kernel.a(queue.c.obj)
                0x0800781c                xQueueReceive
 .text.prvCopyDataFromQueue
                0x08007960       0x4c libFreeRTOS-Kernel.a(queue.c.obj)
 .text.prvUnlockQueue
                0x080079ac       0xa4 libFreeRTOS-Kernel.a(queue.c.obj)
 .text.prvIsQueueEmpty
                0x08007a50       0x2c libFreeRTOS-Kernel.a(queue.c.obj)
 .text.vQueueAddToRegistry
                0x08007a7c       0x80 libFreeRTOS-Kernel.a(queue.c.obj)
                0x08007a7c                vQueueAddToRegistry
 .text.vQueueWaitForMessageRestricted
                0x08007afc       0x68 libFreeRTOS-Kernel.a(queue.c.obj)
                0x08007afc                vQueueWaitForMessageRestricted
 .text.__udivmoddi4
                0x08007b64      0x2bc /usr/lib/gcc/arm-none-eabi/14.2.0/thumb/v7e-m+fp/hard/libgcc.a(_udivmoddi4.o)
                0x08007b64                __udivmoddi4
 .text.printf   0x08007e20       0x24 /usr/lib/gcc/arm-none-eabi/14.2.0/../../../../arm-none-eabi/lib/thumb/v7e-m+fp/hard/libg_nano.a(libc_a-printf.o)
                0x08007e20                printf
                0x08007e20                iprintf
 .text._puts_r  0x08007e44       0xaa /usr/lib/gcc/arm-none-eabi/14.2.0/../../../../arm-none-eabi/lib/thumb/v7e-m+fp/hard/libg_nano.a(libc_a-puts.o)
                0x08007e44                _puts_r
 *fill*         0x08007eee        0x2 
 .text.puts     0x08007ef0       0x10 /usr/lib/gcc/arm-none-eabi/14.2.0/../../../../arm-none-eabi/lib/thumb/v7e-m+fp/hard/libg_nano.a(libc_a-puts.o)
                0x08007ef0                puts
 .text.__swbuf_r
                0x08007f00       0x7c /usr/lib/gcc/arm-none-eabi/14.2.0/../../../../arm-none-eabi/lib/thumb/v7e-m+fp/hard/libg_nano.a(libc_a-wbuf.o)
                0x08007f00                __swbuf_r
 .text.__swsetup_r
                0x08007f7c       0xa8 /usr/lib/gcc/arm-none-eabi/14.2.0/../../../../arm-none-eabi/lib/thumb/v7e-m+fp/hard/libg_nano.a(libc_a-wsetup.o)
                0x08007f7c                __swsetup_r
 .text.__errno  0x08008024        0xc /usr/lib/gcc/arm-none-eabi/14.2.0/../../../../arm-none-eabi/lib/thumb/v7e-m+fp/hard/libg_nano.a(libc_a-errno.o)
                0x08008024                __errno
 .text.memcpy   0x08008030       0x1c /usr/lib/gcc/arm-none-eabi/14.2.0/../../../../arm-none-eabi/lib/thumb/v7e-m+fp/hard/libg_nano.a(libc_a-memcpy-stub.o)
                0x08008030                memcpy
 .text.__sfputc_r
                0x0800804c       0x2e /usr/lib/gcc/arm-none-eabi/14.2.0/../../../../arm-none-eabi/lib/thumb/v7e-m+fp/hard/libg_nano.a(libc_a-nano-vfprintf.o)
 .text.__sfputs_r
                0x0800807a       0x24 /usr/lib/gcc/arm-none-eabi/14.2.0/../../../../arm-none-eabi/lib/thumb/v7e-m+fp/hard/libg_nano.a(libc_a-nano-vfprintf.o)
                0x0800807a                __sfputs_r
 *fill*         0x0800809e        0x2 
 .text._vfprintf_r
                0x080080a0      0x230 /usr/lib/gcc/arm-none-eabi/14.2.0/../../../../arm-none-eabi/lib/thumb/v7e-m+fp/hard/libg_nano.a(libc_a-nano-vfprintf.o)
                0x080080a0                _vfiprintf_r
                0x080080a0                _vfprintf_r
 .text._printf_common
                0x080082d0       0xda /usr/lib/gcc/arm-none-eabi/14.2.0/../../../../arm-none-eabi/lib/thumb/v7e-m+fp/hard/libg_nano.a(libc_a-nano-vfprintf_i.o)
                0x080082d0                _printf_common
 *fill*         0x080083aa        0x2 
 .text._printf_i
                0x080083ac      0x240 /usr/lib/gcc/arm-none-eabi/14.2.0/../../../../arm-none-eabi/lib/thumb/v7e-m+fp/hard/libg_nano.a(libc_a-nano-vfprintf_i.o)
                0x080083ac                _printf_i
 .text.__swhatbuf_r
                0x080085ec       0x48 /usr/lib/gcc/arm-none-eabi/14.2.0/../../../../arm-none-eabi/lib/thumb/v7e-m+fp/hard/libg_nano.a(libc_a-makebuf.o)
                0x080085ec                __swhatbuf_r
 .text.__smakebuf_r
                0x08008634       0x72 /usr/lib/gcc/arm-none-eabi/14.2.0/../../../../arm-none-eabi/lib/thumb/v7e-m+fp/hard/libg_nano.a(libc_a-makebuf.o)
                0x08008634                __smakebuf_r
 *fill*         0x080086a6        0x2 
 .text._fstat_r
                0x080086a8       0x24 /usr/lib/gcc/arm-none-eabi/14.2.0/../../../../arm-none-eabi/lib/thumb/v7e-m+fp/hard/libg_nano.a(libc_a-fstatr.o)
                0x080086a8                _fstat_r
 .text._isatty_r
                0x080086cc       0x20 /usr/lib/gcc/arm-none-eabi/14.2.0/../../../../arm-none-eabi/lib/thumb/v7e-m+fp/hard/libg_nano.a(libc_a-isattyr.o)
                0x080086cc                _isatty_r
 *(.glue_7)
 .glue_7        0x080086ec        0x0 linker stubs
 *(.glue_7t)
 .glue_7t       0x080086ec        0x0 linker stubs
 *(.eh_frame)
 .eh_frame      0x080086ec        0x0 /usr/lib/gcc/arm-none-eabi/14.2.0/thumb/v7e-m+fp/hard/crtbegin.o
 *(.init)
 .init          0x080086ec        0x4 /usr/lib/gcc/arm-none-eabi/14.2.0/thumb/v7e-m+fp/hard/crti.o
                0x080086ec                _init
 .init          0x080086f0        0x8 /usr/lib/gcc/arm-none-eabi/14.2.0/thumb/v7e-m+fp/hard/crtn.o
 *(.fini)
 .fini          0x080086f8        0x4 /usr/lib/gcc/arm-none-eabi/14.2.0/thumb/v7e-m+fp/hard/crti.o
                0x080086f8                _fini
 .fini          0x080086fc        0x8 /usr/lib/gcc/arm-none-eabi/14.2.0/thumb/v7e-m+fp/hard/crtn.o
                0x08008704                        . = ALIGN (0x4)
                0x08008704                        _etext = .

.vfp11_veneer   0x08008704        0x0
 .vfp11_veneer  0x08008704        0x0 linker stubs

.v4_bx          0x08008704        0x0
 .v4_bx         0x08008704        0x0 linker stubs

.iplt           0x08008704        0x0
 .iplt          0x08008704        0x0 /usr/lib/gcc/arm-none-eabi/14.2.0/thumb/v7e-m+fp/hard/crtbegin.o

.rodata         0x08008704      0x12c
                0x08008704                        . = ALIGN (0x4)
 *(.rodata)
 .rodata        0x08008704       0x29 CMakeFiles/P2_BlackPill.dir/Core/Src/main.c.obj
 *fill*         0x0800872d        0x3 
 .rodata        0x08008730        0x5 libFreeRTOS-Kernel.a(tasks.c.obj)
 *fill*         0x08008735        0x3 
 .rodata        0x08008738        0xd libFreeRTOS-Kernel.a(timers.c.obj)
 *fill*         0x08008745        0x3 
 .rodata        0x08008748       0x63 libFreeRTOS-Kernel.a(IdleMemory.c.obj)
 *(.rodata*)
 *fill*         0x080087ab        0x1 
 .rodata.numberPatterns
                0x080087ac        0xa CMakeFiles/P2_BlackPill.dir/Core/Src/main.c.obj
                0x080087ac                numberPatterns
 *fill*         0x080087b6        0x2 
 .rodata.correctPassword
                0x080087b8        0x4 CMakeFiles/P2_BlackPill.dir/Core/Src/main.c.obj
                0x080087b8                correctPassword
 .rodata.letterPatterns
                0x080087bc       0x1a CMakeFiles/P2_BlackPill.dir/Core/Src/main.c.obj
                0x080087bc                letterPatterns
 *fill*         0x080087d6        0x2 
 .rodata.keymap
                0x080087d8       0x10 CMakeFiles/P2_BlackPill.dir/Core/Src/main.c.obj
                0x080087d8                keymap
 .rodata.AHBPrescTable
                0x080087e8       0x10 CMakeFiles/P2_BlackPill.dir/Core/Src/system_stm32f4xx.c.obj
                0x080087e8                AHBPrescTable
 .rodata.uxTopUsedPriority
                0x080087f8        0x4 libFreeRTOS-Kernel.a(tasks.c.obj)
 .rodata._vfprintf_r.str1.1
                0x080087fc       0x33 /usr/lib/gcc/arm-none-eabi/14.2.0/../../../../arm-none-eabi/lib/thumb/v7e-m+fp/hard/libg_nano.a(libc_a-nano-vfprintf.o)
                                 0x11 (size before relaxing)
 .rodata._printf_i.str1.1
                0x0800882f       0x22 /usr/lib/gcc/arm-none-eabi/14.2.0/../../../../arm-none-eabi/lib/thumb/v7e-m+fp/hard/libg_nano.a(libc_a-nano-vfprintf_i.o)
                0x08008854                        . = ALIGN (0x4)
 *fill*         0x0800882f        0x1 

.ARM.extab
 *(.ARM.extab* .gnu.linkonce.armextab.*)

.ARM            0x08008830        0x8
                0x08008830                        __exidx_start = .
 *(.ARM.exidx*)
 .ARM.exidx     0x08008830        0x8 /usr/lib/gcc/arm-none-eabi/14.2.0/../../../../arm-none-eabi/lib/thumb/v7e-m+fp/hard/libg_nano.a(libc_a-memchr.o)
 .ARM.exidx.text.__udivmoddi4
                0x08008838        0x0 /usr/lib/gcc/arm-none-eabi/14.2.0/thumb/v7e-m+fp/hard/libgcc.a(_udivmoddi4.o)
                                  0x8 (size before relaxing)
                0x08008838                        __exidx_end = .

.rel.dyn        0x08008838        0x0
 .rel.iplt      0x08008838        0x0 /usr/lib/gcc/arm-none-eabi/14.2.0/thumb/v7e-m+fp/hard/crtbegin.o

.preinit_array  0x08008838        0x0
                0x08008838                        PROVIDE (__preinit_array_start = .)
 *(.preinit_array*)
                0x08008838                        PROVIDE (__preinit_array_end = .)

.init_array     0x08008838        0x4
                0x08008838                        PROVIDE (__init_array_start = .)
 *(SORT_BY_NAME(.init_array.*))
 *(.init_array*)
 .init_array    0x08008838        0x4 /usr/lib/gcc/arm-none-eabi/14.2.0/thumb/v7e-m+fp/hard/crtbegin.o
                0x0800883c                        PROVIDE (__init_array_end = .)

.fini_array     0x0800883c        0x4
                0x0800883c                        PROVIDE (__fini_array_start = .)
 *(SORT_BY_NAME(.fini_array.*))
 *(.fini_array*)
 .fini_array    0x0800883c        0x4 /usr/lib/gcc/arm-none-eabi/14.2.0/thumb/v7e-m+fp/hard/crtbegin.o
                0x08008840                        PROVIDE (__fini_array_end = .)
                0x08008840                        _sidata = LOADADDR (.data)

.data           0x20000000       0x6c load address 0x08008840
                0x20000000                        . = ALIGN (0x4)
                0x20000000                        _sdata = .
 *(.data)
 *(.data*)
 .data.__sglue  0x20000000        0xc /usr/lib/gcc/arm-none-eabi/14.2.0/../../../../arm-none-eabi/lib/thumb/v7e-m+fp/hard/libc_nano.a(libc_a-findfp.o)
                0x20000000                __sglue
 .data._impure_ptr
                0x2000000c        0x4 /usr/lib/gcc/arm-none-eabi/14.2.0/../../../../arm-none-eabi/lib/thumb/v7e-m+fp/hard/libc_nano.a(libc_a-impure.o)
                0x2000000c                _impure_ptr
 .data._impure_data
                0x20000010       0x4c /usr/lib/gcc/arm-none-eabi/14.2.0/../../../../arm-none-eabi/lib/thumb/v7e-m+fp/hard/libc_nano.a(libc_a-impure.o)
                0x20000010                _impure_data
 .data.uwTickPrio
                0x2000005c        0x4 CMakeFiles/P2_BlackPill.dir/Drivers/STM32F4xx_HAL_Driver/Src/stm32f4xx_hal.c.obj
                0x2000005c                uwTickPrio
 .data.uwTickFreq
                0x20000060        0x1 CMakeFiles/P2_BlackPill.dir/Drivers/STM32F4xx_HAL_Driver/Src/stm32f4xx_hal.c.obj
                0x20000060                uwTickFreq
 *fill*         0x20000061        0x3 
 .data.SystemCoreClock
                0x20000064        0x4 CMakeFiles/P2_BlackPill.dir/Core/Src/system_stm32f4xx.c.obj
                0x20000064                SystemCoreClock
 .data.uxCriticalNesting
                0x20000068        0x4 libFreeRTOS-Kernel.a(port.c.obj)
                0x2000006c                        . = ALIGN (0x4)
                0x2000006c                        _edata = .

.igot.plt       0x2000006c        0x0 load address 0x080088ac
 .igot.plt      0x2000006c        0x0 /usr/lib/gcc/arm-none-eabi/14.2.0/thumb/v7e-m+fp/hard/crtbegin.o
                0x2000006c                        . = ALIGN (0x4)

.bss            0x2000006c     0x226c load address 0x080088ac
                0x2000006c                        _sbss = .
                0x2000006c                        __bss_start__ = _sbss
 *(.bss)
 *(.bss*)
 .bss.completed.1
                0x2000006c        0x1 /usr/lib/gcc/arm-none-eabi/14.2.0/thumb/v7e-m+fp/hard/crtbegin.o
 *fill*         0x2000006d        0x3 
 .bss.object.0  0x20000070       0x18 /usr/lib/gcc/arm-none-eabi/14.2.0/thumb/v7e-m+fp/hard/crtbegin.o
 .bss.__sf      0x20000088      0x138 /usr/lib/gcc/arm-none-eabi/14.2.0/../../../../arm-none-eabi/lib/thumb/v7e-m+fp/hard/libc_nano.a(libc_a-findfp.o)
                0x20000088                __sf
 .bss.__stdio_exit_handler
                0x200001c0        0x4 /usr/lib/gcc/arm-none-eabi/14.2.0/../../../../arm-none-eabi/lib/thumb/v7e-m+fp/hard/libc_nano.a(libc_a-findfp.o)
                0x200001c0                __stdio_exit_handler
 .bss.errno     0x200001c4        0x4 /usr/lib/gcc/arm-none-eabi/14.2.0/../../../../arm-none-eabi/lib/thumb/v7e-m+fp/hard/libc_nano.a(libc_a-reent.o)
                0x200001c4                errno
 .bss.__lock___malloc_recursive_mutex
                0x200001c8        0x1 /usr/lib/gcc/arm-none-eabi/14.2.0/../../../../arm-none-eabi/lib/thumb/v7e-m+fp/hard/libc_nano.a(libc_a-lock.o)
                0x200001c8                __lock___malloc_recursive_mutex
 .bss.__lock___sfp_recursive_mutex
                0x200001c9        0x1 /usr/lib/gcc/arm-none-eabi/14.2.0/../../../../arm-none-eabi/lib/thumb/v7e-m+fp/hard/libc_nano.a(libc_a-lock.o)
                0x200001c9                __lock___sfp_recursive_mutex
 *fill*         0x200001ca        0x2 
 .bss.__malloc_sbrk_start
                0x200001cc        0x4 /usr/lib/gcc/arm-none-eabi/14.2.0/../../../../arm-none-eabi/lib/thumb/v7e-m+fp/hard/libc_nano.a(libc_a-mallocr.o)
                0x200001cc                __malloc_sbrk_start
 .bss.__malloc_free_list
                0x200001d0        0x4 /usr/lib/gcc/arm-none-eabi/14.2.0/../../../../arm-none-eabi/lib/thumb/v7e-m+fp/hard/libc_nano.a(libc_a-mallocr.o)
                0x200001d0                __malloc_free_list
 .bss.displayNumber
                0x200001d4        0x4 CMakeFiles/P2_BlackPill.dir/Core/Src/main.c.obj
                0x200001d4                displayNumber
 .bss.digits    0x200001d8        0x4 CMakeFiles/P2_BlackPill.dir/Core/Src/main.c.obj
                0x200001d8                digits
 .bss.dataBuffer
                0x200001dc       0x14 CMakeFiles/P2_BlackPill.dir/Core/Src/main.c.obj
                0x200001dc                dataBuffer
 .bss.dataIndex
                0x200001f0        0x1 CMakeFiles/P2_BlackPill.dir/Core/Src/main.c.obj
                0x200001f0                dataIndex
 *fill*         0x200001f1        0x3 
 .bss.hpcd_USB_OTG_FS
                0x200001f4      0x4e4 CMakeFiles/P2_BlackPill.dir/USB_DEVICE/Target/usbd_conf.c.obj
                0x200001f4                hpcd_USB_OTG_FS
 .bss.uwTick    0x200006d8        0x4 CMakeFiles/P2_BlackPill.dir/Drivers/STM32F4xx_HAL_Driver/Src/stm32f4xx_hal.c.obj
                0x200006d8                uwTick
 .bss.cfgidx.0  0x200006dc        0x1 CMakeFiles/P2_BlackPill.dir/Middlewares/ST/STM32_USB_Device_Library/Core/Src/usbd_ctlreq.c.obj
 *fill*         0x200006dd        0x3 
 .bss.__sbrk_heap_end
                0x200006e0        0x4 CMakeFiles/P2_BlackPill.dir/Core/Src/sysmem.c.obj
 .bss.pxCurrentTCB
                0x200006e4        0x4 libFreeRTOS-Kernel.a(tasks.c.obj)
                0x200006e4                pxCurrentTCB
 .bss.pxReadyTasksLists
                0x200006e8       0x64 libFreeRTOS-Kernel.a(tasks.c.obj)
 .bss.xDelayedTaskList1
                0x2000074c       0x14 libFreeRTOS-Kernel.a(tasks.c.obj)
 .bss.xDelayedTaskList2
                0x20000760       0x14 libFreeRTOS-Kernel.a(tasks.c.obj)
 .bss.pxDelayedTaskList
                0x20000774        0x4 libFreeRTOS-Kernel.a(tasks.c.obj)
 .bss.pxOverflowDelayedTaskList
                0x20000778        0x4 libFreeRTOS-Kernel.a(tasks.c.obj)
 .bss.xPendingReadyList
                0x2000077c       0x14 libFreeRTOS-Kernel.a(tasks.c.obj)
 .bss.xSuspendedTaskList
                0x20000790       0x14 libFreeRTOS-Kernel.a(tasks.c.obj)
 .bss.uxCurrentNumberOfTasks
                0x200007a4        0x4 libFreeRTOS-Kernel.a(tasks.c.obj)
 .bss.xTickCount
                0x200007a8        0x4 libFreeRTOS-Kernel.a(tasks.c.obj)
 .bss.uxTopReadyPriority
                0x200007ac        0x4 libFreeRTOS-Kernel.a(tasks.c.obj)
 .bss.xSchedulerRunning
                0x200007b0        0x4 libFreeRTOS-Kernel.a(tasks.c.obj)
 .bss.xPendedTicks
                0x200007b4        0x4 libFreeRTOS-Kernel.a(tasks.c.obj)
 .bss.xYieldPendings
                0x200007b8        0x4 libFreeRTOS-Kernel.a(tasks.c.obj)
 .bss.xNumOfOverflows
                0x200007bc        0x4 libFreeRTOS-Kernel.a(tasks.c.obj)
 .bss.uxTaskNumber
                0x200007c0        0x4 libFreeRTOS-Kernel.a(tasks.c.obj)
 .bss.xNextTaskUnblockTime
                0x200007c4        0x4 libFreeRTOS-Kernel.a(tasks.c.obj)
 .bss.xIdleTaskHandles
                0x200007c8        0x4 libFreeRTOS-Kernel.a(tasks.c.obj)
 .bss.uxSchedulerSuspended
                0x200007cc        0x4 libFreeRTOS-Kernel.a(tasks.c.obj)
 .bss.xActiveTimerList1
                0x200007d0       0x14 libFreeRTOS-Kernel.a(timers.c.obj)
 .bss.xActiveTimerList2
                0x200007e4       0x14 libFreeRTOS-Kernel.a(timers.c.obj)
 .bss.pxCurrentTimerList
                0x200007f8        0x4 libFreeRTOS-Kernel.a(timers.c.obj)
 .bss.pxOverflowTimerList
                0x200007fc        0x4 libFreeRTOS-Kernel.a(timers.c.obj)
 .bss.xTimerQueue
                0x20000800        0x4 libFreeRTOS-Kernel.a(timers.c.obj)
 .bss.xTimerTaskHandle
                0x20000804        0x4 libFreeRTOS-Kernel.a(timers.c.obj)
 .bss.xLastTime.2
                0x20000808        0x4 libFreeRTOS-Kernel.a(timers.c.obj)
 .bss.ucStaticTimerQueueStorage.1
                0x2000080c      0x180 libFreeRTOS-Kernel.a(timers.c.obj)
 .bss.xStaticTimerQueue.0
                0x2000098c       0x50 libFreeRTOS-Kernel.a(timers.c.obj)
 .bss.ucHeap    0x200009dc     0x1000 libFreeRTOS-Kernel.a(heap_4.c.obj)
 .bss.xStart    0x200019dc        0x8 libFreeRTOS-Kernel.a(heap_4.c.obj)
 .bss.pxEnd     0x200019e4        0x4 libFreeRTOS-Kernel.a(heap_4.c.obj)
 .bss.xFreeBytesRemaining
                0x200019e8        0x4 libFreeRTOS-Kernel.a(heap_4.c.obj)
 .bss.xMinimumEverFreeBytesRemaining
                0x200019ec        0x4 libFreeRTOS-Kernel.a(heap_4.c.obj)
 .bss.xNumberOfSuccessfulAllocations
                0x200019f0        0x4 libFreeRTOS-Kernel.a(heap_4.c.obj)
 .bss.xNumberOfSuccessfulFrees
                0x200019f4        0x4 libFreeRTOS-Kernel.a(heap_4.c.obj)
 .bss.xIdleTaskTCB.5
                0x200019f8       0x60 libFreeRTOS-Kernel.a(IdleMemory.c.obj)
 .bss.uxIdleTaskStack.4
                0x20001a58      0x400 libFreeRTOS-Kernel.a(IdleMemory.c.obj)
 .bss.xTimerTaskTCB.1
                0x20001e58       0x60 libFreeRTOS-Kernel.a(IdleMemory.c.obj)
 .bss.uxTimerTaskStack.0
                0x20001eb8      0x400 libFreeRTOS-Kernel.a(IdleMemory.c.obj)
 .bss.xQueueRegistry
                0x200022b8       0x20 libFreeRTOS-Kernel.a(queue.c.obj)
                0x200022b8                xQueueRegistry
 *(COMMON)
                0x200022d8                        . = ALIGN (0x4)
                0x200022d8                        _ebss = .
                0x200022d8                        __bss_end__ = _ebss

._user_heap_stack
                0x200022d8      0x600 load address 0x080088ac
                0x200022d8                        . = ALIGN (0x8)
                [!provide]                        PROVIDE (end = .)
                0x200022d8                        PROVIDE (_end = .)
                0x200024d8                        . = (. + _Min_Heap_Size)
 *fill*         0x200022d8      0x200 
                0x200028d8                        . = (. + _Min_Stack_Size)
 *fill*         0x200024d8      0x400 
                0x200028d8                        . = ALIGN (0x8)

/DISCARD/
 libc.a(*)
 libm.a(*)
 libgcc.a(*)

.ARM.attributes
                0x00000000       0x30
 *(.ARM.attributes)
 .ARM.attributes
                0x00000000       0x22 /usr/lib/gcc/arm-none-eabi/14.2.0/thumb/v7e-m+fp/hard/crti.o
 .ARM.attributes
                0x00000022       0x34 /usr/lib/gcc/arm-none-eabi/14.2.0/thumb/v7e-m+fp/hard/crtbegin.o
 .ARM.attributes
                0x00000056       0x34 /usr/lib/gcc/arm-none-eabi/14.2.0/../../../../arm-none-eabi/lib/thumb/v7e-m+fp/hard/libc_nano.a(libc_a-findfp.o)
 .ARM.attributes
                0x0000008a       0x34 /usr/lib/gcc/arm-none-eabi/14.2.0/../../../../arm-none-eabi/lib/thumb/v7e-m+fp/hard/libc_nano.a(libc_a-fwalk.o)
 .ARM.attributes
                0x000000be       0x34 /usr/lib/gcc/arm-none-eabi/14.2.0/../../../../arm-none-eabi/lib/thumb/v7e-m+fp/hard/libc_nano.a(libc_a-stdio.o)
 .ARM.attributes
                0x000000f2       0x34 /usr/lib/gcc/arm-none-eabi/14.2.0/../../../../arm-none-eabi/lib/thumb/v7e-m+fp/hard/libc_nano.a(libc_a-memset.o)
 .ARM.attributes
                0x00000126       0x34 /usr/lib/gcc/arm-none-eabi/14.2.0/../../../../arm-none-eabi/lib/thumb/v7e-m+fp/hard/libc_nano.a(libc_a-closer.o)
 .ARM.attributes
                0x0000015a       0x34 /usr/lib/gcc/arm-none-eabi/14.2.0/../../../../arm-none-eabi/lib/thumb/v7e-m+fp/hard/libc_nano.a(libc_a-reent.o)
 .ARM.attributes
                0x0000018e       0x34 /usr/lib/gcc/arm-none-eabi/14.2.0/../../../../arm-none-eabi/lib/thumb/v7e-m+fp/hard/libc_nano.a(libc_a-impure.o)
 .ARM.attributes
                0x000001c2       0x34 /usr/lib/gcc/arm-none-eabi/14.2.0/../../../../arm-none-eabi/lib/thumb/v7e-m+fp/hard/libc_nano.a(libc_a-lseekr.o)
 .ARM.attributes
                0x000001f6       0x34 /usr/lib/gcc/arm-none-eabi/14.2.0/../../../../arm-none-eabi/lib/thumb/v7e-m+fp/hard/libc_nano.a(libc_a-readr.o)
 .ARM.attributes
                0x0000022a       0x34 /usr/lib/gcc/arm-none-eabi/14.2.0/../../../../arm-none-eabi/lib/thumb/v7e-m+fp/hard/libc_nano.a(libc_a-writer.o)
 .ARM.attributes
                0x0000025e       0x34 /usr/lib/gcc/arm-none-eabi/14.2.0/../../../../arm-none-eabi/lib/thumb/v7e-m+fp/hard/libc_nano.a(libc_a-init.o)
 .ARM.attributes
                0x00000292       0x34 /usr/lib/gcc/arm-none-eabi/14.2.0/../../../../arm-none-eabi/lib/thumb/v7e-m+fp/hard/libc_nano.a(libc_a-lock.o)
 .ARM.attributes
                0x000002c6       0x34 /usr/lib/gcc/arm-none-eabi/14.2.0/../../../../arm-none-eabi/lib/thumb/v7e-m+fp/hard/libc_nano.a(libc_a-freer.o)
 .ARM.attributes
                0x000002fa       0x34 /usr/lib/gcc/arm-none-eabi/14.2.0/../../../../arm-none-eabi/lib/thumb/v7e-m+fp/hard/libc_nano.a(libc_a-mallocr.o)
 .ARM.attributes
                0x0000032e       0x34 /usr/lib/gcc/arm-none-eabi/14.2.0/../../../../arm-none-eabi/lib/thumb/v7e-m+fp/hard/libc_nano.a(libc_a-mlock.o)
 .ARM.attributes
                0x00000362       0x34 /usr/lib/gcc/arm-none-eabi/14.2.0/../../../../arm-none-eabi/lib/thumb/v7e-m+fp/hard/libc_nano.a(libc_a-fflush.o)
 .ARM.attributes
                0x00000396       0x34 /usr/lib/gcc/arm-none-eabi/14.2.0/../../../../arm-none-eabi/lib/thumb/v7e-m+fp/hard/libc_nano.a(libc_a-sbrkr.o)
 .ARM.attributes
                0x000003ca       0x34 CMakeFiles/P2_BlackPill.dir/Core/Src/main.c.obj
 .ARM.attributes
                0x000003fe       0x34 CMakeFiles/P2_BlackPill.dir/Core/Src/main_init.c.obj
 .ARM.attributes
                0x00000432       0x34 CMakeFiles/P2_BlackPill.dir/Core/Src/stm32f4xx_it.c.obj
 .ARM.attributes
                0x00000466       0x34 CMakeFiles/P2_BlackPill.dir/Core/Src/stm32f4xx_hal_msp.c.obj
 .ARM.attributes
                0x0000049a       0x34 CMakeFiles/P2_BlackPill.dir/USB_DEVICE/Target/usbd_conf.c.obj
 .ARM.attributes
                0x000004ce       0x34 CMakeFiles/P2_BlackPill.dir/Drivers/STM32F4xx_HAL_Driver/Src/stm32f4xx_hal_pcd.c.obj
 .ARM.attributes
                0x00000502       0x34 CMakeFiles/P2_BlackPill.dir/Drivers/STM32F4xx_HAL_Driver/Src/stm32f4xx_hal_pcd_ex.c.obj
 .ARM.attributes
                0x00000536       0x34 CMakeFiles/P2_BlackPill.dir/Drivers/STM32F4xx_HAL_Driver/Src/stm32f4xx_ll_usb.c.obj
 .ARM.attributes
                0x0000056a       0x34 CMakeFiles/P2_BlackPill.dir/Drivers/STM32F4xx_HAL_Driver/Src/stm32f4xx_hal_rcc.c.obj
 .ARM.attributes
                0x0000059e       0x34 CMakeFiles/P2_BlackPill.dir/Drivers/STM32F4xx_HAL_Driver/Src/stm32f4xx_hal_gpio.c.obj
 .ARM.attributes
                0x000005d2       0x34 CMakeFiles/P2_BlackPill.dir/Drivers/STM32F4xx_HAL_Driver/Src/stm32f4xx_hal_cortex.c.obj
 .ARM.attributes
                0x00000606       0x34 CMakeFiles/P2_BlackPill.dir/Drivers/STM32F4xx_HAL_Driver/Src/stm32f4xx_hal.c.obj
 .ARM.attributes
                0x0000063a       0x34 CMakeFiles/P2_BlackPill.dir/Core/Src/system_stm32f4xx.c.obj
 .ARM.attributes
                0x0000066e       0x34 CMakeFiles/P2_BlackPill.dir/Middlewares/ST/STM32_USB_Device_Library/Core/Src/usbd_core.c.obj
 .ARM.attributes
                0x000006a2       0x34 CMakeFiles/P2_BlackPill.dir/Middlewares/ST/STM32_USB_Device_Library/Core/Src/usbd_ctlreq.c.obj
 .ARM.attributes
                0x000006d6       0x34 CMakeFiles/P2_BlackPill.dir/Middlewares/ST/STM32_USB_Device_Library/Core/Src/usbd_ioreq.c.obj
 .ARM.attributes
                0x0000070a       0x34 CMakeFiles/P2_BlackPill.dir/Core/Src/sysmem.c.obj
 .ARM.attributes
                0x0000073e       0x34 CMakeFiles/P2_BlackPill.dir/Core/Src/syscalls.c.obj
 .ARM.attributes
                0x00000772       0x21 CMakeFiles/P2_BlackPill.dir/startup_stm32f411xe.s.obj
 .ARM.attributes
                0x00000793       0x34 libFreeRTOS-Kernel.a(tasks.c.obj)
 .ARM.attributes
                0x000007c7       0x34 libFreeRTOS-Kernel.a(list.c.obj)
 .ARM.attributes
                0x000007fb       0x34 libFreeRTOS-Kernel.a(timers.c.obj)
 .ARM.attributes
                0x0000082f       0x34 libFreeRTOS-Kernel.a(heap_4.c.obj)
 .ARM.attributes
                0x00000863       0x34 libFreeRTOS-Kernel.a(port.c.obj)
 .ARM.attributes
                0x00000897       0x34 libFreeRTOS-Kernel.a(IdleMemory.c.obj)
 .ARM.attributes
                0x000008cb       0x34 libFreeRTOS-Kernel.a(queue.c.obj)
 .ARM.attributes
                0x000008ff       0x22 /usr/lib/gcc/arm-none-eabi/14.2.0/thumb/v7e-m+fp/hard/libgcc.a(_aeabi_uldivmod.o)
 .ARM.attributes
                0x00000921       0x34 /usr/lib/gcc/arm-none-eabi/14.2.0/thumb/v7e-m+fp/hard/libgcc.a(_udivmoddi4.o)
 .ARM.attributes
                0x00000955       0x22 /usr/lib/gcc/arm-none-eabi/14.2.0/thumb/v7e-m+fp/hard/libgcc.a(_dvmd_tls.o)
 .ARM.attributes
                0x00000977       0x34 /usr/lib/gcc/arm-none-eabi/14.2.0/../../../../arm-none-eabi/lib/thumb/v7e-m+fp/hard/libg_nano.a(libc_a-printf.o)
 .ARM.attributes
                0x000009ab       0x34 /usr/lib/gcc/arm-none-eabi/14.2.0/../../../../arm-none-eabi/lib/thumb/v7e-m+fp/hard/libg_nano.a(libc_a-puts.o)
 .ARM.attributes
                0x000009df       0x34 /usr/lib/gcc/arm-none-eabi/14.2.0/../../../../arm-none-eabi/lib/thumb/v7e-m+fp/hard/libg_nano.a(libc_a-wbuf.o)
 .ARM.attributes
                0x00000a13       0x34 /usr/lib/gcc/arm-none-eabi/14.2.0/../../../../arm-none-eabi/lib/thumb/v7e-m+fp/hard/libg_nano.a(libc_a-wsetup.o)
 .ARM.attributes
                0x00000a47       0x34 /usr/lib/gcc/arm-none-eabi/14.2.0/../../../../arm-none-eabi/lib/thumb/v7e-m+fp/hard/libg_nano.a(libc_a-errno.o)
 .ARM.attributes
                0x00000a7b       0x34 /usr/lib/gcc/arm-none-eabi/14.2.0/../../../../arm-none-eabi/lib/thumb/v7e-m+fp/hard/libg_nano.a(libc_a-memcpy-stub.o)
 .ARM.attributes
                0x00000aaf       0x34 /usr/lib/gcc/arm-none-eabi/14.2.0/../../../../arm-none-eabi/lib/thumb/v7e-m+fp/hard/libg_nano.a(libc_a-nano-vfprintf.o)
 .ARM.attributes
                0x00000ae3       0x34 /usr/lib/gcc/arm-none-eabi/14.2.0/../../../../arm-none-eabi/lib/thumb/v7e-m+fp/hard/libg_nano.a(libc_a-nano-vfprintf_i.o)
 .ARM.attributes
                0x00000b17       0x34 /usr/lib/gcc/arm-none-eabi/14.2.0/../../../../arm-none-eabi/lib/thumb/v7e-m+fp/hard/libg_nano.a(libc_a-makebuf.o)
 .ARM.attributes
                0x00000b4b       0x34 /usr/lib/gcc/arm-none-eabi/14.2.0/../../../../arm-none-eabi/lib/thumb/v7e-m+fp/hard/libg_nano.a(libc_a-fstatr.o)
 .ARM.attributes
                0x00000b7f       0x34 /usr/lib/gcc/arm-none-eabi/14.2.0/../../../../arm-none-eabi/lib/thumb/v7e-m+fp/hard/libg_nano.a(libc_a-isattyr.o)
 .ARM.attributes
                0x00000bb3       0x1c /usr/lib/gcc/arm-none-eabi/14.2.0/../../../../arm-none-eabi/lib/thumb/v7e-m+fp/hard/libg_nano.a(libc_a-memchr.o)
 .ARM.attributes
                0x00000bcf       0x22 /usr/lib/gcc/arm-none-eabi/14.2.0/thumb/v7e-m+fp/hard/crtn.o
OUTPUT(P2_BlackPill.elf elf32-littlearm)
LOAD linker stubs
LOAD /usr/lib/gcc/arm-none-eabi/14.2.0/../../../../arm-none-eabi/lib/thumb/v7e-m+fp/hard/libc.a
LOAD /usr/lib/gcc/arm-none-eabi/14.2.0/../../../../arm-none-eabi/lib/thumb/v7e-m+fp/hard/libm.a
LOAD /usr/lib/gcc/arm-none-eabi/14.2.0/thumb/v7e-m+fp/hard/libgcc.a

.debug_info     0x00000000    0x2072e
 .debug_info    0x00000000      0xfb8 /usr/lib/gcc/arm-none-eabi/14.2.0/../../../../arm-none-eabi/lib/thumb/v7e-m+fp/hard/libc_nano.a(libc_a-findfp.o)
 .debug_info    0x00000fb8      0x7d2 /usr/lib/gcc/arm-none-eabi/14.2.0/../../../../arm-none-eabi/lib/thumb/v7e-m+fp/hard/libc_nano.a(libc_a-fwalk.o)
 .debug_info    0x0000178a      0xa90 /usr/lib/gcc/arm-none-eabi/14.2.0/../../../../arm-none-eabi/lib/thumb/v7e-m+fp/hard/libc_nano.a(libc_a-stdio.o)
 .debug_info    0x0000221a       0xe0 /usr/lib/gcc/arm-none-eabi/14.2.0/../../../../arm-none-eabi/lib/thumb/v7e-m+fp/hard/libc_nano.a(libc_a-memset.o)
 .debug_info    0x000022fa      0x75d /usr/lib/gcc/arm-none-eabi/14.2.0/../../../../arm-none-eabi/lib/thumb/v7e-m+fp/hard/libc_nano.a(libc_a-closer.o)
 .debug_info    0x00002a57      0x8a1 /usr/lib/gcc/arm-none-eabi/14.2.0/../../../../arm-none-eabi/lib/thumb/v7e-m+fp/hard/libc_nano.a(libc_a-reent.o)
 .debug_info    0x000032f8      0x715 /usr/lib/gcc/arm-none-eabi/14.2.0/../../../../arm-none-eabi/lib/thumb/v7e-m+fp/hard/libc_nano.a(libc_a-impure.o)
 .debug_info    0x00003a0d      0x7a8 /usr/lib/gcc/arm-none-eabi/14.2.0/../../../../arm-none-eabi/lib/thumb/v7e-m+fp/hard/libc_nano.a(libc_a-lseekr.o)
 .debug_info    0x000041b5      0x7bf /usr/lib/gcc/arm-none-eabi/14.2.0/../../../../arm-none-eabi/lib/thumb/v7e-m+fp/hard/libc_nano.a(libc_a-readr.o)
 .debug_info    0x00004974      0x7c5 /usr/lib/gcc/arm-none-eabi/14.2.0/../../../../arm-none-eabi/lib/thumb/v7e-m+fp/hard/libc_nano.a(libc_a-writer.o)
 .debug_info    0x00005139      0x10b /usr/lib/gcc/arm-none-eabi/14.2.0/../../../../arm-none-eabi/lib/thumb/v7e-m+fp/hard/libc_nano.a(libc_a-init.o)
 .debug_info    0x00005244      0x218 /usr/lib/gcc/arm-none-eabi/14.2.0/../../../../arm-none-eabi/lib/thumb/v7e-m+fp/hard/libc_nano.a(libc_a-lock.o)
 .debug_info    0x0000545c      0x851 /usr/lib/gcc/arm-none-eabi/14.2.0/../../../../arm-none-eabi/lib/thumb/v7e-m+fp/hard/libc_nano.a(libc_a-freer.o)
 .debug_info    0x00005cad      0x9bc /usr/lib/gcc/arm-none-eabi/14.2.0/../../../../arm-none-eabi/lib/thumb/v7e-m+fp/hard/libc_nano.a(libc_a-mallocr.o)
 .debug_info    0x00006669      0x76b /usr/lib/gcc/arm-none-eabi/14.2.0/../../../../arm-none-eabi/lib/thumb/v7e-m+fp/hard/libc_nano.a(libc_a-mlock.o)
 .debug_info    0x00006dd4      0x9f2 /usr/lib/gcc/arm-none-eabi/14.2.0/../../../../arm-none-eabi/lib/thumb/v7e-m+fp/hard/libc_nano.a(libc_a-fflush.o)
 .debug_info    0x000077c6      0x782 /usr/lib/gcc/arm-none-eabi/14.2.0/../../../../arm-none-eabi/lib/thumb/v7e-m+fp/hard/libc_nano.a(libc_a-sbrkr.o)
 .debug_info    0x00007f48      0x6bc CMakeFiles/P2_BlackPill.dir/Core/Src/main.c.obj
 .debug_info    0x00008604      0x643 CMakeFiles/P2_BlackPill.dir/Core/Src/main_init.c.obj
 .debug_info    0x00008c47      0x5f8 CMakeFiles/P2_BlackPill.dir/Core/Src/stm32f4xx_it.c.obj
 .debug_info    0x0000923f      0x921 CMakeFiles/P2_BlackPill.dir/Core/Src/stm32f4xx_hal_msp.c.obj
 .debug_info    0x00009b60     0x1c05 CMakeFiles/P2_BlackPill.dir/USB_DEVICE/Target/usbd_conf.c.obj
 .debug_info    0x0000b765     0x1577 CMakeFiles/P2_BlackPill.dir/Drivers/STM32F4xx_HAL_Driver/Src/stm32f4xx_hal_pcd.c.obj
 .debug_info    0x0000ccdc      0x6ea CMakeFiles/P2_BlackPill.dir/Drivers/STM32F4xx_HAL_Driver/Src/stm32f4xx_hal_pcd_ex.c.obj
 .debug_info    0x0000d3c6     0x1993 CMakeFiles/P2_BlackPill.dir/Drivers/STM32F4xx_HAL_Driver/Src/stm32f4xx_ll_usb.c.obj
 .debug_info    0x0000ed59      0x8f0 CMakeFiles/P2_BlackPill.dir/Drivers/STM32F4xx_HAL_Driver/Src/stm32f4xx_hal_rcc.c.obj
 .debug_info    0x0000f649      0x6f9 CMakeFiles/P2_BlackPill.dir/Drivers/STM32F4xx_HAL_Driver/Src/stm32f4xx_hal_gpio.c.obj
 .debug_info    0x0000fd42      0xcfc CMakeFiles/P2_BlackPill.dir/Drivers/STM32F4xx_HAL_Driver/Src/stm32f4xx_hal_cortex.c.obj
 .debug_info    0x00010a3e      0x8c4 CMakeFiles/P2_BlackPill.dir/Drivers/STM32F4xx_HAL_Driver/Src/stm32f4xx_hal.c.obj
 .debug_info    0x00011302      0x53e CMakeFiles/P2_BlackPill.dir/Core/Src/system_stm32f4xx.c.obj
 .debug_info    0x00011840      0xe05 CMakeFiles/P2_BlackPill.dir/Middlewares/ST/STM32_USB_Device_Library/Core/Src/usbd_core.c.obj
 .debug_info    0x00012645      0xade CMakeFiles/P2_BlackPill.dir/Middlewares/ST/STM32_USB_Device_Library/Core/Src/usbd_ctlreq.c.obj
 .debug_info    0x00013123      0x755 CMakeFiles/P2_BlackPill.dir/Middlewares/ST/STM32_USB_Device_Library/Core/Src/usbd_ioreq.c.obj
 .debug_info    0x00013878      0x168 CMakeFiles/P2_BlackPill.dir/Core/Src/sysmem.c.obj
 .debug_info    0x000139e0      0x6a3 CMakeFiles/P2_BlackPill.dir/Core/Src/syscalls.c.obj
 .debug_info    0x00014083       0x30 CMakeFiles/P2_BlackPill.dir/startup_stm32f411xe.s.obj
 .debug_info    0x000140b3     0x22b4 libFreeRTOS-Kernel.a(tasks.c.obj)
 .debug_info    0x00016367      0x2aa libFreeRTOS-Kernel.a(list.c.obj)
 .debug_info    0x00016611     0x1216 libFreeRTOS-Kernel.a(timers.c.obj)
 .debug_info    0x00017827      0x4bc libFreeRTOS-Kernel.a(heap_4.c.obj)
 .debug_info    0x00017ce3      0x2f7 libFreeRTOS-Kernel.a(port.c.obj)
 .debug_info    0x00017fda      0x47e libFreeRTOS-Kernel.a(IdleMemory.c.obj)
 .debug_info    0x00018458     0x1709 libFreeRTOS-Kernel.a(queue.c.obj)
 .debug_info    0x00019b61       0x24 /usr/lib/gcc/arm-none-eabi/14.2.0/thumb/v7e-m+fp/hard/libgcc.a(_aeabi_uldivmod.o)
 .debug_info    0x00019b85      0x703 /usr/lib/gcc/arm-none-eabi/14.2.0/thumb/v7e-m+fp/hard/libgcc.a(_udivmoddi4.o)
 .debug_info    0x0001a288       0x3c /usr/lib/gcc/arm-none-eabi/14.2.0/thumb/v7e-m+fp/hard/libgcc.a(_dvmd_tls.o)
 .debug_info    0x0001a2c4      0x841 /usr/lib/gcc/arm-none-eabi/14.2.0/../../../../arm-none-eabi/lib/thumb/v7e-m+fp/hard/libg_nano.a(libc_a-printf.o)
 .debug_info    0x0001ab05      0x950 /usr/lib/gcc/arm-none-eabi/14.2.0/../../../../arm-none-eabi/lib/thumb/v7e-m+fp/hard/libg_nano.a(libc_a-puts.o)
 .debug_info    0x0001b455      0x874 /usr/lib/gcc/arm-none-eabi/14.2.0/../../../../arm-none-eabi/lib/thumb/v7e-m+fp/hard/libg_nano.a(libc_a-wbuf.o)
 .debug_info    0x0001bcc9      0x7bb /usr/lib/gcc/arm-none-eabi/14.2.0/../../../../arm-none-eabi/lib/thumb/v7e-m+fp/hard/libg_nano.a(libc_a-wsetup.o)
 .debug_info    0x0001c484      0x6fb /usr/lib/gcc/arm-none-eabi/14.2.0/../../../../arm-none-eabi/lib/thumb/v7e-m+fp/hard/libg_nano.a(libc_a-errno.o)
 .debug_info    0x0001cb7f      0x121 /usr/lib/gcc/arm-none-eabi/14.2.0/../../../../arm-none-eabi/lib/thumb/v7e-m+fp/hard/libg_nano.a(libc_a-memcpy-stub.o)
 .debug_info    0x0001cca0     0x1094 /usr/lib/gcc/arm-none-eabi/14.2.0/../../../../arm-none-eabi/lib/thumb/v7e-m+fp/hard/libg_nano.a(libc_a-nano-vfprintf.o)
 .debug_info    0x0001dd34      0xde2 /usr/lib/gcc/arm-none-eabi/14.2.0/../../../../arm-none-eabi/lib/thumb/v7e-m+fp/hard/libg_nano.a(libc_a-nano-vfprintf_i.o)
 .debug_info    0x0001eb16      0xb15 /usr/lib/gcc/arm-none-eabi/14.2.0/../../../../arm-none-eabi/lib/thumb/v7e-m+fp/hard/libg_nano.a(libc_a-makebuf.o)
 .debug_info    0x0001f62b      0x981 /usr/lib/gcc/arm-none-eabi/14.2.0/../../../../arm-none-eabi/lib/thumb/v7e-m+fp/hard/libg_nano.a(libc_a-fstatr.o)
 .debug_info    0x0001ffac      0x75d /usr/lib/gcc/arm-none-eabi/14.2.0/../../../../arm-none-eabi/lib/thumb/v7e-m+fp/hard/libg_nano.a(libc_a-isattyr.o)
 .debug_info    0x00020709       0x25 /usr/lib/gcc/arm-none-eabi/14.2.0/../../../../arm-none-eabi/lib/thumb/v7e-m+fp/hard/libg_nano.a(libc_a-memchr.o)

.debug_abbrev   0x00000000     0x6de9
 .debug_abbrev  0x00000000      0x424 /usr/lib/gcc/arm-none-eabi/14.2.0/../../../../arm-none-eabi/lib/thumb/v7e-m+fp/hard/libc_nano.a(libc_a-findfp.o)
 .debug_abbrev  0x00000424      0x19b /usr/lib/gcc/arm-none-eabi/14.2.0/../../../../arm-none-eabi/lib/thumb/v7e-m+fp/hard/libc_nano.a(libc_a-fwalk.o)
 .debug_abbrev  0x000005bf      0x221 /usr/lib/gcc/arm-none-eabi/14.2.0/../../../../arm-none-eabi/lib/thumb/v7e-m+fp/hard/libc_nano.a(libc_a-stdio.o)
 .debug_abbrev  0x000007e0       0x9e /usr/lib/gcc/arm-none-eabi/14.2.0/../../../../arm-none-eabi/lib/thumb/v7e-m+fp/hard/libc_nano.a(libc_a-memset.o)
 .debug_abbrev  0x0000087e      0x1b0 /usr/lib/gcc/arm-none-eabi/14.2.0/../../../../arm-none-eabi/lib/thumb/v7e-m+fp/hard/libc_nano.a(libc_a-closer.o)
 .debug_abbrev  0x00000a2e      0x1f7 /usr/lib/gcc/arm-none-eabi/14.2.0/../../../../arm-none-eabi/lib/thumb/v7e-m+fp/hard/libc_nano.a(libc_a-reent.o)
 .debug_abbrev  0x00000c25      0x149 /usr/lib/gcc/arm-none-eabi/14.2.0/../../../../arm-none-eabi/lib/thumb/v7e-m+fp/hard/libc_nano.a(libc_a-impure.o)
 .debug_abbrev  0x00000d6e      0x1c4 /usr/lib/gcc/arm-none-eabi/14.2.0/../../../../arm-none-eabi/lib/thumb/v7e-m+fp/hard/libc_nano.a(libc_a-lseekr.o)
 .debug_abbrev  0x00000f32      0x1b0 /usr/lib/gcc/arm-none-eabi/14.2.0/../../../../arm-none-eabi/lib/thumb/v7e-m+fp/hard/libc_nano.a(libc_a-readr.o)
 .debug_abbrev  0x000010e2      0x1b5 /usr/lib/gcc/arm-none-eabi/14.2.0/../../../../arm-none-eabi/lib/thumb/v7e-m+fp/hard/libc_nano.a(libc_a-writer.o)
 .debug_abbrev  0x00001297       0xc9 /usr/lib/gcc/arm-none-eabi/14.2.0/../../../../arm-none-eabi/lib/thumb/v7e-m+fp/hard/libc_nano.a(libc_a-init.o)
 .debug_abbrev  0x00001360      0x115 /usr/lib/gcc/arm-none-eabi/14.2.0/../../../../arm-none-eabi/lib/thumb/v7e-m+fp/hard/libc_nano.a(libc_a-lock.o)
 .debug_abbrev  0x00001475      0x236 /usr/lib/gcc/arm-none-eabi/14.2.0/../../../../arm-none-eabi/lib/thumb/v7e-m+fp/hard/libc_nano.a(libc_a-freer.o)
 .debug_abbrev  0x000016ab      0x24a /usr/lib/gcc/arm-none-eabi/14.2.0/../../../../arm-none-eabi/lib/thumb/v7e-m+fp/hard/libc_nano.a(libc_a-mallocr.o)
 .debug_abbrev  0x000018f5      0x1bf /usr/lib/gcc/arm-none-eabi/14.2.0/../../../../arm-none-eabi/lib/thumb/v7e-m+fp/hard/libc_nano.a(libc_a-mlock.o)
 .debug_abbrev  0x00001ab4      0x2b2 /usr/lib/gcc/arm-none-eabi/14.2.0/../../../../arm-none-eabi/lib/thumb/v7e-m+fp/hard/libc_nano.a(libc_a-fflush.o)
 .debug_abbrev  0x00001d66      0x1da /usr/lib/gcc/arm-none-eabi/14.2.0/../../../../arm-none-eabi/lib/thumb/v7e-m+fp/hard/libc_nano.a(libc_a-sbrkr.o)
 .debug_abbrev  0x00001f40      0x243 CMakeFiles/P2_BlackPill.dir/Core/Src/main.c.obj
 .debug_abbrev  0x00002183      0x1b1 CMakeFiles/P2_BlackPill.dir/Core/Src/main_init.c.obj
 .debug_abbrev  0x00002334      0x18f CMakeFiles/P2_BlackPill.dir/Core/Src/stm32f4xx_it.c.obj
 .debug_abbrev  0x000024c3      0x1ac CMakeFiles/P2_BlackPill.dir/Core/Src/stm32f4xx_hal_msp.c.obj
 .debug_abbrev  0x0000266f      0x33f CMakeFiles/P2_BlackPill.dir/USB_DEVICE/Target/usbd_conf.c.obj
 .debug_abbrev  0x000029ae      0x2b6 CMakeFiles/P2_BlackPill.dir/Drivers/STM32F4xx_HAL_Driver/Src/stm32f4xx_hal_pcd.c.obj
 .debug_abbrev  0x00002c64      0x1da CMakeFiles/P2_BlackPill.dir/Drivers/STM32F4xx_HAL_Driver/Src/stm32f4xx_hal_pcd_ex.c.obj
 .debug_abbrev  0x00002e3e      0x2b3 CMakeFiles/P2_BlackPill.dir/Drivers/STM32F4xx_HAL_Driver/Src/stm32f4xx_ll_usb.c.obj
 .debug_abbrev  0x000030f1      0x2b6 CMakeFiles/P2_BlackPill.dir/Drivers/STM32F4xx_HAL_Driver/Src/stm32f4xx_hal_rcc.c.obj
 .debug_abbrev  0x000033a7      0x1d3 CMakeFiles/P2_BlackPill.dir/Drivers/STM32F4xx_HAL_Driver/Src/stm32f4xx_hal_gpio.c.obj
 .debug_abbrev  0x0000357a      0x31d CMakeFiles/P2_BlackPill.dir/Drivers/STM32F4xx_HAL_Driver/Src/stm32f4xx_hal_cortex.c.obj
 .debug_abbrev  0x00003897      0x24b CMakeFiles/P2_BlackPill.dir/Drivers/STM32F4xx_HAL_Driver/Src/stm32f4xx_hal.c.obj
 .debug_abbrev  0x00003ae2      0x11a CMakeFiles/P2_BlackPill.dir/Core/Src/system_stm32f4xx.c.obj
 .debug_abbrev  0x00003bfc      0x27c CMakeFiles/P2_BlackPill.dir/Middlewares/ST/STM32_USB_Device_Library/Core/Src/usbd_core.c.obj
 .debug_abbrev  0x00003e78      0x26f CMakeFiles/P2_BlackPill.dir/Middlewares/ST/STM32_USB_Device_Library/Core/Src/usbd_ctlreq.c.obj
 .debug_abbrev  0x000040e7      0x19a CMakeFiles/P2_BlackPill.dir/Middlewares/ST/STM32_USB_Device_Library/Core/Src/usbd_ioreq.c.obj
 .debug_abbrev  0x00004281       0xbc CMakeFiles/P2_BlackPill.dir/Core/Src/sysmem.c.obj
 .debug_abbrev  0x0000433d      0x1b6 CMakeFiles/P2_BlackPill.dir/Core/Src/syscalls.c.obj
 .debug_abbrev  0x000044f3       0x24 CMakeFiles/P2_BlackPill.dir/startup_stm32f411xe.s.obj
 .debug_abbrev  0x00004517      0x38d libFreeRTOS-Kernel.a(tasks.c.obj)
 .debug_abbrev  0x000048a4       0xee libFreeRTOS-Kernel.a(list.c.obj)
 .debug_abbrev  0x00004992      0x32c libFreeRTOS-Kernel.a(timers.c.obj)
 .debug_abbrev  0x00004cbe      0x1f5 libFreeRTOS-Kernel.a(heap_4.c.obj)
 .debug_abbrev  0x00004eb3      0x208 libFreeRTOS-Kernel.a(port.c.obj)
 .debug_abbrev  0x000050bb      0x169 libFreeRTOS-Kernel.a(IdleMemory.c.obj)
 .debug_abbrev  0x00005224      0x377 libFreeRTOS-Kernel.a(queue.c.obj)
 .debug_abbrev  0x0000559b       0x14 /usr/lib/gcc/arm-none-eabi/14.2.0/thumb/v7e-m+fp/hard/libgcc.a(_aeabi_uldivmod.o)
 .debug_abbrev  0x000055af      0x16a /usr/lib/gcc/arm-none-eabi/14.2.0/thumb/v7e-m+fp/hard/libgcc.a(_udivmoddi4.o)
 .debug_abbrev  0x00005719       0x26 /usr/lib/gcc/arm-none-eabi/14.2.0/thumb/v7e-m+fp/hard/libgcc.a(_dvmd_tls.o)
 .debug_abbrev  0x0000573f      0x21a /usr/lib/gcc/arm-none-eabi/14.2.0/../../../../arm-none-eabi/lib/thumb/v7e-m+fp/hard/libg_nano.a(libc_a-printf.o)
 .debug_abbrev  0x00005959      0x2a7 /usr/lib/gcc/arm-none-eabi/14.2.0/../../../../arm-none-eabi/lib/thumb/v7e-m+fp/hard/libg_nano.a(libc_a-puts.o)
 .debug_abbrev  0x00005c00      0x22d /usr/lib/gcc/arm-none-eabi/14.2.0/../../../../arm-none-eabi/lib/thumb/v7e-m+fp/hard/libg_nano.a(libc_a-wbuf.o)
 .debug_abbrev  0x00005e2d      0x1e2 /usr/lib/gcc/arm-none-eabi/14.2.0/../../../../arm-none-eabi/lib/thumb/v7e-m+fp/hard/libg_nano.a(libc_a-wsetup.o)
 .debug_abbrev  0x0000600f      0x15e /usr/lib/gcc/arm-none-eabi/14.2.0/../../../../arm-none-eabi/lib/thumb/v7e-m+fp/hard/libg_nano.a(libc_a-errno.o)
 .debug_abbrev  0x0000616d       0xc1 /usr/lib/gcc/arm-none-eabi/14.2.0/../../../../arm-none-eabi/lib/thumb/v7e-m+fp/hard/libg_nano.a(libc_a-memcpy-stub.o)
 .debug_abbrev  0x0000622e      0x316 /usr/lib/gcc/arm-none-eabi/14.2.0/../../../../arm-none-eabi/lib/thumb/v7e-m+fp/hard/libg_nano.a(libc_a-nano-vfprintf.o)
 .debug_abbrev  0x00006544      0x28e /usr/lib/gcc/arm-none-eabi/14.2.0/../../../../arm-none-eabi/lib/thumb/v7e-m+fp/hard/libg_nano.a(libc_a-nano-vfprintf_i.o)
 .debug_abbrev  0x000067d2      0x290 /usr/lib/gcc/arm-none-eabi/14.2.0/../../../../arm-none-eabi/lib/thumb/v7e-m+fp/hard/libg_nano.a(libc_a-makebuf.o)
 .debug_abbrev  0x00006a62      0x1c3 /usr/lib/gcc/arm-none-eabi/14.2.0/../../../../arm-none-eabi/lib/thumb/v7e-m+fp/hard/libg_nano.a(libc_a-fstatr.o)
 .debug_abbrev  0x00006c25      0x1b0 /usr/lib/gcc/arm-none-eabi/14.2.0/../../../../arm-none-eabi/lib/thumb/v7e-m+fp/hard/libg_nano.a(libc_a-isattyr.o)
 .debug_abbrev  0x00006dd5       0x14 /usr/lib/gcc/arm-none-eabi/14.2.0/../../../../arm-none-eabi/lib/thumb/v7e-m+fp/hard/libg_nano.a(libc_a-memchr.o)

.debug_loclists
                0x00000000     0x2731
 .debug_loclists
                0x00000000      0x2b6 /usr/lib/gcc/arm-none-eabi/14.2.0/../../../../arm-none-eabi/lib/thumb/v7e-m+fp/hard/libc_nano.a(libc_a-findfp.o)
 .debug_loclists
                0x000002b6       0x91 /usr/lib/gcc/arm-none-eabi/14.2.0/../../../../arm-none-eabi/lib/thumb/v7e-m+fp/hard/libc_nano.a(libc_a-fwalk.o)
 .debug_loclists
                0x00000347      0x25d /usr/lib/gcc/arm-none-eabi/14.2.0/../../../../arm-none-eabi/lib/thumb/v7e-m+fp/hard/libc_nano.a(libc_a-stdio.o)
 .debug_loclists
                0x000005a4       0x4d /usr/lib/gcc/arm-none-eabi/14.2.0/../../../../arm-none-eabi/lib/thumb/v7e-m+fp/hard/libc_nano.a(libc_a-memset.o)
 .debug_loclists
                0x000005f1       0x58 /usr/lib/gcc/arm-none-eabi/14.2.0/../../../../arm-none-eabi/lib/thumb/v7e-m+fp/hard/libc_nano.a(libc_a-closer.o)
 .debug_loclists
                0x00000649       0x9c /usr/lib/gcc/arm-none-eabi/14.2.0/../../../../arm-none-eabi/lib/thumb/v7e-m+fp/hard/libc_nano.a(libc_a-reent.o)
 .debug_loclists
                0x000006e5       0xa0 /usr/lib/gcc/arm-none-eabi/14.2.0/../../../../arm-none-eabi/lib/thumb/v7e-m+fp/hard/libc_nano.a(libc_a-lseekr.o)
 .debug_loclists