Archive member included to satisfy reference by file (symbol)

/usr/lib/gcc/arm-none-eabi/14.2.0/../../../../arm-none-eabi/lib/thumb/v7e-m+fp/hard/libc_nano.a(libc_a-atexit.o)
                              /usr/lib/gcc/arm-none-eabi/14.2.0/../../../../arm-none-eabi/lib/thumb/v7e-m+fp/hard/crt0.o (atexit)
/usr/lib/gcc/arm-none-eabi/14.2.0/../../../../arm-none-eabi/lib/thumb/v7e-m+fp/hard/libc_nano.a(libc_a-exit.o)
                              /usr/lib/gcc/arm-none-eabi/14.2.0/../../../../arm-none-eabi/lib/thumb/v7e-m+fp/hard/crt0.o (exit)
/usr/lib/gcc/arm-none-eabi/14.2.0/../../../../arm-none-eabi/lib/thumb/v7e-m+fp/hard/libc_nano.a(libc_a-findfp.o)
                              /usr/lib/gcc/arm-none-eabi/14.2.0/../../../../arm-none-eabi/lib/thumb/v7e-m+fp/hard/libc_nano.a(libc_a-exit.o) (__stdio_exit_handler)
/usr/lib/gcc/arm-none-eabi/14.2.0/../../../../arm-none-eabi/lib/thumb/v7e-m+fp/hard/libc_nano.a(libc_a-fwalk.o)
                              /usr/lib/gcc/arm-none-eabi/14.2.0/../../../../arm-none-eabi/lib/thumb/v7e-m+fp/hard/libc_nano.a(libc_a-findfp.o) (_fwalk_sglue)
/usr/lib/gcc/arm-none-eabi/14.2.0/../../../../arm-none-eabi/lib/thumb/v7e-m+fp/hard/libc_nano.a(libc_a-stdio.o)
                              /usr/lib/gcc/arm-none-eabi/14.2.0/../../../../arm-none-eabi/lib/thumb/v7e-m+fp/hard/libc_nano.a(libc_a-findfp.o) (__sread)
/usr/lib/gcc/arm-none-eabi/14.2.0/../../../../arm-none-eabi/lib/thumb/v7e-m+fp/hard/libc_nano.a(libc_a-memset.o)
                              /usr/lib/gcc/arm-none-eabi/14.2.0/../../../../arm-none-eabi/lib/thumb/v7e-m+fp/hard/crt0.o (memset)
/usr/lib/gcc/arm-none-eabi/14.2.0/../../../../arm-none-eabi/lib/thumb/v7e-m+fp/hard/libc_nano.a(libc_a-closer.o)
                              /usr/lib/gcc/arm-none-eabi/14.2.0/../../../../arm-none-eabi/lib/thumb/v7e-m+fp/hard/libc_nano.a(libc_a-stdio.o) (_close_r)
/usr/lib/gcc/arm-none-eabi/14.2.0/../../../../arm-none-eabi/lib/thumb/v7e-m+fp/hard/libc_nano.a(libc_a-reent.o)
                              /usr/lib/gcc/arm-none-eabi/14.2.0/../../../../arm-none-eabi/lib/thumb/v7e-m+fp/hard/libc_nano.a(libc_a-closer.o) (errno)
/usr/lib/gcc/arm-none-eabi/14.2.0/../../../../arm-none-eabi/lib/thumb/v7e-m+fp/hard/libc_nano.a(libc_a-impure.o)
                              /usr/lib/gcc/arm-none-eabi/14.2.0/../../../../arm-none-eabi/lib/thumb/v7e-m+fp/hard/libc_nano.a(libc_a-reent.o) (_impure_ptr)
/usr/lib/gcc/arm-none-eabi/14.2.0/../../../../arm-none-eabi/lib/thumb/v7e-m+fp/hard/libc_nano.a(libc_a-lseekr.o)
                              /usr/lib/gcc/arm-none-eabi/14.2.0/../../../../arm-none-eabi/lib/thumb/v7e-m+fp/hard/libc_nano.a(libc_a-stdio.o) (_lseek_r)
/usr/lib/gcc/arm-none-eabi/14.2.0/../../../../arm-none-eabi/lib/thumb/v7e-m+fp/hard/libc_nano.a(libc_a-readr.o)
                              /usr/lib/gcc/arm-none-eabi/14.2.0/../../../../arm-none-eabi/lib/thumb/v7e-m+fp/hard/libc_nano.a(libc_a-stdio.o) (_read_r)
/usr/lib/gcc/arm-none-eabi/14.2.0/../../../../arm-none-eabi/lib/thumb/v7e-m+fp/hard/libc_nano.a(libc_a-writer.o)
                              /usr/lib/gcc/arm-none-eabi/14.2.0/../../../../arm-none-eabi/lib/thumb/v7e-m+fp/hard/libc_nano.a(libc_a-stdio.o) (_write_r)
/usr/lib/gcc/arm-none-eabi/14.2.0/../../../../arm-none-eabi/lib/thumb/v7e-m+fp/hard/libc_nano.a(libc_a-init.o)
                              /usr/lib/gcc/arm-none-eabi/14.2.0/../../../../arm-none-eabi/lib/thumb/v7e-m+fp/hard/crt0.o (__libc_init_array)
/usr/lib/gcc/arm-none-eabi/14.2.0/../../../../arm-none-eabi/lib/thumb/v7e-m+fp/hard/libc_nano.a(libc_a-fini.o)
                              /usr/lib/gcc/arm-none-eabi/14.2.0/../../../../arm-none-eabi/lib/thumb/v7e-m+fp/hard/crt0.o (__libc_fini_array)
/usr/lib/gcc/arm-none-eabi/14.2.0/../../../../arm-none-eabi/lib/thumb/v7e-m+fp/hard/libc_nano.a(libc_a-lock.o)
                              /usr/lib/gcc/arm-none-eabi/14.2.0/../../../../arm-none-eabi/lib/thumb/v7e-m+fp/hard/libc_nano.a(libc_a-findfp.o) (__retarget_lock_init_recursive)
/usr/lib/gcc/arm-none-eabi/14.2.0/../../../../arm-none-eabi/lib/thumb/v7e-m+fp/hard/libc_nano.a(libc_a-__atexit.o)
                              /usr/lib/gcc/arm-none-eabi/14.2.0/../../../../arm-none-eabi/lib/thumb/v7e-m+fp/hard/libc_nano.a(libc_a-atexit.o) (__register_exitproc)
/usr/lib/gcc/arm-none-eabi/14.2.0/../../../../arm-none-eabi/lib/thumb/v7e-m+fp/hard/libc_nano.a(libc_a-__call_atexit.o)
                              /usr/lib/gcc/arm-none-eabi/14.2.0/../../../../arm-none-eabi/lib/thumb/v7e-m+fp/hard/libc_nano.a(libc_a-__atexit.o) (__call_exitprocs)
/usr/lib/gcc/arm-none-eabi/14.2.0/../../../../arm-none-eabi/lib/thumb/v7e-m+fp/hard/libc_nano.a(libc_a-freer.o)
                              /usr/lib/gcc/arm-none-eabi/14.2.0/../../../../arm-none-eabi/lib/thumb/v7e-m+fp/hard/libc_nano.a(libc_a-reent.o) (_free_r)
/usr/lib/gcc/arm-none-eabi/14.2.0/../../../../arm-none-eabi/lib/thumb/v7e-m+fp/hard/libc_nano.a(libc_a-mallocr.o)
[...]
Memory Configuration

Name             Origin             Length             Attributes
RAM              0x20000000         0x00020000         xrw
FLASH            0x08000000         0x00080000         xr
*default*        0x00000000         0xffffffff

Linker script and memory map

LOAD /usr/lib/gcc/arm-none-eabi/14.2.0/thumb/v7e-m+fp/hard/crti.o
LOAD /usr/lib/gcc/arm-none-eabi/14.2.0/thumb/v7e-m+fp/hard/crtbegin.o
LOAD /usr/lib/gcc/arm-none-eabi/14.2.0/../../../../arm-none-eabi/lib/thumb/v7e-m+fp/hard/crt0.o
START GROUP
LOAD /usr/lib/gcc/arm-none-eabi/14.2.0/../../../../arm-none-eabi/lib/thumb/v7e-m+fp/hard/libc_nano.a
LOAD /usr/lib/gcc/arm-none-eabi/14.2.0/../../../../arm-none-eabi/lib/thumb/v7e-m+fp/hard/libm.a
END GROUP
LOAD CMakeFiles/P2_BlackPill.dir/Core/Src/main.c.obj
LOAD CMakeFiles/P2_BlackPill.dir/Core/Src/main_init.c.obj
LOAD CMakeFiles/P2_BlackPill.dir/Core/Src/stm32f4xx_it.c.obj
LOAD CMakeFiles/P2_BlackPill.dir/Core/Src/stm32f4xx_hal_msp.c.obj
LOAD CMakeFiles/P2_BlackPill.dir/USB_DEVICE/App/usb_device.c.obj
LOAD CMakeFiles/P2_BlackPill.dir/USB_DEVICE/App/usbd_desc.c.obj
LOAD CMakeFiles/P2_BlackPill.dir/USB_DEVICE/App/usbd_cdc_if.c.obj
LOAD CMakeFiles/P2_BlackPill.dir/USB_DEVICE/Target/usbd_conf.c.obj
LOAD CMakeFiles/P2_BlackPill.dir/Drivers/STM32F4xx_HAL_Driver/Src/stm32f4xx_hal_pcd.c.obj
LOAD CMakeFiles/P2_BlackPill.dir/Drivers/STM32F4xx_HAL_Driver/Src/stm32f4xx_hal_pcd_ex.c.obj
LOAD CMakeFiles/P2_BlackPill.dir/Drivers/STM32F4xx_HAL_Driver/Src/stm32f4xx_ll_usb.c.obj
LOAD CMakeFiles/P2_BlackPill.dir/Drivers/STM32F4xx_HAL_Driver/Src/stm32f4xx_hal_rcc.c.obj
LOAD CMakeFiles/P2_BlackPill.dir/Drivers/STM32F4xx_HAL_Driver/Src/stm32f4xx_hal_rcc_ex.c.obj
LOAD CMakeFiles/P2_BlackPill.dir/Drivers/STM32F4xx_HAL_Driver/Src/stm32f4xx_hal_flash.c.obj
LOAD CMakeFiles/P2_BlackPill.dir/Drivers/STM32F4xx_HAL_Driver/Src/stm32f4xx_hal_flash_ex.c.obj
LOAD CMakeFiles/P2_BlackPill.dir/Drivers/STM32F4xx_HAL_Driver/Src/stm32f4xx_hal_flash_ramfunc.c.obj
LOAD CMakeFiles/P2_BlackPill.dir/Drivers/STM32F4xx_HAL_Driver/Src/stm32f4xx_hal_gpio.c.obj
LOAD CMakeFiles/P2_BlackPill.dir/Drivers/STM32F4xx_HAL_Driver/Src/stm32f4xx_hal_dma_ex.c.obj
LOAD CMakeFiles/P2_BlackPill.dir/Drivers/STM32F4xx_HAL_Driver/Src/stm32f4xx_hal_dma.c.obj
LOAD CMakeFiles/P2_BlackPill.dir/Drivers/STM32F4xx_HAL_Driver/Src/stm32f4xx_hal_pwr.c.obj
LOAD CMakeFiles/P2_BlackPill.dir/Drivers/STM32F4xx_HAL_Driver/Src/stm32f4xx_hal_pwr_ex.c.obj
LOAD CMakeFiles/P2_BlackPill.dir/Drivers/STM32F4xx_HAL_Driver/Src/stm32f4xx_hal_cortex.c.obj
LOAD CMakeFiles/P2_BlackPill.dir/Drivers/STM32F4xx_HAL_Driver/Src/stm32f4xx_hal.c.obj
LOAD CMakeFiles/P2_BlackPill.dir/Drivers/STM32F4xx_HAL_Driver/Src/stm32f4xx_hal_exti.c.obj
LOAD CMakeFiles/P2_BlackPill.dir/Drivers/STM32F4xx_HAL_Driver/Src/stm32f4xx_hal_tim.c.obj
LOAD CMakeFiles/P2_BlackPill.dir/Drivers/STM32F4xx_HAL_Driver/Src/stm32f4xx_hal_tim_ex.c.obj
LOAD CMakeFiles/P2_BlackPill.dir/Drivers/STM32F4xx_HAL_Driver/Src/stm32f4xx_hal_uart.c.obj
LOAD CMakeFiles/P2_BlackPill.dir/Core/Src/system_stm32f4xx.c.obj
LOAD CMakeFiles/P2_BlackPill.dir/Middlewares/ST/STM32_USB_Device_Library/Core/Src/usbd_core.c.obj
LOAD CMakeFiles/P2_BlackPill.dir/Middlewares/ST/STM32_USB_Device_Library/Core/Src/usbd_ctlreq.c.obj
LOAD CMakeFiles/P2_BlackPill.dir/Middlewares/ST/STM32_USB_Device_Library/Core/Src/usbd_ioreq.c.obj
LOAD CMakeFiles/P2_BlackPill.dir/Middlewares/ST/STM32_USB_Device_Library/Class/CDC/Src/usbd_cdc.c.obj
LOAD CMakeFiles/P2_BlackPill.dir/Core/Src/sysmem.c.obj
LOAD CMakeFiles/P2_BlackPill.dir/Core/Src/syscalls.c.obj
LOAD CMakeFiles/P2_BlackPill.dir/startup_stm32f411xe.s.obj
LOAD libFreeRTOS-Kernel.a
START GROUP
LOAD /usr/lib/gcc/arm-none-eabi/14.2.0/thumb/v7e-m+fp/hard/libgcc.a
LOAD /usr/lib/gcc/arm-none-eabi/14.2.0/../../../../arm-none-eabi/lib/thumb/v7e-m+fp/hard/libg_nano.a
LOAD /usr/lib/gcc/arm-none-eabi/14.2.0/../../../../arm-none-eabi/lib/thumb/v7e-m+fp/hard/libc_nano.a
END GROUP
START GROUP
LOAD /usr/lib/gcc/arm-none-eabi/14.2.0/thumb/v7e-m+fp/hard/libgcc.a
LOAD /usr/lib/gcc/arm-none-eabi/14.2.0/../../../../arm-none-eabi/lib/thumb/v7e-m+fp/hard/libc_nano.a
END GROUP
LOAD /usr/lib/gcc/arm-none-eabi/14.2.0/thumb/v7e-m+fp/hard/crtend.o
LOAD /usr/lib/gcc/arm-none-eabi/14.2.0/thumb/v7e-m+fp/hard/crtn.o
                0x20020000                        _estack = (ORIGIN (RAM) + LENGTH (RAM))
                0x00000200                        _Min_Heap_Size = 0x200
                0x00000400                        _Min_Stack_Size = 0x400

.isr_vector     0x08000000      0x198
                0x08000000                        . = ALIGN (0x4)
 *(.isr_vector)
 .isr_vector    0x08000000      0x198 CMakeFiles/P2_BlackPill.dir/startup_stm32f411xe.s.obj
                0x08000000                g_pfnVectors
                0x08000198                        . = ALIGN (0x4)

.text           0x080001a0     0x80e0
                0x080001a0                        . = ALIGN (0x4)
 *(.text)
 .text          0x080001a0       0x30 /usr/lib/gcc/arm-none-eabi/14.2.0/thumb/v7e-m+fp/hard/libgcc.a(_aeabi_uldivmod.o)
                0x080001a0                __aeabi_uldivmod
 .text          0x080001d0        0x4 /usr/lib/gcc/arm-none-eabi/14.2.0/thumb/v7e-m+fp/hard/libgcc.a(_dvmd_tls.o)
                0x080001d0                __aeabi_ldiv0
                0x080001d0                __aeabi_idiv0
 *fill*         0x080001d4        0xc 
 .text          0x080001e0       0xa0 /usr/lib/gcc/arm-none-eabi/14.2.0/../../../../arm-none-eabi/lib/thumb/v7e-m+fp/hard/libg_nano.a(libc_a-memchr.o)
                0x080001e0                memchr
 *(.text*)
 .text.__do_global_dtors_aux
                0x08000280       0x24 /usr/lib/gcc/arm-none-eabi/14.2.0/thumb/v7e-m+fp/hard/crtbegin.o
 .text.frame_dummy
                0x080002a4       0x1c /usr/lib/gcc/arm-none-eabi/14.2.0/thumb/v7e-m+fp/hard/crtbegin.o
 .text.std      0x080002c0       0x6c /usr/lib/gcc/arm-none-eabi/14.2.0/../../../../arm-none-eabi/lib/thumb/v7e-m+fp/hard/libc_nano.a(libc_a-findfp.o)
 .text.stdio_exit_handler
                0x0800032c       0x18 /usr/lib/gcc/arm-none-eabi/14.2.0/../../../../arm-none-eabi/lib/thumb/v7e-m+fp/hard/libc_nano.a(libc_a-findfp.o)
 .text.cleanup_stdio
                0x08000344       0x40 /usr/lib/gcc/arm-none-eabi/14.2.0/../../../../arm-none-eabi/lib/thumb/v7e-m+fp/hard/libc_nano.a(libc_a-findfp.o)
 .text.global_stdio_init.part.0
                0x08000384       0x40 /usr/lib/gcc/arm-none-eabi/14.2.0/../../../../arm-none-eabi/lib/thumb/v7e-m+fp/hard/libc_nano.a(libc_a-findfp.o)
 .text.__sfp_lock_acquire
                0x080003c4        0xc /usr/lib/gcc/arm-none-eabi/14.2.0/../../../../arm-none-eabi/lib/thumb/v7e-m+fp/hard/libc_nano.a(libc_a-findfp.o)
                0x080003c4                __sfp_lock_acquire
 .text.__sfp_lock_release
                0x080003d0        0xc /usr/lib/gcc/arm-none-eabi/14.2.0/../../../../arm-none-eabi/lib/thumb/v7e-m+fp/hard/libc_nano.a(libc_a-findfp.o)
                0x080003d0                __sfp_lock_release
 .text.__sinit  0x080003dc       0x30 /usr/lib/gcc/arm-none-eabi/14.2.0/../../../../arm-none-eabi/lib/thumb/v7e-m+fp/hard/libc_nano.a(libc_a-findfp.o)
                0x080003dc                __sinit
 .text._fwalk_sglue
                0x0800040c       0x3c /usr/lib/gcc/arm-none-eabi/14.2.0/../../../../arm-none-eabi/lib/thumb/v7e-m+fp/hard/libc_nano.a(libc_a-fwalk.o)
                0x0800040c                _fwalk_sglue
 .text.__sread  0x08000448       0x22 /usr/lib/gcc/arm-none-eabi/14.2.0/../../../../arm-none-eabi/lib/thumb/v7e-m+fp/hard/libc_nano.a(libc_a-stdio.o)
                0x08000448                __sread
 .text.__swrite
                0x0800046a       0x38 /usr/lib/gcc/arm-none-eabi/14.2.0/../../../../arm-none-eabi/lib/thumb/v7e-m+fp/hard/libc_nano.a(libc_a-stdio.o)
                0x0800046a                __swrite
 .text.__sseek  0x080004a2       0x26 /usr/lib/gcc/arm-none-eabi/14.2.0/../../../../arm-none-eabi/lib/thumb/v7e-m+fp/hard/libc_nano.a(libc_a-stdio.o)
                0x080004a2                __sseek
 .text.__sclose
                0x080004c8        0x8 /usr/lib/gcc/arm-none-eabi/14.2.0/../../../../arm-none-eabi/lib/thumb/v7e-m+fp/hard/libc_nano.a(libc_a-stdio.o)
                0x080004c8                __sclose
 .text.memset   0x080004d0       0x10 /usr/lib/gcc/arm-none-eabi/14.2.0/../../../../arm-none-eabi/lib/thumb/v7e-m+fp/hard/libc_nano.a(libc_a-memset.o)
                0x080004d0                memset
 .text._close_r
                0x080004e0       0x20 /usr/lib/gcc/arm-none-eabi/14.2.0/../../../../arm-none-eabi/lib/thumb/v7e-m+fp/hard/libc_nano.a(libc_a-closer.o)
                0x080004e0                _close_r
 .text._lseek_r
                0x08000500       0x24 /usr/lib/gcc/arm-none-eabi/14.2.0/../../../../arm-none-eabi/lib/thumb/v7e-m+fp/hard/libc_nano.a(libc_a-lseekr.o)
                0x08000500                _lseek_r
 .text._read_r  0x08000524       0x24 /usr/lib/gcc/arm-none-eabi/14.2.0/../../../../arm-none-eabi/lib/thumb/v7e-m+fp/hard/libc_nano.a(libc_a-readr.o)
                0x08000524                _read_r
 .text._write_r
                0x08000548       0x24 /usr/lib/gcc/arm-none-eabi/14.2.0/../../../../arm-none-eabi/lib/thumb/v7e-m+fp/hard/libc_nano.a(libc_a-writer.o)
                0x08000548                _write_r
 .text.__libc_init_array
                0x0800056c       0x48 /usr/lib/gcc/arm-none-eabi/14.2.0/../../../../arm-none-eabi/lib/thumb/v7e-m+fp/hard/libc_nano.a(libc_a-init.o)
                0x0800056c                __libc_init_array
 .text.__retarget_lock_init_recursive
                0x080005b4        0x2 /usr/lib/gcc/arm-none-eabi/14.2.0/../../../../arm-none-eabi/lib/thumb/v7e-m+fp/hard/libc_nano.a(libc_a-lock.o)
                0x080005b4                __retarget_lock_init_recursive
 .text.__retarget_lock_acquire_recursive
                0x080005b6        0x2 /usr/lib/gcc/arm-none-eabi/14.2.0/../../../../arm-none-eabi/lib/thumb/v7e-m+fp/hard/libc_nano.a(libc_a-lock.o)
                0x080005b6                __retarget_lock_acquire_recursive
 .text.__retarget_lock_release_recursive
                0x080005b8        0x2 /usr/lib/gcc/arm-none-eabi/14.2.0/../../../../arm-none-eabi/lib/thumb/v7e-m+fp/hard/libc_nano.a(libc_a-lock.o)
                0x080005b8                __retarget_lock_release_recursive
 *fill*         0x080005ba        0x2 
 .text._free_r  0x080005bc       0x94 /usr/lib/gcc/arm-none-eabi/14.2.0/../../../../arm-none-eabi/lib/thumb/v7e-m+fp/hard/libc_nano.a(libc_a-freer.o)
                0x080005bc                _free_r
 .text.sbrk_aligned
                0x08000650       0x44 /usr/lib/gcc/arm-none-eabi/14.2.0/../../../../arm-none-eabi/lib/thumb/v7e-m+fp/hard/libc_nano.a(libc_a-mallocr.o)
 .text._malloc_r
                0x08000694      0x100 /usr/lib/gcc/arm-none-eabi/14.2.0/../../../../arm-none-eabi/lib/thumb/v7e-m+fp/hard/libc_nano.a(libc_a-mallocr.o)
                0x08000694                _malloc_r
 .text.__malloc_lock
                0x08000794        0xc /usr/lib/gcc/arm-none-eabi/14.2.0/../../../../arm-none-eabi/lib/thumb/v7e-m+fp/hard/libc_nano.a(libc_a-mlock.o)
                0x08000794                __malloc_lock
 .text.__malloc_unlock
                0x080007a0        0xc /usr/lib/gcc/arm-none-eabi/14.2.0/../../../../arm-none-eabi/lib/thumb/v7e-m+fp/hard/libc_nano.a(libc_a-mlock.o)
                0x080007a0                __malloc_unlock
 .text.__sflush_r
                0x080007ac      0x104 /usr/lib/gcc/arm-none-eabi/14.2.0/../../../../arm-none-eabi/lib/thumb/v7e-m+fp/hard/libc_nano.a(libc_a-fflush.o)
                0x080007ac                __sflush_r
 .text._fflush_r
                0x080008b0       0x50 /usr/lib/gcc/arm-none-eabi/14.2.0/../../../../arm-none-eabi/lib/thumb/v7e-m+fp/hard/libc_nano.a(libc_a-fflush.o)
                0x080008b0                _fflush_r
 .text._sbrk_r  0x08000900       0x20 /usr/lib/gcc/arm-none-eabi/14.2.0/../../../../arm-none-eabi/lib/thumb/v7e-m+fp/hard/libc_nano.a(libc_a-sbrkr.o)
                0x08000900                _sbrk_r
 .text.main     0x08000920       0x50 CMakeFiles/P2_BlackPill.dir/Core/Src/main.c.obj
                0x08000920                main
 .text.DisplayTask
                0x08000970       0x94 CMakeFiles/P2_BlackPill.dir/Core/Src/main.c.obj
                0x08000970                DisplayTask
 .text.CounterTask
                0x08000a04       0x44 CMakeFiles/P2_BlackPill.dir/Core/Src/main.c.obj
                0x08000a04                CounterTask
 .text.updateDigits
                0x08000a48       0xb4 CMakeFiles/P2_BlackPill.dir/Core/Src/main.c.obj
                0x08000a48                updateDigits
 .text.displayDigit
                0x08000afc       0xf0 CMakeFiles/P2_BlackPill.dir/Core/Src/main.c.obj
                0x08000afc                displayDigit
 .text.System_Init
                0x08000bec       0x14 CMakeFiles/P2_BlackPill.dir/Core/Src/main_init.c.obj
                0x08000bec                System_Init
 .text.Clock_Init
                0x08000c00       0x88 CMakeFiles/P2_BlackPill.dir/Core/Src/main_init.c.obj
                0x08000c00                Clock_Init
 .text.GPIO_Init
                0x08000c88       0xd0 CMakeFiles/P2_BlackPill.dir/Core/Src/main_init.c.obj
                0x08000c88                GPIO_Init
 .text.Error_Handler
                0x08000d58       0x1c CMakeFiles/P2_BlackPill.dir/Core/Src/main_init.c.obj
                0x08000d58                Error_Handler
 .text.NMI_Handler
                0x08000d74        0x8 CMakeFiles/P2_BlackPill.dir/Core/Src/stm32f4xx_it.c.obj
                0x08000d74                NMI_Handler
 .text.HardFault_Handler
                0x08000d7c        0x8 CMakeFiles/P2_BlackPill.dir/Core/Src/stm32f4xx_it.c.obj
                0x08000d7c                HardFault_Handler
 .text.MemManage_Handler
                0x08000d84        0x8 CMakeFiles/P2_BlackPill.dir/Core/Src/stm32f4xx_it.c.obj
                0x08000d84                MemManage_Handler
 .text.BusFault_Handler
                0x08000d8c        0x8 CMakeFiles/P2_BlackPill.dir/Core/Src/stm32f4xx_it.c.obj
                0x08000d8c                BusFault_Handler
 .text.UsageFault_Handler
                0x08000d94        0x8 CMakeFiles/P2_BlackPill.dir/Core/Src/stm32f4xx_it.c.obj
                0x08000d94                UsageFault_Handler
 .text.DebugMon_Handler
                0x08000d9c        0xe CMakeFiles/P2_BlackPill.dir/Core/Src/stm32f4xx_it.c.obj
                0x08000d9c                DebugMon_Handler
 *fill*         0x08000daa        0x2 
 .text.OTG_FS_IRQHandler
                0x08000dac       0x14 CMakeFiles/P2_BlackPill.dir/Core/Src/stm32f4xx_it.c.obj
                0x08000dac                OTG_FS_IRQHandler
 .text.HAL_MspInit
                0x08000dc0       0x50 CMakeFiles/P2_BlackPill.dir/Core/Src/stm32f4xx_hal_msp.c.obj
                0x08000dc0                HAL_MspInit
 .text.HAL_PCD_SetupStageCallback
                0x08000e10       0x24 CMakeFiles/P2_BlackPill.dir/USB_DEVICE/Target/usbd_conf.c.obj
                0x08000e10                HAL_PCD_SetupStageCallback
 .text.HAL_PCD_DataOutStageCallback
                0x08000e34       0x36 CMakeFiles/P2_BlackPill.dir/USB_DEVICE/Target/usbd_conf.c.obj
                0x08000e34                HAL_PCD_DataOutStageCallback
 .text.HAL_PCD_DataInStageCallback
                0x08000e6a       0x34 CMakeFiles/P2_BlackPill.dir/USB_DEVICE/Target/usbd_conf.c.obj
                0x08000e6a                HAL_PCD_DataInStageCallback
 .text.HAL_PCD_SOFCallback
                0x08000e9e       0x1c CMakeFiles/P2_BlackPill.dir/USB_DEVICE/Target/usbd_conf.c.obj
                0x08000e9e                HAL_PCD_SOFCallback
 .text.HAL_PCD_ResetCallback
                0x08000eba       0x3c CMakeFiles/P2_BlackPill.dir/USB_DEVICE/Target/usbd_conf.c.obj
                0x08000eba                HAL_PCD_ResetCallback
 *fill*         0x08000ef6        0x2 
 .text.HAL_PCD_SuspendCallback
                0x08000ef8       0x4c CMakeFiles/P2_BlackPill.dir/USB_DEVICE/Target/usbd_conf.c.obj
                0x08000ef8                HAL_PCD_SuspendCallback
 .text.HAL_PCD_ResumeCallback
                0x08000f44       0x1c CMakeFiles/P2_BlackPill.dir/USB_DEVICE/Target/usbd_conf.c.obj
                0x08000f44                HAL_PCD_ResumeCallback
 .text.HAL_PCD_ISOOUTIncompleteCallback
                0x08000f60       0x24 CMakeFiles/P2_BlackPill.dir/USB_DEVICE/Target/usbd_conf.c.obj
                0x08000f60                HAL_PCD_ISOOUTIncompleteCallback
 .text.HAL_PCD_ISOINIncompleteCallback
                0x08000f84       0x24 CMakeFiles/P2_BlackPill.dir/USB_DEVICE/Target/usbd_conf.c.obj
                0x08000f84                HAL_PCD_ISOINIncompleteCallback
 .text.HAL_PCD_ConnectCallback
                0x08000fa8       0x1c CMakeFiles/P2_BlackPill.dir/USB_DEVICE/Target/usbd_conf.c.obj
                0x08000fa8                HAL_PCD_ConnectCallback
 .text.HAL_PCD_DisconnectCallback
                0x08000fc4       0x1c CMakeFiles/P2_BlackPill.dir/USB_DEVICE/Target/usbd_conf.c.obj
                0x08000fc4                HAL_PCD_DisconnectCallback
 .text.USBD_LL_OpenEP
                0x08000fe0       0x4c CMakeFiles/P2_BlackPill.dir/USB_DEVICE/Target/usbd_conf.c.obj
                0x08000fe0                USBD_LL_OpenEP
 .text.USBD_LL_StallEP
                0x0800102c       0x3e CMakeFiles/P2_BlackPill.dir/USB_DEVICE/Target/usbd_conf.c.obj
                0x0800102c                USBD_LL_StallEP
 .text.USBD_LL_ClearStallEP
                0x0800106a       0x3e CMakeFiles/P2_BlackPill.dir/USB_DEVICE/Target/usbd_conf.c.obj
                0x0800106a                USBD_LL_ClearStallEP
 .text.USBD_LL_IsStallEP
                0x080010a8       0x58 CMakeFiles/P2_BlackPill.dir/USB_DEVICE/Target/usbd_conf.c.obj
                0x080010a8                USBD_LL_IsStallEP
 .text.USBD_LL_SetUSBAddress
                0x08001100       0x3e CMakeFiles/P2_BlackPill.dir/USB_DEVICE/Target/usbd_conf.c.obj
                0x08001100                USBD_LL_SetUSBAddress
 .text.USBD_LL_Transmit
                0x0800113e       0x42 CMakeFiles/P2_BlackPill.dir/USB_DEVICE/Target/usbd_conf.c.obj
                0x0800113e                USBD_LL_Transmit
 .text.USBD_LL_PrepareReceive
                0x08001180       0x42 CMakeFiles/P2_BlackPill.dir/USB_DEVICE/Target/usbd_conf.c.obj
                0x08001180                USBD_LL_PrepareReceive
 *fill*         0x080011c2        0x2 
 .text.USBD_Get_USB_Status
                0x080011c4       0x58 CMakeFiles/P2_BlackPill.dir/USB_DEVICE/Target/usbd_conf.c.obj
                0x080011c4                USBD_Get_USB_Status
 .text.HAL_PCD_IRQHandler
                0x0800121c      0x942 CMakeFiles/P2_BlackPill.dir/Drivers/STM32F4xx_HAL_Driver/Src/stm32f4xx_hal_pcd.c.obj
                0x0800121c                HAL_PCD_IRQHandler
 .text.HAL_PCD_SetAddress
                0x08001b5e       0x48 CMakeFiles/P2_BlackPill.dir/Drivers/STM32F4xx_HAL_Driver/Src/stm32f4xx_hal_pcd.c.obj
                0x08001b5e                HAL_PCD_SetAddress
 .text.HAL_PCD_EP_Open
                0x08001ba6       0xd4 CMakeFiles/P2_BlackPill.dir/Drivers/STM32F4xx_HAL_Driver/Src/stm32f4xx_hal_pcd.c.obj
                0x08001ba6                HAL_PCD_EP_Open
 .text.HAL_PCD_EP_Receive
                0x08001c7a       0x76 CMakeFiles/P2_BlackPill.dir/Drivers/STM32F4xx_HAL_Driver/Src/stm32f4xx_hal_pcd.c.obj
                0x08001c7a                HAL_PCD_EP_Receive
 .text.HAL_PCD_EP_Transmit
                0x08001cf0       0x74 CMakeFiles/P2_BlackPill.dir/Drivers/STM32F4xx_HAL_Driver/Src/stm32f4xx_hal_pcd.c.obj
                0x08001cf0                HAL_PCD_EP_Transmit
 .text.HAL_PCD_EP_SetStall
                0x08001d64       0xc6 CMakeFiles/P2_BlackPill.dir/Drivers/STM32F4xx_HAL_Driver/Src/stm32f4xx_hal_pcd.c.obj
                0x08001d64                HAL_PCD_EP_SetStall
 .text.HAL_PCD_EP_ClrStall
                0x08001e2a       0xac CMakeFiles/P2_BlackPill.dir/Drivers/STM32F4xx_HAL_Driver/Src/stm32f4xx_hal_pcd.c.obj
                0x08001e2a                HAL_PCD_EP_ClrStall
 .text.HAL_PCD_EP_Abort
                0x08001ed6       0x62 CMakeFiles/P2_BlackPill.dir/Drivers/STM32F4xx_HAL_Driver/Src/stm32f4xx_hal_pcd.c.obj
                0x08001ed6                HAL_PCD_EP_Abort
 .text.PCD_WriteEmptyTxFifo
                0x08001f38      0x118 CMakeFiles/P2_BlackPill.dir/Drivers/STM32F4xx_HAL_Driver/Src/stm32f4xx_hal_pcd.c.obj
 .text.PCD_EP_OutXfrComplete_int
                0x08002050      0x1d0 CMakeFiles/P2_BlackPill.dir/Drivers/STM32F4xx_HAL_Driver/Src/stm32f4xx_hal_pcd.c.obj
 .text.PCD_EP_OutSetupPacket_int
                0x08002220       0x8c CMakeFiles/P2_BlackPill.dir/Drivers/STM32F4xx_HAL_Driver/Src/stm32f4xx_hal_pcd.c.obj
 .text.HAL_PCDEx_LPM_Callback
                0x080022ac       0x18 CMakeFiles/P2_BlackPill.dir/Drivers/STM32F4xx_HAL_Driver/Src/stm32f4xx_hal_pcd_ex.c.obj
                0x080022ac                HAL_PCDEx_LPM_Callback
 .text.USB_SetTurnaroundTime
                0x080022c4      0x144 CMakeFiles/P2_BlackPill.dir/Drivers/STM32F4xx_HAL_Driver/Src/stm32f4xx_ll_usb.c.obj
                0x080022c4                USB_SetTurnaroundTime
 .text.USB_FlushTxFifo
                0x08002408       0x64 CMakeFiles/P2_BlackPill.dir/Drivers/STM32F4xx_HAL_Driver/Src/stm32f4xx_ll_usb.c.obj
                0x08002408                USB_FlushTxFifo
 .text.USB_GetDevSpeed
                0x0800246c       0x4a CMakeFiles/P2_BlackPill.dir/Drivers/STM32F4xx_HAL_Driver/Src/stm32f4xx_ll_usb.c.obj
                0x0800246c                USB_GetDevSpeed
 .text.USB_ActivateEndpoint
                0x080024b6      0x10e CMakeFiles/P2_BlackPill.dir/Drivers/STM32F4xx_HAL_Driver/Src/stm32f4xx_ll_usb.c.obj
                0x080024b6                USB_ActivateEndpoint
 .text.USB_EPStartXfer
                0x080025c4      0x53c CMakeFiles/P2_BlackPill.dir/Drivers/STM32F4xx_HAL_Driver/Src/stm32f4xx_ll_usb.c.obj
                0x080025c4                USB_EPStartXfer
 .text.USB_EPStopXfer
                0x08002b00      0x154 CMakeFiles/P2_BlackPill.dir/Drivers/STM32F4xx_HAL_Driver/Src/stm32f4xx_ll_usb.c.obj
                0x08002b00                USB_EPStopXfer
 .text.USB_WritePacket
                0x08002c54       0x7c CMakeFiles/P2_BlackPill.dir/Drivers/STM32F4xx_HAL_Driver/Src/stm32f4xx_ll_usb.c.obj
                0x08002c54                USB_WritePacket
 .text.USB_ReadPacket
                0x08002cd0       0xb0 CMakeFiles/P2_BlackPill.dir/Drivers/STM32F4xx_HAL_Driver/Src/stm32f4xx_ll_usb.c.obj
                0x08002cd0                USB_ReadPacket
 .text.USB_EPSetStall
                0x08002d80       0xdc CMakeFiles/P2_BlackPill.dir/Drivers/STM32F4xx_HAL_Driver/Src/stm32f4xx_ll_usb.c.obj
                0x08002d80                USB_EPSetStall
 .text.USB_EPClearStall
                0x08002e5c       0xcc CMakeFiles/P2_BlackPill.dir/Drivers/STM32F4xx_HAL_Driver/Src/stm32f4xx_ll_usb.c.obj
                0x08002e5c                USB_EPClearStall
 .text.USB_SetDevAddress
                0x08002f28       0x4c CMakeFiles/P2_BlackPill.dir/Drivers/STM32F4xx_HAL_Driver/Src/stm32f4xx_ll_usb.c.obj
                0x08002f28                USB_SetDevAddress
 .text.USB_ReadInterrupts
                0x08002f74       0x26 CMakeFiles/P2_BlackPill.dir/Drivers/STM32F4xx_HAL_Driver/Src/stm32f4xx_ll_usb.c.obj
                0x08002f74                USB_ReadInterrupts
 .text.USB_ReadDevAllOutEpInterrupt
                0x08002f9a       0x34 CMakeFiles/P2_BlackPill.dir/Drivers/STM32F4xx_HAL_Driver/Src/stm32f4xx_ll_usb.c.obj
                0x08002f9a                USB_ReadDevAllOutEpInterrupt
 .text.USB_ReadDevAllInEpInterrupt
                0x08002fce       0x34 CMakeFiles/P2_BlackPill.dir/Drivers/STM32F4xx_HAL_Driver/Src/stm32f4xx_ll_usb.c.obj
                0x08002fce                USB_ReadDevAllInEpInterrupt
 .text.USB_ReadDevOutEPInterrupt
                0x08003002       0x3c CMakeFiles/P2_BlackPill.dir/Drivers/STM32F4xx_HAL_Driver/Src/stm32f4xx_ll_usb.c.obj
                0x08003002                USB_ReadDevOutEPInterrupt
 .text.USB_ReadDevInEPInterrupt
                0x0800303e       0x5c CMakeFiles/P2_BlackPill.dir/Drivers/STM32F4xx_HAL_Driver/Src/stm32f4xx_ll_usb.c.obj
                0x0800303e                USB_ReadDevInEPInterrupt
 .text.USB_GetMode
                0x0800309a       0x1c CMakeFiles/P2_BlackPill.dir/Drivers/STM32F4xx_HAL_Driver/Src/stm32f4xx_ll_usb.c.obj
                0x0800309a                USB_GetMode
 .text.USB_ActivateSetup
                0x080030b6       0x46 CMakeFiles/P2_BlackPill.dir/Drivers/STM32F4xx_HAL_Driver/Src/stm32f4xx_ll_usb.c.obj
                0x080030b6                USB_ActivateSetup
 .text.USB_EP0_OutStart
                0x080030fc       0xbc CMakeFiles/P2_BlackPill.dir/Drivers/STM32F4xx_HAL_Driver/Src/stm32f4xx_ll_usb.c.obj
                0x080030fc                USB_EP0_OutStart
 .text.HAL_RCC_OscConfig
                0x080031b8      0x4f0 CMakeFiles/P2_BlackPill.dir/Drivers/STM32F4xx_HAL_Driver/Src/stm32f4xx_hal_rcc.c.obj
                0x080031b8                HAL_RCC_OscConfig
 .text.HAL_RCC_ClockConfig
                0x080036a8      0x1cc CMakeFiles/P2_BlackPill.dir/Drivers/STM32F4xx_HAL_Driver/Src/stm32f4xx_hal_rcc.c.obj
                0x080036a8                HAL_RCC_ClockConfig
 .text.HAL_RCC_GetSysClockFreq
                0x08003874      0x20c CMakeFiles/P2_BlackPill.dir/Drivers/STM32F4xx_HAL_Driver/Src/stm32f4xx_hal_rcc.c.obj
                0x08003874                HAL_RCC_GetSysClockFreq
 .text.HAL_RCC_GetHCLKFreq
                0x08003a80       0x18 CMakeFiles/P2_BlackPill.dir/Drivers/STM32F4xx_HAL_Driver/Src/stm32f4xx_hal_rcc.c.obj
                0x08003a80                HAL_RCC_GetHCLKFreq
 .text.HAL_GPIO_Init
                0x08003a98      0x308 CMakeFiles/P2_BlackPill.dir/Drivers/STM32F4xx_HAL_Driver/Src/stm32f4xx_hal_gpio.c.obj
                0x08003a98                HAL_GPIO_Init
 .text.HAL_GPIO_WritePin
                0x08003da0       0x32 CMakeFiles/P2_BlackPill.dir/Drivers/STM32F4xx_HAL_Driver/Src/stm32f4xx_hal_gpio.c.obj
                0x08003da0                HAL_GPIO_WritePin
 .text.HAL_GPIO_TogglePin
                0x08003dd2       0x34 CMakeFiles/P2_BlackPill.dir/Drivers/STM32F4xx_HAL_Driver/Src/stm32f4xx_hal_gpio.c.obj
                0x08003dd2                HAL_GPIO_TogglePin
 *fill*         0x08003e06        0x2 
 .text.__NVIC_SetPriorityGrouping
                0x08003e08       0x48 CMakeFiles/P2_BlackPill.dir/Drivers/STM32F4xx_HAL_Driver/Src/stm32f4xx_hal_cortex.c.obj
 .text.__NVIC_GetPriorityGrouping
                0x08003e50       0x1c CMakeFiles/P2_BlackPill.dir/Drivers/STM32F4xx_HAL_Driver/Src/stm32f4xx_hal_cortex.c.obj
 .text.__NVIC_SetPriority
                0x08003e6c       0x54 CMakeFiles/P2_BlackPill.dir/Drivers/STM32F4xx_HAL_Driver/Src/stm32f4xx_hal_cortex.c.obj
 .text.NVIC_EncodePriority
                0x08003ec0       0x66 CMakeFiles/P2_BlackPill.dir/Drivers/STM32F4xx_HAL_Driver/Src/stm32f4xx_hal_cortex.c.obj
 *fill*         0x08003f26        0x2 
 .text.SysTick_Config
                0x08003f28       0x44 CMakeFiles/P2_BlackPill.dir/Drivers/STM32F4xx_HAL_Driver/Src/stm32f4xx_hal_cortex.c.obj
 .text.HAL_NVIC_SetPriorityGrouping
                0x08003f6c       0x16 CMakeFiles/P2_BlackPill.dir/Drivers/STM32F4xx_HAL_Driver/Src/stm32f4xx_hal_cortex.c.obj
                0x08003f6c                HAL_NVIC_SetPriorityGrouping
 .text.HAL_NVIC_SetPriority
                0x08003f82       0x38 CMakeFiles/P2_BlackPill.dir/Drivers/STM32F4xx_HAL_Driver/Src/stm32f4xx_hal_cortex.c.obj
                0x08003f82                HAL_NVIC_SetPriority
 .text.HAL_SYSTICK_Config
                0x08003fba       0x18 CMakeFiles/P2_BlackPill.dir/Drivers/STM32F4xx_HAL_Driver/Src/stm32f4xx_hal_cortex.c.obj
                0x08003fba                HAL_SYSTICK_Config
 *fill*         0x08003fd2        0x2 
 .text.HAL_Init
                0x08003fd4       0x44 CMakeFiles/P2_BlackPill.dir/Drivers/STM32F4xx_HAL_Driver/Src/stm32f4xx_hal.c.obj
                0x08003fd4                HAL_Init
 .text.HAL_InitTick
                0x08004018       0x60 CMakeFiles/P2_BlackPill.dir/Drivers/STM32F4xx_HAL_Driver/Src/stm32f4xx_hal.c.obj
                0x08004018                HAL_InitTick
 .text.HAL_GetTick
                0x08004078       0x18 CMakeFiles/P2_BlackPill.dir/Drivers/STM32F4xx_HAL_Driver/Src/stm32f4xx_hal.c.obj
                0x08004078                HAL_GetTick
 .text.HAL_Delay
                0x08004090       0x48 CMakeFiles/P2_BlackPill.dir/Drivers/STM32F4xx_HAL_Driver/Src/stm32f4xx_hal.c.obj
                0x08004090                HAL_Delay
 .text.SystemInit
                0x080040d8       0x24 CMakeFiles/P2_BlackPill.dir/Core/Src/system_stm32f4xx.c.obj
                0x080040d8                SystemInit
 .text.USBD_RunTestMode
                0x080040fc       0x16 CMakeFiles/P2_BlackPill.dir/Middlewares/ST/STM32_USB_Device_Library/Core/Src/usbd_core.c.obj
                0x080040fc                USBD_RunTestMode
 .text.USBD_SetClassConfig
                0x08004112       0x38 CMakeFiles/P2_BlackPill.dir/Middlewares/ST/STM32_USB_Device_Library/Core/Src/usbd_core.c.obj
                0x08004112                USBD_SetClassConfig
 .text.USBD_ClrClassConfig
                0x0800414a       0x34 CMakeFiles/P2_BlackPill.dir/Middlewares/ST/STM32_USB_Device_Library/Core/Src/usbd_core.c.obj
                0x0800414a                USBD_ClrClassConfig
 .text.USBD_LL_SetupStage
                0x0800417e       0xaa CMakeFiles/P2_BlackPill.dir/Middlewares/ST/STM32_USB_Device_Library/Core/Src/usbd_core.c.obj
                0x0800417e                USBD_LL_SetupStage
 .text.USBD_LL_DataOutStage
                0x08004228      0x166 CMakeFiles/P2_BlackPill.dir/Middlewares/ST/STM32_USB_Device_Library/Core/Src/usbd_core.c.obj
                0x08004228                USBD_LL_DataOutStage
 .text.USBD_LL_DataInStage
                0x0800438e      0x164 CMakeFiles/P2_BlackPill.dir/Middlewares/ST/STM32_USB_Device_Library/Core/Src/usbd_core.c.obj
                0x0800438e                USBD_LL_DataInStage
 .text.USBD_LL_Reset
                0x080044f2       0xa4 CMakeFiles/P2_BlackPill.dir/Middlewares/ST/STM32_USB_Device_Library/Core/Src/usbd_core.c.obj
                0x080044f2                USBD_LL_Reset
 .text.USBD_LL_SetSpeed
                0x08004596       0x20 CMakeFiles/P2_BlackPill.dir/Middlewares/ST/STM32_USB_Device_Library/Core/Src/usbd_core.c.obj
                0x08004596                USBD_LL_SetSpeed
 .text.USBD_LL_Suspend
                0x080045b6       0x38 CMakeFiles/P2_BlackPill.dir/Middlewares/ST/STM32_USB_Device_Library/Core/Src/usbd_core.c.obj
                0x080045b6                USBD_LL_Suspend
 .text.USBD_LL_Resume
                0x080045ee       0x30 CMakeFiles/P2_BlackPill.dir/Middlewares/ST/STM32_USB_Device_Library/Core/Src/usbd_core.c.obj
                0x080045ee                USBD_LL_Resume
 .text.USBD_LL_SOF
                0x0800461e       0x40 CMakeFiles/P2_BlackPill.dir/Middlewares/ST/STM32_USB_Device_Library/Core/Src/usbd_core.c.obj
                0x0800461e                USBD_LL_SOF
 .text.USBD_LL_IsoINIncomplete
                0x0800465e       0x64 CMakeFiles/P2_BlackPill.dir/Middlewares/ST/STM32_USB_Device_Library/Core/Src/usbd_core.c.obj
                0x0800465e                USBD_LL_IsoINIncomplete
 .text.USBD_LL_IsoOUTIncomplete
                0x080046c2       0x64 CMakeFiles/P2_BlackPill.dir/Middlewares/ST/STM32_USB_Device_Library/Core/Src/usbd_core.c.obj
                0x080046c2                USBD_LL_IsoOUTIncomplete
 .text.USBD_LL_DevConnected
                0x08004726       0x16 CMakeFiles/P2_BlackPill.dir/Middlewares/ST/STM32_USB_Device_Library/Core/Src/usbd_core.c.obj
                0x08004726                USBD_LL_DevConnected
 .text.USBD_LL_DevDisconnected
                0x0800473c       0x46 CMakeFiles/P2_BlackPill.dir/Middlewares/ST/STM32_USB_Device_Library/Core/Src/usbd_core.c.obj
                0x0800473c                USBD_LL_DevDisconnected
 .text.USBD_CoreFindIF
                0x08004782       0x1a CMakeFiles/P2_BlackPill.dir/Middlewares/ST/STM32_USB_Device_Library/Core/Src/usbd_core.c.obj
                0x08004782                USBD_CoreFindIF
 .text.USBD_CoreFindEP
                0x0800479c       0x1a CMakeFiles/P2_BlackPill.dir/Middlewares/ST/STM32_USB_Device_Library/Core/Src/usbd_core.c.obj
                0x0800479c                USBD_CoreFindEP
 .text.SWAPBYTE
                0x080047b6       0x3e CMakeFiles/P2_BlackPill.dir/Middlewares/ST/STM32_USB_Device_Library/Core/Src/usbd_ctlreq.c.obj
 .text.USBD_StdDevReq
                0x080047f4       0xe4 CMakeFiles/P2_BlackPill.dir/Middlewares/ST/STM32_USB_Device_Library/Core/Src/usbd_ctlreq.c.obj
                0x080047f4                USBD_StdDevReq
 .text.USBD_StdItfReq
                0x080048d8       0xd8 CMakeFiles/P2_BlackPill.dir/Middlewares/ST/STM32_USB_Device_Library/Core/Src/usbd_ctlreq.c.obj
                0x080048d8                USBD_StdItfReq
 .text.USBD_StdEPReq
                0x080049b0      0x33a CMakeFiles/P2_BlackPill.dir/Middlewares/ST/STM32_USB_Device_Library/Core/Src/usbd_ctlreq.c.obj
                0x080049b0                USBD_StdEPReq
 *fill*         0x08004cea        0x2 
 .text.USBD_GetDescriptor
                0x08004cec      0x2d4 CMakeFiles/P2_BlackPill.dir/Middlewares/ST/STM32_USB_Device_Library/Core/Src/usbd_ctlreq.c.obj
 .text.USBD_SetAddress
                0x08004fc0       0x88 CMakeFiles/P2_BlackPill.dir/Middlewares/ST/STM32_USB_Device_Library/Core/Src/usbd_ctlreq.c.obj
 .text.USBD_SetConfig
                0x08005048      0x154 CMakeFiles/P2_BlackPill.dir/Middlewares/ST/STM32_USB_Device_Library/Core/Src/usbd_ctlreq.c.obj
 .text.USBD_GetConfig
                0x0800519c       0x6c CMakeFiles/P2_BlackPill.dir/Middlewares/ST/STM32_USB_Device_Library/Core/Src/usbd_ctlreq.c.obj
 .text.USBD_GetStatus
                0x08005208       0x68 CMakeFiles/P2_BlackPill.dir/Middlewares/ST/STM32_USB_Device_Library/Core/Src/usbd_ctlreq.c.obj
 .text.USBD_SetFeature
                0x08005270       0x52 CMakeFiles/P2_BlackPill.dir/Middlewares/ST/STM32_USB_Device_Library/Core/Src/usbd_ctlreq.c.obj
 .text.USBD_ClrFeature
                0x080052c2       0x44 CMakeFiles/P2_BlackPill.dir/Middlewares/ST/STM32_USB_Device_Library/Core/Src/usbd_ctlreq.c.obj
 .text.USBD_ParseSetupRequest
                0x08005306       0x74 CMakeFiles/P2_BlackPill.dir/Middlewares/ST/STM32_USB_Device_Library/Core/Src/usbd_ctlreq.c.obj
                0x08005306                USBD_ParseSetupRequest
 .text.USBD_CtlError
                0x0800537a       0x22 CMakeFiles/P2_BlackPill.dir/Middlewares/ST/STM32_USB_Device_Library/Core/Src/usbd_ctlreq.c.obj
                0x0800537a                USBD_CtlError
 .text.USBD_CtlSendData
                0x0800539c       0x36 CMakeFiles/P2_BlackPill.dir/Middlewares/ST/STM32_USB_Device_Library/Core/Src/usbd_ioreq.c.obj
                0x0800539c                USBD_CtlSendData
 .text.USBD_CtlContinueSendData
                0x080053d2       0x22 CMakeFiles/P2_BlackPill.dir/Middlewares/ST/STM32_USB_Device_Library/Core/Src/usbd_ioreq.c.obj
                0x080053d2                USBD_CtlContinueSendData
 .text.USBD_CtlContinueRx
                0x080053f4       0x22 CMakeFiles/P2_BlackPill.dir/Middlewares/ST/STM32_USB_Device_Library/Core/Src/usbd_ioreq.c.obj
                0x080053f4                USBD_CtlContinueRx
 .text.USBD_CtlSendStatus
                0x08005416       0x26 CMakeFiles/P2_BlackPill.dir/Middlewares/ST/STM32_USB_Device_Library/Core/Src/usbd_ioreq.c.obj
                0x08005416                USBD_CtlSendStatus
 .text.USBD_CtlReceiveStatus
                0x0800543c       0x26 CMakeFiles/P2_BlackPill.dir/Middlewares/ST/STM32_USB_Device_Library/Core/Src/usbd_ioreq.c.obj
                0x0800543c                USBD_CtlReceiveStatus
 *fill*         0x08005462        0x2 
 .text._sbrk    0x08005464       0x6c CMakeFiles/P2_BlackPill.dir/Core/Src/sysmem.c.obj
                0x08005464                _sbrk
 .text._read    0x080054d0       0x3a CMakeFiles/P2_BlackPill.dir/Core/Src/syscalls.c.obj
                0x080054d0                _read
 .text._write   0x0800550a       0x38 CMakeFiles/P2_BlackPill.dir/Core/Src/syscalls.c.obj
                0x0800550a                _write
 .text._close   0x08005542       0x18 CMakeFiles/P2_BlackPill.dir/Core/Src/syscalls.c.obj
                0x08005542                _close
 .text._fstat   0x0800555a       0x20 CMakeFiles/P2_BlackPill.dir/Core/Src/syscalls.c.obj
                0x0800555a                _fstat
 .text._isatty  0x0800557a       0x16 CMakeFiles/P2_BlackPill.dir/Core/Src/syscalls.c.obj
                0x0800557a                _isatty
 .text._lseek   0x08005590       0x1a CMakeFiles/P2_BlackPill.dir/Core/Src/syscalls.c.obj
                0x08005590                _lseek
 *fill*         0x080055aa        0x2 
 .text.Reset_Handler
                0x080055ac       0x50 CMakeFiles/P2_BlackPill.dir/startup_stm32f411xe.s.obj
                0x080055ac                Reset_Handler
 .text.Default_Handler
                0x080055fc        0x2 CMakeFiles/P2_BlackPill.dir/startup_stm32f411xe.s.obj
                0x080055fc                RTC_Alarm_IRQHandler
                0x080055fc                EXTI2_IRQHandler
                0x080055fc                SPI4_IRQHandler
                0x080055fc                TIM1_CC_IRQHandler
                0x080055fc                DMA2_Stream5_IRQHandler
                0x080055fc                DMA1_Stream5_IRQHandler
                0x080055fc                PVD_IRQHandler
                0x080055fc                SDIO_IRQHandler
                0x080055fc                TAMP_STAMP_IRQHandler
                0x080055fc                EXTI3_IRQHandler
                0x080055fc                TIM1_UP_TIM10_IRQHandler
                0x080055fc                I2C3_ER_IRQHandler
                0x080055fc                EXTI0_IRQHandler
                0x080055fc                I2C2_EV_IRQHandler
                0x080055fc                DMA1_Stream2_IRQHandler
                0x080055fc                FPU_IRQHandler
                0x080055fc                DMA2_Stream2_IRQHandler
                0x080055fc                SPI1_IRQHandler
                0x080055fc                TIM1_BRK_TIM9_IRQHandler
                0x080055fc                DMA2_Stream3_IRQHandler
                0x080055fc                USART6_IRQHandler
                0x080055fc                DMA2_Stream0_IRQHandler
                0x080055fc                TIM4_IRQHandler
                0x080055fc                I2C1_EV_IRQHandler
                0x080055fc                DMA1_Stream6_IRQHandler
                0x080055fc                DMA1_Stream1_IRQHandler
                0x080055fc                TIM3_IRQHandler
                0x080055fc                RCC_IRQHandler
                0x080055fc                Default_Handler
                0x080055fc                EXTI15_10_IRQHandler
                0x080055fc                ADC_IRQHandler
                0x080055fc                DMA1_Stream7_IRQHandler
                0x080055fc                SPI5_IRQHandler
                0x080055fc                TIM5_IRQHandler
                0x080055fc                DMA2_Stream7_IRQHandler
                0x080055fc                I2C3_EV_IRQHandler
                0x080055fc                EXTI9_5_IRQHandler
                0x080055fc                RTC_WKUP_IRQHandler
                0x080055fc                SPI2_IRQHandler
                0x080055fc                DMA1_Stream0_IRQHandler
                0x080055fc                EXTI4_IRQHandler
                0x080055fc                WWDG_IRQHandler
                0x080055fc                TIM2_IRQHandler
                0x080055fc                OTG_FS_WKUP_IRQHandler
                0x080055fc                TIM1_TRG_COM_TIM11_IRQHandler
                0x080055fc                EXTI1_IRQHandler
                0x080055fc                USART2_IRQHandler
                0x080055fc                I2C2_ER_IRQHandler
                0x080055fc                DMA2_Stream1_IRQHandler
                0x080055fc                FLASH_IRQHandler
                0x080055fc                DMA2_Stream4_IRQHandler
                0x080055fc                USART1_IRQHandler
                0x080055fc                SPI3_IRQHandler
                0x080055fc                DMA1_Stream4_IRQHandler
                0x080055fc                I2C1_ER_IRQHandler
                0x080055fc                DMA2_Stream6_IRQHandler
                0x080055fc                DMA1_Stream3_IRQHandler
 .text.prvCreateStaticTask
                0x080055fe       0x62 libFreeRTOS-Kernel.a(tasks.c.obj)
 .text.xTaskCreateStatic
                0x08005660       0x48 libFreeRTOS-Kernel.a(tasks.c.obj)
                0x08005660                xTaskCreateStatic
 .text.prvCreateTask
                0x080056a8       0x80 libFreeRTOS-Kernel.a(tasks.c.obj)
 .text.xTaskCreate
                0x08005728       0x46 libFreeRTOS-Kernel.a(tasks.c.obj)
                0x08005728                xTaskCreate
 .text.prvInitialiseNewTask
                0x0800576e       0xe6 libFreeRTOS-Kernel.a(tasks.c.obj)
 .text.prvAddNewTaskToReadyList
                0x08005854      0x134 libFreeRTOS-Kernel.a(tasks.c.obj)
 .text.vTaskDelay
                0x08005988       0x48 libFreeRTOS-Kernel.a(tasks.c.obj)
                0x08005988                vTaskDelay
 .text.prvCreateIdleTasks
                0x080059d0       0xec libFreeRTOS-Kernel.a(tasks.c.obj)
 .text.vTaskStartScheduler
                0x08005abc       0x68 libFreeRTOS-Kernel.a(tasks.c.obj)
                0x08005abc                vTaskStartScheduler
 .text.vTaskSuspendAll
                0x08005b24       0x1c libFreeRTOS-Kernel.a(tasks.c.obj)
                0x08005b24                vTaskSuspendAll
 .text.xTaskResumeAll
                0x08005b40      0x1f4 libFreeRTOS-Kernel.a(tasks.c.obj)
                0x08005b40                xTaskResumeAll
 .text.xTaskGetTickCount
                0x08005d34       0x20 libFreeRTOS-Kernel.a(tasks.c.obj)
                0x08005d34                xTaskGetTickCount
 .text.xTaskIncrementTick
                0x08005d54      0x1f8 libFreeRTOS-Kernel.a(tasks.c.obj)
                0x08005d54                xTaskIncrementTick
 .text.vTaskSwitchContext
                0x08005f4c       0xfc libFreeRTOS-Kernel.a(tasks.c.obj)
                0x08005f4c                vTaskSwitchContext
 .text.vTaskPlaceOnEventList
                0x08006048       0x2c libFreeRTOS-Kernel.a(tasks.c.obj)
                0x08006048                vTaskPlaceOnEventList
 .text.vTaskPlaceOnEventListRestricted
                0x08006074       0x70 libFreeRTOS-Kernel.a(tasks.c.obj)
                0x08006074                vTaskPlaceOnEventListRestricted
 .text.xTaskRemoveFromEventList
                0x080060e4      0x198 libFreeRTOS-Kernel.a(tasks.c.obj)
                0x080060e4                xTaskRemoveFromEventList
 .text.vTaskInternalSetTimeOutState
                0x0800627c       0x2c libFreeRTOS-Kernel.a(tasks.c.obj)
                0x0800627c                vTaskInternalSetTimeOutState
 .text.xTaskCheckForTimeOut
                0x080062a8       0x94 libFreeRTOS-Kernel.a(tasks.c.obj)
                0x080062a8                xTaskCheckForTimeOut
 .text.vTaskMissedYield
                0x0800633c       0x18 libFreeRTOS-Kernel.a(tasks.c.obj)
                0x0800633c                vTaskMissedYield
 .text.prvIdleTask
                0x08006354       0x30 libFreeRTOS-Kernel.a(tasks.c.obj)
 .text.prvInitialiseTaskLists
                0x08006384       0x74 libFreeRTOS-Kernel.a(tasks.c.obj)
 .text.prvCheckTasksWaitingTermination
                0x080063f8        0xe libFreeRTOS-Kernel.a(tasks.c.obj)
 *fill*         0x08006406        0x2 
 .text.prvResetNextTaskUnblockTime
                0x08006408       0x38 libFreeRTOS-Kernel.a(tasks.c.obj)
 .text.prvAddCurrentTaskToDelayedList
                0x08006440       0xe0 libFreeRTOS-Kernel.a(tasks.c.obj)
 .text.vListInitialise
                0x08006520       0x40 libFreeRTOS-Kernel.a(list.c.obj)
                0x08006520                vListInitialise
 .text.vListInitialiseItem
                0x08006560       0x1a libFreeRTOS-Kernel.a(list.c.obj)
                0x08006560                vListInitialiseItem
 .text.vListInsert
                0x0800657a       0x72 libFreeRTOS-Kernel.a(list.c.obj)
                0x0800657a                vListInsert
 .text.uxListRemove
                0x080065ec       0x54 libFreeRTOS-Kernel.a(list.c.obj)
                0x080065ec                uxListRemove
 .text.xTimerCreateTimerTask
                0x08006640       0x74 libFreeRTOS-Kernel.a(timers.c.obj)
                0x08006640                xTimerCreateTimerTask
 .text.prvReloadTimer
                0x080066b4       0x42 libFreeRTOS-Kernel.a(timers.c.obj)
 *fill*         0x080066f6        0x2 
 .text.prvProcessExpiredTimer
                0x080066f8       0x60 libFreeRTOS-Kernel.a(timers.c.obj)
 .text.prvTimerTask
                0x08006758       0x26 libFreeRTOS-Kernel.a(timers.c.obj)
 *fill*         0x0800677e        0x2 
 .text.prvProcessTimerOrBlockTask
                0x08006780       0x9c libFreeRTOS-Kernel.a(timers.c.obj)
 .text.prvGetNextExpireTime
                0x0800681c       0x48 libFreeRTOS-Kernel.a(timers.c.obj)
 .text.prvSampleTimeNow
                0x08006864       0x40 libFreeRTOS-Kernel.a(timers.c.obj)
 .text.prvInsertTimerInActiveList
                0x080068a4       0x84 libFreeRTOS-Kernel.a(timers.c.obj)
 .text.prvProcessReceivedCommands
                0x08006928      0x170 libFreeRTOS-Kernel.a(timers.c.obj)
 .text.prvSwitchTimerLists
                0x08006a98       0x4c libFreeRTOS-Kernel.a(timers.c.obj)
 .text.prvCheckForValidListAndQueue
                0x08006ae4       0x80 libFreeRTOS-Kernel.a(timers.c.obj)
 .text.pvPortMalloc
                0x08006b64      0x164 libFreeRTOS-Kernel.a(heap_4.c.obj)
                0x08006b64                pvPortMalloc
 .text.vPortFree
                0x08006cc8       0x74 libFreeRTOS-Kernel.a(heap_4.c.obj)
                0x08006cc8                vPortFree
 .text.prvHeapInit
                0x08006d3c       0xb4 libFreeRTOS-Kernel.a(heap_4.c.obj)
 .text.prvInsertBlockIntoFreeList
                0x08006df0       0xb4 libFreeRTOS-Kernel.a(heap_4.c.obj)
 .text.pxPortInitialiseStack
                0x08006ea4       0x68 libFreeRTOS-Kernel.a(port.c.obj)
                0x08006ea4                pxPortInitialiseStack
 .text.prvTaskExitError
                0x08006f0c       0x34 libFreeRTOS-Kernel.a(port.c.obj)
 .text.SVC_Handler
                0x08006f40       0x24 libFreeRTOS-Kernel.a(port.c.obj)
                0x08006f40                SVC_Handler
 .text.prvPortStartFirstTask
                0x08006f64       0x2c libFreeRTOS-Kernel.a(port.c.obj)
 .text.xPortStartScheduler
                0x08006f90       0x60 libFreeRTOS-Kernel.a(port.c.obj)
                0x08006f90                xPortStartScheduler
 .text.vPortEnterCritical
                0x08006ff0       0x34 libFreeRTOS-Kernel.a(port.c.obj)
                0x08006ff0                vPortEnterCritical
 .text.vPortExitCritical
                0x08007024       0x34 libFreeRTOS-Kernel.a(port.c.obj)
                0x08007024                vPortExitCritical
 .text.PendSV_Handler
                0x08007058       0x64 libFreeRTOS-Kernel.a(port.c.obj)
                0x08007058                PendSV_Handler
 .text.SysTick_Handler
                0x080070bc       0x44 libFreeRTOS-Kernel.a(port.c.obj)
                0x080070bc                SysTick_Handler
 .text.vPortSetupTimerInterrupt
                0x08007100       0x48 libFreeRTOS-Kernel.a(port.c.obj)
                0x08007100                vPortSetupTimerInterrupt
 .text.vPortEnableVFP
                0x08007148       0x18 libFreeRTOS-Kernel.a(port.c.obj)
 .text.vApplicationGetIdleTaskMemory
                0x08007160       0x34 libFreeRTOS-Kernel.a(IdleMemory.c.obj)
                0x08007160                vApplicationGetIdleTaskMemory
 .text.vApplicationGetTimerTaskMemory
                0x08007194       0x34 libFreeRTOS-Kernel.a(IdleMemory.c.obj)
                0x08007194                vApplicationGetTimerTaskMemory
 .text.vApplicationStackOverflowHook
                0x080071c8       0x40 libFreeRTOS-Kernel.a(IdleMemory.c.obj)
                0x080071c8                vApplicationStackOverflowHook
 .text.xQueueGenericReset
                0x08007208       0xe8 libFreeRTOS-Kernel.a(queue.c.obj)
                0x08007208                xQueueGenericReset
 .text.xQueueGenericCreateStatic
                0x080072f0       0x60 libFreeRTOS-Kernel.a(queue.c.obj)
                0x080072f0                xQueueGenericCreateStatic
 .text.prvInitialiseNewQueue
                0x08007350       0x46 libFreeRTOS-Kernel.a(queue.c.obj)
 *fill*         0x08007396        0x2 
 .text.xQueueReceive
                0x08007398      0x144 libFreeRTOS-Kernel.a(queue.c.obj)
                0x08007398                xQueueReceive
 .text.prvCopyDataFromQueue
                0x080074dc       0x4c libFreeRTOS-Kernel.a(queue.c.obj)
 .text.prvUnlockQueue
                0x08007528       0xa4 libFreeRTOS-Kernel.a(queue.c.obj)
 .text.prvIsQueueEmpty
                0x080075cc       0x2c libFreeRTOS-Kernel.a(queue.c.obj)
 .text.vQueueAddToRegistry
                0x080075f8       0x80 libFreeRTOS-Kernel.a(queue.c.obj)
                0x080075f8                vQueueAddToRegistry
 .text.vQueueWaitForMessageRestricted
                0x08007678       0x68 libFreeRTOS-Kernel.a(queue.c.obj)
                0x08007678                vQueueWaitForMessageRestricted
 .text.__udivmoddi4
                0x080076e0      0x2bc /usr/lib/gcc/arm-none-eabi/14.2.0/thumb/v7e-m+fp/hard/libgcc.a(_udivmoddi4.o)
                0x080076e0                __udivmoddi4
 .text.printf   0x0800799c       0x24 /usr/lib/gcc/arm-none-eabi/14.2.0/../../../../arm-none-eabi/lib/thumb/v7e-m+fp/hard/libg_nano.a(libc_a-printf.o)
                0x0800799c                printf
                0x0800799c                iprintf
 .text._puts_r  0x080079c0       0xaa /usr/lib/gcc/arm-none-eabi/14.2.0/../../../../arm-none-eabi/lib/thumb/v7e-m+fp/hard/libg_nano.a(libc_a-puts.o)
                0x080079c0                _puts_r
 *fill*         0x08007a6a        0x2 
 .text.puts     0x08007a6c       0x10 /usr/lib/gcc/arm-none-eabi/14.2.0/../../../../arm-none-eabi/lib/thumb/v7e-m+fp/hard/libg_nano.a(libc_a-puts.o)
                0x08007a6c                puts
 .text.__swbuf_r
                0x08007a7c       0x7c /usr/lib/gcc/arm-none-eabi/14.2.0/../../../../arm-none-eabi/lib/thumb/v7e-m+fp/hard/libg_nano.a(libc_a-wbuf.o)
                0x08007a7c                __swbuf_r
 .text.__swsetup_r
                0x08007af8       0xa8 /usr/lib/gcc/arm-none-eabi/14.2.0/../../../../arm-none-eabi/lib/thumb/v7e-m+fp/hard/libg_nano.a(libc_a-wsetup.o)
                0x08007af8                __swsetup_r
 .text.__errno  0x08007ba0        0xc /usr/lib/gcc/arm-none-eabi/14.2.0/../../../../arm-none-eabi/lib/thumb/v7e-m+fp/hard/libg_nano.a(libc_a-errno.o)
                0x08007ba0                __errno
 .text.memcpy   0x08007bac       0x1c /usr/lib/gcc/arm-none-eabi/14.2.0/../../../../arm-none-eabi/lib/thumb/v7e-m+fp/hard/libg_nano.a(libc_a-memcpy-stub.o)
                0x08007bac                memcpy
 .text.__sfputc_r
                0x08007bc8       0x2e /usr/lib/gcc/arm-none-eabi/14.2.0/../../../../arm-none-eabi/lib/thumb/v7e-m+fp/hard/libg_nano.a(libc_a-nano-vfprintf.o)
 .text.__sfputs_r
                0x08007bf6       0x24 /usr/lib/gcc/arm-none-eabi/14.2.0/../../../../arm-none-eabi/lib/thumb/v7e-m+fp/hard/libg_nano.a(libc_a-nano-vfprintf.o)
                0x08007bf6                __sfputs_r
 *fill*         0x08007c1a        0x2 
 .text._vfprintf_r
                0x08007c1c      0x230 /usr/lib/gcc/arm-none-eabi/14.2.0/../../../../arm-none-eabi/lib/thumb/v7e-m+fp/hard/libg_nano.a(libc_a-nano-vfprintf.o)
                0x08007c1c                _vfiprintf_r
                0x08007c1c                _vfprintf_r
 .text._printf_common
                0x08007e4c       0xda /usr/lib/gcc/arm-none-eabi/14.2.0/../../../../arm-none-eabi/lib/thumb/v7e-m+fp/hard/libg_nano.a(libc_a-nano-vfprintf_i.o)
                0x08007e4c                _printf_common
 *fill*         0x08007f26        0x2 
 .text._printf_i
                0x08007f28      0x240 /usr/lib/gcc/arm-none-eabi/14.2.0/../../../../arm-none-eabi/lib/thumb/v7e-m+fp/hard/libg_nano.a(libc_a-nano-vfprintf_i.o)
                0x08007f28                _printf_i
 .text.__swhatbuf_r
                0x08008168       0x48 /usr/lib/gcc/arm-none-eabi/14.2.0/../../../../arm-none-eabi/lib/thumb/v7e-m+fp/hard/libg_nano.a(libc_a-makebuf.o)
                0x08008168                __swhatbuf_r
 .text.__smakebuf_r
                0x080081b0       0x72 /usr/lib/gcc/arm-none-eabi/14.2.0/../../../../arm-none-eabi/lib/thumb/v7e-m+fp/hard/libg_nano.a(libc_a-makebuf.o)
                0x080081b0                __smakebuf_r
 *fill*         0x08008222        0x2 
 .text._fstat_r
                0x08008224       0x24 /usr/lib/gcc/arm-none-eabi/14.2.0/../../../../arm-none-eabi/lib/thumb/v7e-m+fp/hard/libg_nano.a(libc_a-fstatr.o)
                0x08008224                _fstat_r
 .text._isatty_r
                0x08008248       0x20 /usr/lib/gcc/arm-none-eabi/14.2.0/../../../../arm-none-eabi/lib/thumb/v7e-m+fp/hard/libg_nano.a(libc_a-isattyr.o)
                0x08008248                _isatty_r
 *(.glue_7)
 .glue_7        0x08008268        0x0 linker stubs
 *(.glue_7t)
 .glue_7t       0x08008268        0x0 linker stubs
 *(.eh_frame)
 .eh_frame      0x08008268        0x0 /usr/lib/gcc/arm-none-eabi/14.2.0/thumb/v7e-m+fp/hard/crtbegin.o
 *(.init)
 .init          0x08008268        0x4 /usr/lib/gcc/arm-none-eabi/14.2.0/thumb/v7e-m+fp/hard/crti.o
                0x08008268                _init
 .init          0x0800826c        0x8 /usr/lib/gcc/arm-none-eabi/14.2.0/thumb/v7e-m+fp/hard/crtn.o
 *(.fini)
 .fini          0x08008274        0x4 /usr/lib/gcc/arm-none-eabi/14.2.0/thumb/v7e-m+fp/hard/crti.o
                0x08008274                _fini
 .fini          0x08008278        0x8 /usr/lib/gcc/arm-none-eabi/14.2.0/thumb/v7e-m+fp/hard/crtn.o
                0x08008280                        . = ALIGN (0x4)
                0x08008280                        _etext = .

.vfp11_veneer   0x08008280        0x0
 .vfp11_veneer  0x08008280        0x0 linker stubs

.v4_bx          0x08008280        0x0
 .v4_bx         0x08008280        0x0 linker stubs

.iplt           0x08008280        0x0
 .iplt          0x08008280        0x0 /usr/lib/gcc/arm-none-eabi/14.2.0/thumb/v7e-m+fp/hard/crtbegin.o

.rodata         0x08008280       0xe0
                0x08008280                        . = ALIGN (0x4)
 *(.rodata)
 .rodata        0x08008280       0x10 CMakeFiles/P2_BlackPill.dir/Core/Src/main.c.obj
 .rodata        0x08008290        0x5 libFreeRTOS-Kernel.a(tasks.c.obj)
 *fill*         0x08008295        0x3 
 .rodata        0x08008298        0xd libFreeRTOS-Kernel.a(timers.c.obj)
 *fill*         0x080082a5        0x3 
 .rodata        0x080082a8       0x63 libFreeRTOS-Kernel.a(IdleMemory.c.obj)
 *(.rodata*)
 *fill*         0x0800830b        0x1 
 .rodata.numberPatterns
                0x0800830c        0xa CMakeFiles/P2_BlackPill.dir/Core/Src/main.c.obj
                0x0800830c                numberPatterns
 *fill*         0x08008316        0x2 
 .rodata.AHBPrescTable
                0x08008318       0x10 CMakeFiles/P2_BlackPill.dir/Core/Src/system_stm32f4xx.c.obj
                0x08008318                AHBPrescTable
 .rodata.uxTopUsedPriority
                0x08008328        0x4 libFreeRTOS-Kernel.a(tasks.c.obj)
 .rodata._vfprintf_r.str1.1
                0x0800832c       0x33 /usr/lib/gcc/arm-none-eabi/14.2.0/../../../../arm-none-eabi/lib/thumb/v7e-m+fp/hard/libg_nano.a(libc_a-nano-vfprintf.o)
                                 0x11 (size before relaxing)
 .rodata._printf_i.str1.1
                0x0800835f       0x22 /usr/lib/gcc/arm-none-eabi/14.2.0/../../../../arm-none-eabi/lib/thumb/v7e-m+fp/hard/libg_nano.a(libc_a-nano-vfprintf_i.o)
                0x08008384                        . = ALIGN (0x4)
 *fill*         0x0800835f        0x1 

.ARM.extab
 *(.ARM.extab* .gnu.linkonce.armextab.*)

.ARM            0x08008360        0x8
                0x08008360                        __exidx_start = .
 *(.ARM.exidx*)
 .ARM.exidx     0x08008360        0x8 /usr/lib/gcc/arm-none-eabi/14.2.0/../../../../arm-none-eabi/lib/thumb/v7e-m+fp/hard/libg_nano.a(libc_a-memchr.o)
 .ARM.exidx.text.__udivmoddi4
                0x08008368        0x0 /usr/lib/gcc/arm-none-eabi/14.2.0/thumb/v7e-m+fp/hard/libgcc.a(_udivmoddi4.o)
                                  0x8 (size before relaxing)
                0x08008368                        __exidx_end = .

.rel.dyn        0x08008368        0x0
 .rel.iplt      0x08008368        0x0 /usr/lib/gcc/arm-none-eabi/14.2.0/thumb/v7e-m+fp/hard/crtbegin.o

.preinit_array  0x08008368        0x0
                0x08008368                        PROVIDE (__preinit_array_start = .)
 *(.preinit_array*)
                0x08008368                        PROVIDE (__preinit_array_end = .)

.init_array     0x08008368        0x4
                0x08008368                        PROVIDE (__init_array_start = .)
 *(SORT_BY_NAME(.init_array.*))
 *(.init_array*)
 .init_array    0x08008368        0x4 /usr/lib/gcc/arm-none-eabi/14.2.0/thumb/v7e-m+fp/hard/crtbegin.o
                0x0800836c                        PROVIDE (__init_array_end = .)

.fini_array     0x0800836c        0x4
                0x0800836c                        PROVIDE (__fini_array_start = .)
 *(SORT_BY_NAME(.fini_array.*))
 *(.fini_array*)
 .fini_array    0x0800836c        0x4 /usr/lib/gcc/arm-none-eabi/14.2.0/thumb/v7e-m+fp/hard/crtbegin.o
                0x08008370                        PROVIDE (__fini_array_end = .)
                0x08008370                        _sidata = LOADADDR (.data)

.data           0x20000000       0x6c load address 0x08008370
                0x20000000                        . = ALIGN (0x4)
                0x20000000                        _sdata = .
 *(.data)
 *(.data*)
 .data.__sglue  0x20000000        0xc /usr/lib/gcc/arm-none-eabi/14.2.0/../../../../arm-none-eabi/lib/thumb/v7e-m+fp/hard/libc_nano.a(libc_a-findfp.o)
                0x20000000                __sglue
 .data._impure_ptr
                0x2000000c        0x4 /usr/lib/gcc/arm-none-eabi/14.2.0/../../../../arm-none-eabi/lib/thumb/v7e-m+fp/hard/libc_nano.a(libc_a-impure.o)
                0x2000000c                _impure_ptr
 .data._impure_data
                0x20000010       0x4c /usr/lib/gcc/arm-none-eabi/14.2.0/../../../../arm-none-eabi/lib/thumb/v7e-m+fp/hard/libc_nano.a(libc_a-impure.o)
                0x20000010                _impure_data
 .data.uwTickPrio
                0x2000005c        0x4 CMakeFiles/P2_BlackPill.dir/Drivers/STM32F4xx_HAL_Driver/Src/stm32f4xx_hal.c.obj
                0x2000005c                uwTickPrio
 .data.uwTickFreq
                0x20000060        0x1 CMakeFiles/P2_BlackPill.dir/Drivers/STM32F4xx_HAL_Driver/Src/stm32f4xx_hal.c.obj
                0x20000060                uwTickFreq
 *fill*         0x20000061        0x3 
 .data.SystemCoreClock
                0x20000064        0x4 CMakeFiles/P2_BlackPill.dir/Core/Src/system_stm32f4xx.c.obj
                0x20000064                SystemCoreClock
 .data.uxCriticalNesting
                0x20000068        0x4 libFreeRTOS-Kernel.a(port.c.obj)
                0x2000006c                        . = ALIGN (0x4)
                0x2000006c                        _edata = .

.igot.plt       0x2000006c        0x0 load address 0x080083dc
 .igot.plt      0x2000006c        0x0 /usr/lib/gcc/arm-none-eabi/14.2.0/thumb/v7e-m+fp/hard/crtbegin.o
                0x2000006c                        . = ALIGN (0x4)

.bss            0x2000006c     0x2254 load address 0x080083dc
                0x2000006c                        _sbss = .
                0x2000006c                        __bss_start__ = _sbss
 *(.bss)
 *(.bss*)
 .bss.completed.1
                0x2000006c        0x1 /usr/lib/gcc/arm-none-eabi/14.2.0/thumb/v7e-m+fp/hard/crtbegin.o
 *fill*         0x2000006d        0x3 
 .bss.object.0  0x20000070       0x18 /usr/lib/gcc/arm-none-eabi/14.2.0/thumb/v7e-m+fp/hard/crtbegin.o
 .bss.__sf      0x20000088      0x138 /usr/lib/gcc/arm-none-eabi/14.2.0/../../../../arm-none-eabi/lib/thumb/v7e-m+fp/hard/libc_nano.a(libc_a-findfp.o)
                0x20000088                __sf
 .bss.__stdio_exit_handler
                0x200001c0        0x4 /usr/lib/gcc/arm-none-eabi/14.2.0/../../../../arm-none-eabi/lib/thumb/v7e-m+fp/hard/libc_nano.a(libc_a-findfp.o)
                0x200001c0                __stdio_exit_handler
 .bss.errno     0x200001c4        0x4 /usr/lib/gcc/arm-none-eabi/14.2.0/../../../../arm-none-eabi/lib/thumb/v7e-m+fp/hard/libc_nano.a(libc_a-reent.o)
                0x200001c4                errno
 .bss.__lock___malloc_recursive_mutex
                0x200001c8        0x1 /usr/lib/gcc/arm-none-eabi/14.2.0/../../../../arm-none-eabi/lib/thumb/v7e-m+fp/hard/libc_nano.a(libc_a-lock.o)
                0x200001c8                __lock___malloc_recursive_mutex
 .bss.__lock___sfp_recursive_mutex
                0x200001c9        0x1 /usr/lib/gcc/arm-none-eabi/14.2.0/../../../../arm-none-eabi/lib/thumb/v7e-m+fp/hard/libc_nano.a(libc_a-lock.o)
                0x200001c9                __lock___sfp_recursive_mutex
 *fill*         0x200001ca        0x2 
 .bss.__malloc_sbrk_start
                0x200001cc        0x4 /usr/lib/gcc/arm-none-eabi/14.2.0/../../../../arm-none-eabi/lib/thumb/v7e-m+fp/hard/libc_nano.a(libc_a-mallocr.o)
                0x200001cc                __malloc_sbrk_start
 .bss.__malloc_free_list
                0x200001d0        0x4 /usr/lib/gcc/arm-none-eabi/14.2.0/../../../../arm-none-eabi/lib/thumb/v7e-m+fp/hard/libc_nano.a(libc_a-mallocr.o)
                0x200001d0                __malloc_free_list
 .bss.displayNumber
                0x200001d4        0x2 CMakeFiles/P2_BlackPill.dir/Core/Src/main.c.obj
                0x200001d4                displayNumber
 *fill*         0x200001d6        0x2 
 .bss.digits    0x200001d8        0x4 CMakeFiles/P2_BlackPill.dir/Core/Src/main.c.obj
                0x200001d8                digits
 .bss.hpcd_USB_OTG_FS
                0x200001dc      0x4e4 CMakeFiles/P2_BlackPill.dir/USB_DEVICE/Target/usbd_conf.c.obj
                0x200001dc                hpcd_USB_OTG_FS
 .bss.uwTick    0x200006c0        0x4 CMakeFiles/P2_BlackPill.dir/Drivers/STM32F4xx_HAL_Driver/Src/stm32f4xx_hal.c.obj
                0x200006c0                uwTick
 .bss.cfgidx.0  0x200006c4        0x1 CMakeFiles/P2_BlackPill.dir/Middlewares/ST/STM32_USB_Device_Library/Core/Src/usbd_ctlreq.c.obj
 *fill*         0x200006c5        0x3 
 .bss.__sbrk_heap_end
                0x200006c8        0x4 CMakeFiles/P2_BlackPill.dir/Core/Src/sysmem.c.obj
 .bss.pxCurrentTCB
                0x200006cc        0x4 libFreeRTOS-Kernel.a(tasks.c.obj)
                0x200006cc                pxCurrentTCB
 .bss.pxReadyTasksLists
                0x200006d0       0x64 libFreeRTOS-Kernel.a(tasks.c.obj)
 .bss.xDelayedTaskList1
                0x20000734       0x14 libFreeRTOS-Kernel.a(tasks.c.obj)
 .bss.xDelayedTaskList2
                0x20000748       0x14 libFreeRTOS-Kernel.a(tasks.c.obj)
 .bss.pxDelayedTaskList
                0x2000075c        0x4 libFreeRTOS-Kernel.a(tasks.c.obj)
 .bss.pxOverflowDelayedTaskList
                0x20000760        0x4 libFreeRTOS-Kernel.a(tasks.c.obj)
 .bss.xPendingReadyList
                0x20000764       0x14 libFreeRTOS-Kernel.a(tasks.c.obj)
 .bss.xSuspendedTaskList
                0x20000778       0x14 libFreeRTOS-Kernel.a(tasks.c.obj)
 .bss.uxCurrentNumberOfTasks
                0x2000078c        0x4 libFreeRTOS-Kernel.a(tasks.c.obj)
 .bss.xTickCount
                0x20000790        0x4 libFreeRTOS-Kernel.a(tasks.c.obj)
 .bss.uxTopReadyPriority
                0x20000794        0x4 libFreeRTOS-Kernel.a(tasks.c.obj)
 .bss.xSchedulerRunning
                0x20000798        0x4 libFreeRTOS-Kernel.a(tasks.c.obj)
 .bss.xPendedTicks
                0x2000079c        0x4 libFreeRTOS-Kernel.a(tasks.c.obj)
 .bss.xYieldPendings
                0x200007a0        0x4 libFreeRTOS-Kernel.a(tasks.c.obj)
 .bss.xNumOfOverflows
                0x200007a4        0x4 libFreeRTOS-Kernel.a(tasks.c.obj)
 .bss.uxTaskNumber
                0x200007a8        0x4 libFreeRTOS-Kernel.a(tasks.c.obj)
 .bss.xNextTaskUnblockTime
                0x200007ac        0x4 libFreeRTOS-Kernel.a(tasks.c.obj)
 .bss.xIdleTaskHandles
                0x200007b0        0x4 libFreeRTOS-Kernel.a(tasks.c.obj)
 .bss.uxSchedulerSuspended
                0x200007b4        0x4 libFreeRTOS-Kernel.a(tasks.c.obj)
 .bss.xActiveTimerList1
                0x200007b8       0x14 libFreeRTOS-Kernel.a(timers.c.obj)
 .bss.xActiveTimerList2
                0x200007cc       0x14 libFreeRTOS-Kernel.a(timers.c.obj)
 .bss.pxCurrentTimerList
                0x200007e0        0x4 libFreeRTOS-Kernel.a(timers.c.obj)
 .bss.pxOverflowTimerList
                0x200007e4        0x4 libFreeRTOS-Kernel.a(timers.c.obj)
 .bss.xTimerQueue
                0x200007e8        0x4 libFreeRTOS-Kernel.a(timers.c.obj)
 .bss.xTimerTaskHandle
                0x200007ec        0x4 libFreeRTOS-Kernel.a(timers.c.obj)
 .bss.xLastTime.2
                0x200007f0        0x4 libFreeRTOS-Kernel.a(timers.c.obj)
 .bss.ucStaticTimerQueueStorage.1
                0x200007f4      0x180 libFreeRTOS-Kernel.a(timers.c.obj)
 .bss.xStaticTimerQueue.0
                0x20000974       0x50 libFreeRTOS-Kernel.a(timers.c.obj)
 .bss.ucHeap    0x200009c4     0x1000 libFreeRTOS-Kernel.a(heap_4.c.obj)
 .bss.xStart    0x200019c4        0x8 libFreeRTOS-Kernel.a(heap_4.c.obj)
 .bss.pxEnd     0x200019cc        0x4 libFreeRTOS-Kernel.a(heap_4.c.obj)
 .bss.xFreeBytesRemaining
                0x200019d0        0x4 libFreeRTOS-Kernel.a(heap_4.c.obj)
 .bss.xMinimumEverFreeBytesRemaining
                0x200019d4        0x4 libFreeRTOS-Kernel.a(heap_4.c.obj)
 .bss.xNumberOfSuccessfulAllocations
                0x200019d8        0x4 libFreeRTOS-Kernel.a(heap_4.c.obj)
 .bss.xNumberOfSuccessfulFrees
                0x200019dc        0x4 libFreeRTOS-Kernel.a(heap_4.c.obj)
 .bss.xIdleTaskTCB.5
                0x200019e0       0x60 libFreeRTOS-Kernel.a(IdleMemory.c.obj)
 .bss.uxIdleTaskStack.4
                0x20001a40      0x400 libFreeRTOS-Kernel.a(IdleMemory.c.obj)
 .bss.xTimerTaskTCB.1
                0x20001e40       0x60 libFreeRTOS-Kernel.a(IdleMemory.c.obj)
 .bss.uxTimerTaskStack.0
                0x20001ea0      0x400 libFreeRTOS-Kernel.a(IdleMemory.c.obj)
 .bss.xQueueRegistry
                0x200022a0       0x20 libFreeRTOS-Kernel.a(queue.c.obj)
                0x200022a0                xQueueRegistry
 *(COMMON)
                0x200022c0                        . = ALIGN (0x4)
                0x200022c0                        _ebss = .
                0x200022c0                        __bss_end__ = _ebss

._user_heap_stack
                0x200022c0      0x600 load address 0x080083dc
                0x200022c0                        . = ALIGN (0x8)
                [!provide]                        PROVIDE (end = .)
                0x200022c0                        PROVIDE (_end = .)
                0x200024c0                        . = (. + _Min_Heap_Size)
 *fill*         0x200022c0      0x200 
                0x200028c0                        . = (. + _Min_Stack_Size)
 *fill*         0x200024c0      0x400 
                0x200028c0                        . = ALIGN (0x8)

/DISCARD/
 libc.a(*)
 libm.a(*)
 libgcc.a(*)

.ARM.attributes
                0x00000000       0x30
 *(.ARM.attributes)
 .ARM.attributes
                0x00000000       0x22 /usr/lib/gcc/arm-none-eabi/14.2.0/thumb/v7e-m+fp/hard/crti.o
 .ARM.attributes
                0x00000022       0x34 /usr/lib/gcc/arm-none-eabi/14.2.0/thumb/v7e-m+fp/hard/crtbegin.o
 .ARM.attributes
                0x00000056       0x34 /usr/lib/gcc/arm-none-eabi/14.2.0/../../../../arm-none-eabi/lib/thumb/v7e-m+fp/hard/libc_nano.a(libc_a-findfp.o)
 .ARM.attributes
                0x0000008a       0x34 /usr/lib/gcc/arm-none-eabi/14.2.0/../../../../arm-none-eabi/lib/thumb/v7e-m+fp/hard/libc_nano.a(libc_a-fwalk.o)
 .ARM.attributes
                0x000000be       0x34 /usr/lib/gcc/arm-none-eabi/14.2.0/../../../../arm-none-eabi/lib/thumb/v7e-m+fp/hard/libc_nano.a(libc_a-stdio.o)
 .ARM.attributes
                0x000000f2       0x34 /usr/lib/gcc/arm-none-eabi/14.2.0/../../../../arm-none-eabi/lib/thumb/v7e-m+fp/hard/libc_nano.a(libc_a-memset.o)
 .ARM.attributes
                0x00000126       0x34 /usr/lib/gcc/arm-none-eabi/14.2.0/../../../../arm-none-eabi/lib/thumb/v7e-m+fp/hard/libc_nano.a(libc_a-closer.o)
 .ARM.attributes
                0x0000015a       0x34 /usr/lib/gcc/arm-none-eabi/14.2.0/../../../../arm-none-eabi/lib/thumb/v7e-m+fp/hard/libc_nano.a(libc_a-reent.o)
 .ARM.attributes
                0x0000018e       0x34 /usr/lib/gcc/arm-none-eabi/14.2.0/../../../../arm-none-eabi/lib/thumb/v7e-m+fp/hard/libc_nano.a(libc_a-impure.o)
 .ARM.attributes
                0x000001c2       0x34 /usr/lib/gcc/arm-none-eabi/14.2.0/../../../../arm-none-eabi/lib/thumb/v7e-m+fp/hard/libc_nano.a(libc_a-lseekr.o)
 .ARM.attributes
                0x000001f6       0x34 /usr/lib/gcc/arm-none-eabi/14.2.0/../../../../arm-none-eabi/lib/thumb/v7e-m+fp/hard/libc_nano.a(libc_a-readr.o)
 .ARM.attributes
                0x0000022a       0x34 /usr/lib/gcc/arm-none-eabi/14.2.0/../../../../arm-none-eabi/lib/thumb/v7e-m+fp/hard/libc_nano.a(libc_a-writer.o)
 .ARM.attributes
                0x0000025e       0x34 /usr/lib/gcc/arm-none-eabi/14.2.0/../../../../arm-none-eabi/lib/thumb/v7e-m+fp/hard/libc_nano.a(libc_a-init.o)
 .ARM.attributes
                0x00000292       0x34 /usr/lib/gcc/arm-none-eabi/14.2.0/../../../../arm-none-eabi/lib/thumb/v7e-m+fp/hard/libc_nano.a(libc_a-lock.o)
 .ARM.attributes
                0x000002c6       0x34 /usr/lib/gcc/arm-none-eabi/14.2.0/../../../../arm-none-eabi/lib/thumb/v7e-m+fp/hard/libc_nano.a(libc_a-freer.o)
 .ARM.attributes
                0x000002fa       0x34 /usr/lib/gcc/arm-none-eabi/14.2.0/../../../../arm-none-eabi/lib/thumb/v7e-m+fp/hard/libc_nano.a(libc_a-mallocr.o)
 .ARM.attributes
                0x0000032e       0x34 /usr/lib/gcc/arm-none-eabi/14.2.0/../../../../arm-none-eabi/lib/thumb/v7e-m+fp/hard/libc_nano.a(libc_a-mlock.o)
 .ARM.attributes
                0x00000362       0x34 /usr/lib/gcc/arm-none-eabi/14.2.0/../../../../arm-none-eabi/lib/thumb/v7e-m+fp/hard/libc_nano.a(libc_a-fflush.o)
 .ARM.attributes
                0x00000396       0x34 /usr/lib/gcc/arm-none-eabi/14.2.0/../../../../arm-none-eabi/lib/thumb/v7e-m+fp/hard/libc_nano.a(libc_a-sbrkr.o)
 .ARM.attributes
                0x000003ca       0x34 CMakeFiles/P2_BlackPill.dir/Core/Src/main.c.obj
 .ARM.attributes
                0x000003fe       0x34 CMakeFiles/P2_BlackPill.dir/Core/Src/main_init.c.obj
 .ARM.attributes
                0x00000432       0x34 CMakeFiles/P2_BlackPill.dir/Core/Src/stm32f4xx_it.c.obj
 .ARM.attributes
                0x00000466       0x34 CMakeFiles/P2_BlackPill.dir/Core/Src/stm32f4xx_hal_msp.c.obj
 .ARM.attributes
                0x0000049a       0x34 CMakeFiles/P2_BlackPill.dir/USB_DEVICE/Target/usbd_conf.c.obj
 .ARM.attributes
                0x000004ce       0x34 CMakeFiles/P2_BlackPill.dir/Drivers/STM32F4xx_HAL_Driver/Src/stm32f4xx_hal_pcd.c.obj
 .ARM.attributes
                0x00000502       0x34 CMakeFiles/P2_BlackPill.dir/Drivers/STM32F4xx_HAL_Driver/Src/stm32f4xx_hal_pcd_ex.c.obj
 .ARM.attributes
                0x00000536       0x34 CMakeFiles/P2_BlackPill.dir/Drivers/STM32F4xx_HAL_Driver/Src/stm32f4xx_ll_usb.c.obj
 .ARM.attributes
                0x0000056a       0x34 CMakeFiles/P2_BlackPill.dir/Drivers/STM32F4xx_HAL_Driver/Src/stm32f4xx_hal_rcc.c.obj
 .ARM.attributes
                0x0000059e       0x34 CMakeFiles/P2_BlackPill.dir/Drivers/STM32F4xx_HAL_Driver/Src/stm32f4xx_hal_gpio.c.obj
 .ARM.attributes
                0x000005d2       0x34 CMakeFiles/P2_BlackPill.dir/Drivers/STM32F4xx_HAL_Driver/Src/stm32f4xx_hal_cortex.c.obj
 .ARM.attributes
                0x00000606       0x34 CMakeFiles/P2_BlackPill.dir/Drivers/STM32F4xx_HAL_Driver/Src/stm32f4xx_hal.c.obj
 .ARM.attributes
                0x0000063a       0x34 CMakeFiles/P2_BlackPill.dir/Core/Src/system_stm32f4xx.c.obj
 .ARM.attributes
                0x0000066e       0x34 CMakeFiles/P2_BlackPill.dir/Middlewares/ST/STM32_USB_Device_Library/Core/Src/usbd_core.c.obj
 .ARM.attributes
                0x000006a2       0x34 CMakeFiles/P2_BlackPill.dir/Middlewares/ST/STM32_USB_Device_Library/Core/Src/usbd_ctlreq.c.obj
 .ARM.attributes
                0x000006d6       0x34 CMakeFiles/P2_BlackPill.dir/Middlewares/ST/STM32_USB_Device_Library/Core/Src/usbd_ioreq.c.obj
 .ARM.attributes
                0x0000070a       0x34 CMakeFiles/P2_BlackPill.dir/Core/Src/sysmem.c.obj
 .ARM.attributes
                0x0000073e       0x34 CMakeFiles/P2_BlackPill.dir/Core/Src/syscalls.c.obj
 .ARM.attributes
                0x00000772       0x21 CMakeFiles/P2_BlackPill.dir/startup_stm32f411xe.s.obj
 .ARM.attributes
                0x00000793       0x34 libFreeRTOS-Kernel.a(tasks.c.obj)
 .ARM.attributes
                0x000007c7       0x34 libFreeRTOS-Kernel.a(list.c.obj)
 .ARM.attributes
                0x000007fb       0x34 libFreeRTOS-Kernel.a(timers.c.obj)
 .ARM.attributes
                0x0000082f       0x34 libFreeRTOS-Kernel.a(heap_4.c.obj)
 .ARM.attributes
                0x00000863       0x34 libFreeRTOS-Kernel.a(port.c.obj)
 .ARM.attributes
                0x00000897       0x34 libFreeRTOS-Kernel.a(IdleMemory.c.obj)
 .ARM.attributes
                0x000008cb       0x34 libFreeRTOS-Kernel.a(queue.c.obj)
 .ARM.attributes
                0x000008ff       0x22 /usr/lib/gcc/arm-none-eabi/14.2.0/thumb/v7e-m+fp/hard/libgcc.a(_aeabi_uldivmod.o)
 .ARM.attributes
                0x00000921       0x34 /usr/lib/gcc/arm-none-eabi/14.2.0/thumb/v7e-m+fp/hard/libgcc.a(_udivmoddi4.o)
 .ARM.attributes
                0x00000955       0x22 /usr/lib/gcc/arm-none-eabi/14.2.0/thumb/v7e-m+fp/hard/libgcc.a(_dvmd_tls.o)
 .ARM.attributes
                0x00000977       0x34 /usr/lib/gcc/arm-none-eabi/14.2.0/../../../../arm-none-eabi/lib/thumb/v7e-m+fp/hard/libg_nano.a(libc_a-printf.o)
 .ARM.attributes
                0x000009ab       0x34 /usr/lib/gcc/arm-none-eabi/14.2.0/../../../../arm-none-eabi/lib/thumb/v7e-m+fp/hard/libg_nano.a(libc_a-puts.o)
 .ARM.attributes
                0x000009df       0x34 /usr/lib/gcc/arm-none-eabi/14.2.0/../../../../arm-none-eabi/lib/thumb/v7e-m+fp/hard/libg_nano.a(libc_a-wbuf.o)
 .ARM.attributes
                0x00000a13       0x34 /usr/lib/gcc/arm-none-eabi/14.2.0/../../../../arm-none-eabi/lib/thumb/v7e-m+fp/hard/libg_nano.a(libc_a-wsetup.o)
 .ARM.attributes
                0x00000a47       0x34 /usr/lib/gcc/arm-none-eabi/14.2.0/../../../../arm-none-eabi/lib/thumb/v7e-m+fp/hard/libg_nano.a(libc_a-errno.o)
 .ARM.attributes
                0x00000a7b       0x34 /usr/lib/gcc/arm-none-eabi/14.2.0/../../../../arm-none-eabi/lib/thumb/v7e-m+fp/hard/libg_nano.a(libc_a-memcpy-stub.o)
 .ARM.attributes
                0x00000aaf       0x34 /usr/lib/gcc/arm-none-eabi/14.2.0/../../../../arm-none-eabi/lib/thumb/v7e-m+fp/hard/libg_nano.a(libc_a-nano-vfprintf.o)
 .ARM.attributes
                0x00000ae3       0x34 /usr/lib/gcc/arm-none-eabi/14.2.0/../../../../arm-none-eabi/lib/thumb/v7e-m+fp/hard/libg_nano.a(libc_a-nano-vfprintf_i.o)
 .ARM.attributes
                0x00000b17       0x34 /usr/lib/gcc/arm-none-eabi/14.2.0/../../../../arm-none-eabi/lib/thumb/v7e-m+fp/hard/libg_nano.a(libc_a-makebuf.o)
 .ARM.attributes
                0x00000b4b       0x34 /usr/lib/gcc/arm-none-eabi/14.2.0/../../../../arm-none-eabi/lib/thumb/v7e-m+fp/hard/libg_nano.a(libc_a-fstatr.o)
 .ARM.attributes
                0x00000b7f       0x34 /usr/lib/gcc/arm-none-eabi/14.2.0/../../../../arm-none-eabi/lib/thumb/v7e-m+fp/hard/libg_nano.a(libc_a-isattyr.o)
 .ARM.attributes
                0x00000bb3       0x1c /usr/lib/gcc/arm-none-eabi/14.2.0/../../../../arm-none-eabi/lib/thumb/v7e-m+fp/hard/libg_nano.a(libc_a-memchr.o)
 .ARM.attributes
                0x00000bcf       0x22 /usr/lib/gcc/arm-none-eabi/14.2.0/thumb/v7e-m+fp/hard/crtn.o
OUTPUT(P2_BlackPill.elf elf32-littlearm)
LOAD linker stubs
LOAD /usr/lib/gcc/arm-none-eabi/14.2.0/../../../../arm-none-eabi/lib/thumb/v7e-m+fp/hard/libc.a
LOAD /usr/lib/gcc/arm-none-eabi/14.2.0/../../../../arm-none-eabi/lib/thumb/v7e-m+fp/hard/libm.a
LOAD /usr/lib/gcc/arm-none-eabi/14.2.0/thumb/v7e-m+fp/hard/libgcc.a

.debug_info     0x00000000    0x2043f
 .debug_info    0x00000000      0xfb8 /usr/lib/gcc/arm-none-eabi/14.2.0/../../../../arm-none-eabi/lib/thumb/v7e-m+fp/hard/libc_nano.a(libc_a-findfp.o)
 .debug_info    0x00000fb8      0x7d2 /usr/lib/gcc/arm-none-eabi/14.2.0/../../../../arm-none-eabi/lib/thumb/v7e-m+fp/hard/libc_nano.a(libc_a-fwalk.o)
 .debug_info    0x0000178a      0xa90 /usr/lib/gcc/arm-none-eabi/14.2.0/../../../../arm-none-eabi/lib/thumb/v7e-m+fp/hard/libc_nano.a(libc_a-stdio.o)
 .debug_info    0x0000221a       0xe0 /usr/lib/gcc/arm-none-eabi/14.2.0/../../../../arm-none-eabi/lib/thumb/v7e-m+fp/hard/libc_nano.a(libc_a-memset.o)
 .debug_info    0x000022fa      0x75d /usr/lib/gcc/arm-none-eabi/14.2.0/../../../../arm-none-eabi/lib/thumb/v7e-m+fp/hard/libc_nano.a(libc_a-closer.o)
 .debug_info    0x00002a57      0x8a1 /usr/lib/gcc/arm-none-eabi/14.2.0/../../../../arm-none-eabi/lib/thumb/v7e-m+fp/hard/libc_nano.a(libc_a-reent.o)
 .debug_info    0x000032f8      0x715 /usr/lib/gcc/arm-none-eabi/14.2.0/../../../../arm-none-eabi/lib/thumb/v7e-m+fp/hard/libc_nano.a(libc_a-impure.o)
 .debug_info    0x00003a0d      0x7a8 /usr/lib/gcc/arm-none-eabi/14.2.0/../../../../arm-none-eabi/lib/thumb/v7e-m+fp/hard/libc_nano.a(libc_a-lseekr.o)
 .debug_info    0x000041b5      0x7bf /usr/lib/gcc/arm-none-eabi/14.2.0/../../../../arm-none-eabi/lib/thumb/v7e-m+fp/hard/libc_nano.a(libc_a-readr.o)
 .debug_info    0x00004974      0x7c5 /usr/lib/gcc/arm-none-eabi/14.2.0/../../../../arm-none-eabi/lib/thumb/v7e-m+fp/hard/libc_nano.a(libc_a-writer.o)
 .debug_info    0x00005139      0x10b /usr/lib/gcc/arm-none-eabi/14.2.0/../../../../arm-none-eabi/lib/thumb/v7e-m+fp/hard/libc_nano.a(libc_a-init.o)
 .debug_info    0x00005244      0x218 /usr/lib/gcc/arm-none-eabi/14.2.0/../../../../arm-none-eabi/lib/thumb/v7e-m+fp/hard/libc_nano.a(libc_a-lock.o)
 .debug_info    0x0000545c      0x851 /usr/lib/gcc/arm-none-eabi/14.2.0/../../../../arm-none-eabi/lib/thumb/v7e-m+fp/hard/libc_nano.a(libc_a-freer.o)
 .debug_info    0x00005cad      0x9bc /usr/lib/gcc/arm-none-eabi/14.2.0/../../../../arm-none-eabi/lib/thumb/v7e-m+fp/hard/libc_nano.a(libc_a-mallocr.o)
 .debug_info    0x00006669      0x76b /usr/lib/gcc/arm-none-eabi/14.2.0/../../../../arm-none-eabi/lib/thumb/v7e-m+fp/hard/libc_nano.a(libc_a-mlock.o)
 .debug_info    0x00006dd4      0x9f2 /usr/lib/gcc/arm-none-eabi/14.2.0/../../../../arm-none-eabi/lib/thumb/v7e-m+fp/hard/libc_nano.a(libc_a-fflush.o)
 .debug_info    0x000077c6      0x782 /usr/lib/gcc/arm-none-eabi/14.2.0/../../../../arm-none-eabi/lib/thumb/v7e-m+fp/hard/libc_nano.a(libc_a-sbrkr.o)
 .debug_info    0x00007f48      0x3e9 CMakeFiles/P2_BlackPill.dir/Core/Src/main.c.obj
 .debug_info    0x00008331      0x627 CMakeFiles/P2_BlackPill.dir/Core/Src/main_init.c.obj
 .debug_info    0x00008958      0x5f8 CMakeFiles/P2_BlackPill.dir/Core/Src/stm32f4xx_it.c.obj
 .debug_info    0x00008f50      0x921 CMakeFiles/P2_BlackPill.dir/Core/Src/stm32f4xx_hal_msp.c.obj
 .debug_info    0x00009871     0x1c05 CMakeFiles/P2_BlackPill.dir/USB_DEVICE/Target/usbd_conf.c.obj
 .debug_info    0x0000b476     0x1577 CMakeFiles/P2_BlackPill.dir/Drivers/STM32F4xx_HAL_Driver/Src/stm32f4xx_hal_pcd.c.obj
 .debug_info    0x0000c9ed      0x6ea CMakeFiles/P2_BlackPill.dir/Drivers/STM32F4xx_HAL_Driver/Src/stm32f4xx_hal_pcd_ex.c.obj
 .debug_info    0x0000d0d7     0x1993 CMakeFiles/P2_BlackPill.dir/Drivers/STM32F4xx_HAL_Driver/Src/stm32f4xx_ll_usb.c.obj
 .debug_info    0x0000ea6a      0x8f0 CMakeFiles/P2_BlackPill.dir/Drivers/STM32F4xx_HAL_Driver/Src/stm32f4xx_hal_rcc.c.obj
 .debug_info    0x0000f35a      0x6f9 CMakeFiles/P2_BlackPill.dir/Drivers/STM32F4xx_HAL_Driver/Src/stm32f4xx_hal_gpio.c.obj
 .debug_info    0x0000fa53      0xcfc CMakeFiles/P2_BlackPill.dir/Drivers/STM32F4xx_HAL_Driver/Src/stm32f4xx_hal_cortex.c.obj
 .debug_info    0x0001074f      0x8c4 CMakeFiles/P2_BlackPill.dir/Drivers/STM32F4xx_HAL_Driver/Src/stm32f4xx_hal.c.obj
 .debug_info    0x00011013      0x53e CMakeFiles/P2_BlackPill.dir/Core/Src/system_stm32f4xx.c.obj
 .debug_info    0x00011551      0xe05 CMakeFiles/P2_BlackPill.dir/Middlewares/ST/STM32_USB_Device_Library/Core/Src/usbd_core.c.obj
 .debug_info    0x00012356      0xade CMakeFiles/P2_BlackPill.dir/Middlewares/ST/STM32_USB_Device_Library/Core/Src/usbd_ctlreq.c.obj
 .debug_info    0x00012e34      0x755 CMakeFiles/P2_BlackPill.dir/Middlewares/ST/STM32_USB_Device_Library/Core/Src/usbd_ioreq.c.obj
 .debug_info    0x00013589      0x168 CMakeFiles/P2_BlackPill.dir/Core/Src/sysmem.c.obj
 .debug_info    0x000136f1      0x6a3 CMakeFiles/P2_BlackPill.dir/Core/Src/syscalls.c.obj
 .debug_info    0x00013d94       0x30 CMakeFiles/P2_BlackPill.dir/startup_stm32f411xe.s.obj
 .debug_info    0x00013dc4     0x22b4 libFreeRTOS-Kernel.a(tasks.c.obj)
 .debug_info    0x00016078      0x2aa libFreeRTOS-Kernel.a(list.c.obj)
 .debug_info    0x00016322     0x1216 libFreeRTOS-Kernel.a(timers.c.obj)
 .debug_info    0x00017538      0x4bc libFreeRTOS-Kernel.a(heap_4.c.obj)
 .debug_info    0x000179f4      0x2f7 libFreeRTOS-Kernel.a(port.c.obj)
 .debug_info    0x00017ceb      0x47e libFreeRTOS-Kernel.a(IdleMemory.c.obj)
 .debug_info    0x00018169     0x1709 libFreeRTOS-Kernel.a(queue.c.obj)
 .debug_info    0x00019872       0x24 /usr/lib/gcc/arm-none-eabi/14.2.0/thumb/v7e-m+fp/hard/libgcc.a(_aeabi_uldivmod.o)
 .debug_info    0x00019896      0x703 /usr/lib/gcc/arm-none-eabi/14.2.0/thumb/v7e-m+fp/hard/libgcc.a(_udivmoddi4.o)
 .debug_info    0x00019f99       0x3c /usr/lib/gcc/arm-none-eabi/14.2.0/thumb/v7e-m+fp/hard/libgcc.a(_dvmd_tls.o)
 .debug_info    0x00019fd5      0x841 /usr/lib/gcc/arm-none-eabi/14.2.0/../../../../arm-none-eabi/lib/thumb/v7e-m+fp/hard/libg_nano.a(libc_a-printf.o)
 .debug_info    0x0001a816      0x950 /usr/lib/gcc/arm-none-eabi/14.2.0/../../../../arm-none-eabi/lib/thumb/v7e-m+fp/hard/libg_nano.a(libc_a-puts.o)
 .debug_info    0x0001b166      0x874 /usr/lib/gcc/arm-none-eabi/14.2.0/../../../../arm-none-eabi/lib/thumb/v7e-m+fp/hard/libg_nano.a(libc_a-wbuf.o)
 .debug_info    0x0001b9da      0x7bb /usr/lib/gcc/arm-none-eabi/14.2.0/../../../../arm-none-eabi/lib/thumb/v7e-m+fp/hard/libg_nano.a(libc_a-wsetup.o)
 .debug_info    0x0001c195      0x6fb /usr/lib/gcc/arm-none-eabi/14.2.0/../../../../arm-none-eabi/lib/thumb/v7e-m+fp/hard/libg_nano.a(libc_a-errno.o)
 .debug_info    0x0001c890      0x121 /usr/lib/gcc/arm-none-eabi/14.2.0/../../../../arm-none-eabi/lib/thumb/v7e-m+fp/hard/libg_nano.a(libc_a-memcpy-stub.o)
 .debug_info    0x0001c9b1     0x1094 /usr/lib/gcc/arm-none-eabi/14.2.0/../../../../arm-none-eabi/lib/thumb/v7e-m+fp/hard/libg_nano.a(libc_a-nano-vfprintf.o)
 .debug_info    0x0001da45      0xde2 /usr/lib/gcc/arm-none-eabi/14.2.0/../../../../arm-none-eabi/lib/thumb/v7e-m+fp/hard/libg_nano.a(libc_a-nano-vfprintf_i.o)
 .debug_info    0x0001e827      0xb15 /usr/lib/gcc/arm-none-eabi/14.2.0/../../../../arm-none-eabi/lib/thumb/v7e-m+fp/hard/libg_nano.a(libc_a-makebuf.o)
 .debug_info    0x0001f33c      0x981 /usr/lib/gcc/arm-none-eabi/14.2.0/../../../../arm-none-eabi/lib/thumb/v7e-m+fp/hard/libg_nano.a(libc_a-fstatr.o)
 .debug_info    0x0001fcbd      0x75d /usr/lib/gcc/arm-none-eabi/14.2.0/../../../../arm-none-eabi/lib/thumb/v7e-m+fp/hard/libg_nano.a(libc_a-isattyr.o)
 .debug_info    0x0002041a       0x25 /usr/lib/gcc/arm-none-eabi/14.2.0/../../../../arm-none-eabi/lib/thumb/v7e-m+fp/hard/libg_nano.a(libc_a-memchr.o)

.debug_abbrev   0x00000000     0x6d86
 .debug_abbrev  0x00000000      0x424 /usr/lib/gcc/arm-none-eabi/14.2.0/../../../../arm-none-eabi/lib/thumb/v7e-m+fp/hard/libc_nano.a(libc_a-findfp.o)
 .debug_abbrev  0x00000424      0x19b /usr/lib/gcc/arm-none-eabi/14.2.0/../../../../arm-none-eabi/lib/thumb/v7e-m+fp/hard/libc_nano.a(libc_a-fwalk.o)
 .debug_abbrev  0x000005bf      0x221 /usr/lib/gcc/arm-none-eabi/14.2.0/../../../../arm-none-eabi/lib/thumb/v7e-m+fp/hard/libc_nano.a(libc_a-stdio.o)
 .debug_abbrev  0x000007e0       0x9e /usr/lib/gcc/arm-none-eabi/14.2.0/../../../../arm-none-eabi/lib/thumb/v7e-m+fp/hard/libc_nano.a(libc_a-memset.o)
 .debug_abbrev  0x0000087e      0x1b0 /usr/lib/gcc/arm-none-eabi/14.2.0/../../../../arm-none-eabi/lib/thumb/v7e-m+fp/hard/libc_nano.a(libc_a-closer.o)
 .debug_abbrev  0x00000a2e      0x1f7 /usr/lib/gcc/arm-none-eabi/14.2.0/../../../../arm-none-eabi/lib/thumb/v7e-m+fp/hard/libc_nano.a(libc_a-reent.o)
 .debug_abbrev  0x00000c25      0x149 /usr/lib/gcc/arm-none-eabi/14.2.0/../../../../arm-none-eabi/lib/thumb/v7e-m+fp/hard/libc_nano.a(libc_a-impure.o)
 .debug_abbrev  0x00000d6e      0x1c4 /usr/lib/gcc/arm-none-eabi/14.2.0/../../../../arm-none-eabi/lib/thumb/v7e-m+fp/hard/libc_nano.a(libc_a-lseekr.o)
 .debug_abbrev  0x00000f32      0x1b0 /usr/lib/gcc/arm-none-eabi/14.2.0/../../../../arm-none-eabi/lib/thumb/v7e-m+fp/hard/libc_nano.a(libc_a-readr.o)
 .debug_abbrev  0x000010e2      0x1b5 /usr/lib/gcc/arm-none-eabi/14.2.0/../../../../arm-none-eabi/lib/thumb/v7e-m+fp/hard/libc_nano.a(libc_a-writer.o)
 .debug_abbrev  0x00001297       0xc9 /usr/lib/gcc/arm-none-eabi/14.2.0/../../../../arm-none-eabi/lib/thumb/v7e-m+fp/hard/libc_nano.a(libc_a-init.o)
 .debug_abbrev  0x00001360      0x115 /usr/lib/gcc/arm-none-eabi/14.2.0/../../../../arm-none-eabi/lib/thumb/v7e-m+fp/hard/libc_nano.a(libc_a-lock.o)
 .debug_abbrev  0x00001475      0x236 /usr/lib/gcc/arm-none-eabi/14.2.0/../../../../arm-none-eabi/lib/thumb/v7e-m+fp/hard/libc_nano.a(libc_a-freer.o)
 .debug_abbrev  0x000016ab      0x24a /usr/lib/gcc/arm-none-eabi/14.2.0/../../../../arm-none-eabi/lib/thumb/v7e-m+fp/hard/libc_nano.a(libc_a-mallocr.o)
 .debug_abbrev  0x000018f5      0x1bf /usr/lib/gcc/arm-none-eabi/14.2.0/../../../../arm-none-eabi/lib/thumb/v7e-m+fp/hard/libc_nano.a(libc_a-mlock.o)
 .debug_abbrev  0x00001ab4      0x2b2 /usr/lib/gcc/arm-none-eabi/14.2.0/../../../../arm-none-eabi/lib/thumb/v7e-m+fp/hard/libc_nano.a(libc_a-fflush.o)
 .debug_abbrev  0x00001d66      0x1da /usr/lib/gcc/arm-none-eabi/14.2.0/../../../../arm-none-eabi/lib/thumb/v7e-m+fp/hard/libc_nano.a(libc_a-sbrkr.o)
 .debug_abbrev  0x00001f40      0x1e0 CMakeFiles/P2_BlackPill.dir/Core/Src/main.c.obj
 .debug_abbrev  0x00002120      0x1b1 CMakeFiles/P2_BlackPill.dir/Core/Src/main_init.c.obj
 .debug_abbrev  0x000022d1      0x18f CMakeFiles/P2_BlackPill.dir/Core/Src/stm32f4xx_it.c.obj
 .debug_abbrev  0x00002460      0x1ac CMakeFiles/P2_BlackPill.dir/Core/Src/stm32f4xx_hal_msp.c.obj
 .debug_abbrev  0x0000260c      0x33f CMakeFiles/P2_BlackPill.dir/USB_DEVICE/Target/usbd_conf.c.obj
 .debug_abbrev  0x0000294b      0x2b6 CMakeFiles/P2_BlackPill.dir/Drivers/STM32F4xx_HAL_Driver/Src/stm32f4xx_hal_pcd.c.obj
 .debug_abbrev  0x00002c01      0x1da CMakeFiles/P2_BlackPill.dir/Drivers/STM32F4xx_HAL_Driver/Src/stm32f4xx_hal_pcd_ex.c.obj
 .debug_abbrev  0x00002ddb      0x2b3 CMakeFiles/P2_BlackPill.dir/Drivers/STM32F4xx_HAL_Driver/Src/stm32f4xx_ll_usb.c.obj
 .debug_abbrev  0x0000308e      0x2b6 CMakeFiles/P2_BlackPill.dir/Drivers/STM32F4xx_HAL_Driver/Src/stm32f4xx_hal_rcc.c.obj
 .debug_abbrev  0x00003344      0x1d3 CMakeFiles/P2_BlackPill.dir/Drivers/STM32F4xx_HAL_Driver/Src/stm32f4xx_hal_gpio.c.obj
 .debug_abbrev  0x00003517      0x31d CMakeFiles/P2_BlackPill.dir/Drivers/STM32F4xx_HAL_Driver/Src/stm32f4xx_hal_cortex.c.obj
 .debug_abbrev  0x00003834      0x24b CMakeFiles/P2_BlackPill.dir/Drivers/STM32F4xx_HAL_Driver/Src/stm32f4xx_hal.c.obj
 .debug_abbrev  0x00003a7f      0x11a CMakeFiles/P2_BlackPill.dir/Core/Src/system_stm32f4xx.c.obj
 .debug_abbrev  0x00003b99      0x27c CMakeFiles/P2_BlackPill.dir/Middlewares/ST/STM32_USB_Device_Library/Core/Src/usbd_core.c.obj
 .debug_abbrev  0x00003e15      0x26f CMakeFiles/P2_BlackPill.dir/Middlewares/ST/STM32_USB_Device_Library/Core/Src/usbd_ctlreq.c.obj
 .debug_abbrev  0x00004084      0x19a CMakeFiles/P2_BlackPill.dir/Middlewares/ST/STM32_USB_Device_Library/Core/Src/usbd_ioreq.c.obj
 .debug_abbrev  0x0000421e       0xbc CMakeFiles/P2_BlackPill.dir/Core/Src/sysmem.c.obj
 .debug_abbrev  0x000042da      0x1b6 CMakeFiles/P2_BlackPill.dir/Core/Src/syscalls.c.obj
 .debug_abbrev  0x00004490       0x24 CMakeFiles/P2_BlackPill.dir/startup_stm32f411xe.s.obj
 .debug_abbrev  0x000044b4      0x38d libFreeRTOS-Kernel.a(tasks.c.obj)
 .debug_abbrev  0x00004841       0xee libFreeRTOS-Kernel.a(list.c.obj)
 .debug_abbrev  0x0000492f      0x32c libFreeRTOS-Kernel.a(timers.c.obj)
 .debug_abbrev  0x00004c5b      0x1f5 libFreeRTOS-Kernel.a(heap_4.c.obj)
 .debug_abbrev  0x00004e50      0x208 libFreeRTOS-Kernel.a(port.c.obj)
 .debug_abbrev  0x00005058      0x169 libFreeRTOS-Kernel.a(IdleMemory.c.obj)
 .debug_abbrev  0x000051c1      0x377 libFreeRTOS-Kernel.a(queue.c.obj)
 .debug_abbrev  0x00005538       0x14 /usr/lib/gcc/arm-none-eabi/14.2.0/thumb/v7e-m+fp/hard/libgcc.a(_aeabi_uldivmod.o)
 .debug_abbrev  0x0000554c      0x16a /usr/lib/gcc/arm-none-eabi/14.2.0/thumb/v7e-m+fp/hard/libgcc.a(_udivmoddi4.o)
 .debug_abbrev  0x000056b6       0x26 /usr/lib/gcc/arm-none-eabi/14.2.0/thumb/v7e-m+fp/hard/libgcc.a(_dvmd_tls.o)
 .debug_abbrev  0x000056dc      0x21a /usr/lib/gcc/arm-none-eabi/14.2.0/../../../../arm-none-eabi/lib/thumb/v7e-m+fp/hard/libg_nano.a(libc_a-printf.o)
 .debug_abbrev  0x000058f6      0x2a7 /usr/lib/gcc/arm-none-eabi/14.2.0/../../../../arm-none-eabi/lib/thumb/v7e-m+fp/hard/libg_nano.a(libc_a-puts.o)
 .debug_abbrev  0x00005b9d      0x22d /usr/lib/gcc/arm-none-eabi/14.2.0/../../../../arm-none-eabi/lib/thumb/v7e-m+fp/hard/libg_nano.a(libc_a-wbuf.o)
 .debug_abbrev  0x00005dca      0x1e2 /usr/lib/gcc/arm-none-eabi/14.2.0/../../../../arm-none-eabi/lib/thumb/v7e-m+fp/hard/libg_nano.a(libc_a-wsetup.o)
 .debug_abbrev  0x00005fac      0x15e /usr/lib/gcc/arm-none-eabi/14.2.0/../../../../arm-none-eabi/lib/thumb/v7e-m+fp/hard/libg_nano.a(libc_a-errno.o)
 .debug_abbrev  0x0000610a       0xc1 /usr/lib/gcc/arm-none-eabi/14.2.0/../../../../arm-none-eabi/lib/thumb/v7e-m+fp/hard/libg_nano.a(libc_a-memcpy-stub.o)
 .debug_abbrev  0x000061cb      0x316 /usr/lib/gcc/arm-none-eabi/14.2.0/../../../../arm-none-eabi/lib/thumb/v7e-m+fp/hard/libg_nano.a(libc_a-nano-vfprintf.o)
 .debug_abbrev  0x000064e1      0x28e /usr/lib/gcc/arm-none-eabi/14.2.0/../../../../arm-none-eabi/lib/thumb/v7e-m+fp/hard/libg_nano.a(libc_a-nano-vfprintf_i.o)
 .debug_abbrev  0x0000676f      0x290 /usr/lib/gcc/arm-none-eabi/14.2.0/../../../../arm-none-eabi/lib/thumb/v7e-m+fp/hard/libg_nano.a(libc_a-makebuf.o)
 .debug_abbrev  0x000069ff      0x1c3 /usr/lib/gcc/arm-none-eabi/14.2.0/../../../../arm-none-eabi/lib/thumb/v7e-m+fp/hard/libg_nano.a(libc_a-fstatr.o)
 .debug_abbrev  0x00006bc2      0x1b0 /usr/lib/gcc/arm-none-eabi/14.2.0/../../../../arm-none-eabi/lib/thumb/v7e-m+fp/hard/libg_nano.a(libc_a-isattyr.o)
 .debug_abbrev  0x00006d72       0x14 /usr/lib/gcc/arm-none-eabi/14.2.0/../../../../arm-none-eabi/lib/thumb/v7e-m+fp/hard/libg_nano.a(libc_a-memchr.o)

.debug_loclists
                0x00000000     0x2731
 .debug_loclists
                0x00000000      0x2b6 /usr/lib/gcc/arm-none-eabi/14.2.0/../../../../arm-none-eabi/lib/thumb/v7e-m+fp/hard/libc_nano.a(libc_a-findfp.o)
 .debug_loclists
                0x000002b6       0x91 /usr/lib/gcc/arm-none-eabi/14.2.0/../../../../arm-none-eabi/lib/thumb/v7e-m+fp/hard/libc_nano.a(libc_a-fwalk.o)
 .debug_loclists
                0x00000347      0x25d /usr/lib/gcc/arm-none-eabi/14.2.0/../../../../arm-none-eabi/lib/thumb/v7e-m+fp/hard/libc_nano.a(libc_a-stdio.o)
 .debug_loclists
                0x000005a4       0x4d /usr/lib/gcc/arm-none-eabi/14.2.0/../../../../arm-none-eabi/lib/thumb/v7e-m+fp/hard/libc_nano.a(libc_a-memset.o)
 .debug_loclists
                0x000005f1       0x58 /usr/lib/gcc/arm-none-eabi/14.2.0/../../../../arm-none-eabi/lib/thumb/v7e-m+fp/hard/libc_nano.a(libc_a-closer.o)
 .debug_loclists
                0x00000649       0x9c /usr/lib/gcc/arm-none-eabi/14.2.0/../../../../arm-none-eabi/lib/thumb/v7e-m+fp/hard/libc_nano.a(libc_a-reent.o)
 .debug_loclists
                0x000006e5       0xa0 /usr/lib/gcc/arm-none-eabi/14.2.0/../../../../arm-none-eabi/lib/thumb/v7e-m+fp/hard/libc_nano.a(libc_a-lseekr.o)
 .debug_loclists
                0x00000785       0xa0 /usr/lib/gcc/arm-none-eabi/14.2.0/../../../../arm-none-eabi/lib/thumb/v7e-m+fp/hard/libc_nano.a(libc_a-readr.o)
 .debug_loclists
                0x00000825       0xa0 /usr/lib/gcc/arm-none-eabi/14.2.0/../../../../arm-none-eabi/lib/thumb/v7e-m+fp/hard/libc_nano.a(libc_a-writer.o)
 .debug_loclists
                0x000008c5       0x54 /usr/lib/gcc/arm-none-eabi/14.2.0/../../../../arm-none-eabi/lib/thumb/v7e-m+fp/hard/libc_nano.a(libc_a-init.o)
 .debug_loclists
                0x00000919       0x29 /usr/lib/gcc/arm-none-eabi/14.2.0/../../../../arm-none-eabi/lib/thumb/v7e-m+fp/hard/libc_nano.a(libc_a-lock.o)
 .debug_loclists
                0x00000942       0xe0 /usr/lib/gcc/arm-none-eabi/14.2.0/../../../../arm-none-eabi/lib/thumb/v7e-m+fp/hard/libc_nano.a(libc_a-freer.o)
 .debug_loclists
                0x00000a22      0x23a /usr/lib/gcc/arm-none-eabi/14.2.0/../../../../arm-none-eabi/lib/thumb/v7e-m+fp/hard/libc_nano.a(libc_a-mallocr.o)
 .debug_loclists
                0x00000c5c       0x46 /usr/lib/gcc/arm-none-eabi/14.2.0/../../../../arm-none-eabi/lib/thumb/v7e-m+fp/hard/libc_nano.a(libc_a-mlock.o)
 .debug_loclists
                0x00000ca2      0x209 /usr/lib/gcc/arm-none-eabi/14.2.0/../../../../arm-none-eabi/lib/thumb/v7e-m+fp/hard/libc_nano.a(libc_a-fflush.o)
 .debug_loclists